D/DefContainer( 2602): Copying /data/local/tmp/d41d919467a119181b803511728c1e1b.apk to base.apk
I/Icing   ( 1275): Indexing 79260856AA7B0CAB9E9D6B09BA597653F2AF44FE from com.google.android.gms
I/Icing   ( 1275): Indexing done 79260856AA7B0CAB9E9D6B09BA597653F2AF44FE
W/Conscrypt(  917): Could not set socket write timeout:
W/Conscrypt(  917):    java.lang.reflect.Method.invoke(Native Method)
W/Conscrypt(  917):    java.lang.reflect.Method.invoke(Method.java:372)
W/Conscrypt(  917): Could not set socket write timeout:
W/Conscrypt(  917):    java.lang.reflect.Method.invoke(Native Method)
W/Conscrypt(  917):    java.lang.reflect.Method.invoke(Method.java:372)
W/GLSUser (  917): [AppCertManager] IOException while requesting key: 
W/GLSUser (  917): java.io.IOException: Invalid device key response.
W/GLSUser (  917): 	at ezl.a(:com.google.android.gms@11746270:14)
W/GLSUser (  917): 	at ezl.a(:com.google.android.gms@11746270:65)
W/GLSUser (  917): 	at ezj.a(:com.google.android.gms@11746270:8)
W/GLSUser (  917): 	at ezf.a(:com.google.android.gms@11746270:1)
W/GLSUser (  917): 	at eze.a(:com.google.android.gms@11746270:10)
W/GLSUser (  917): 	at com.google.android.gms.auth.account.be.legacy.AuthCronChimeraService.b(:com.google.android.gms@11746270:7)
W/GLSUser (  917): 	at eeg.call(:com.google.android.gms@11746270:3)
W/GLSUser (  917): 	at java.util.concurrent.FutureTask.run(FutureTask.java:237)
W/GLSUser (  917): 	at mnk.run(:com.google.android.gms@11746270:26)
W/GLSUser (  917): 	at java.util.concurrent.ThreadPoolExecutor.runWorker(ThreadPoolExecutor.java:1112)
W/GLSUser (  917): 	at java.util.concurrent.ThreadPoolExecutor$Worker.run(ThreadPoolExecutor.java:587)
W/GLSUser (  917): 	at msv.run(:com.google.android.gms@11746270)
W/GLSUser (  917): 	at java.lang.Thread.run(Thread.java:818)
D/PackageManager(  654): Renaming /data/app/vmdl507436055.tmp to /data/app/com.quikr-1
I/PackageManager(  654): Running dexopt on: /data/app/com.quikr-1/base.apk pkg=com.quikr isa=x86 vmSafeMode=false
E/cutils-trace( 3071): Error opening trace file: Permission denied (13)
I/dex2oat ( 3071): /system/bin/dex2oat --zip-fd=5 --zip-location=/data/app/com.quikr-1/base.apk --oat-fd=6 --oat-location=/data/dalvik-cache/x86/data@app@com.quikr-1@base.apk@classes.dex --instruction-set=x86 --instruction-set-features=default --runtime-arg -Xms64m --runtime-arg -Xmx512m --swap-fd=7
I/WearableService(  917): Wearable Services stopping
I/dex2oat ( 3071): Decided to run without swap.
W/dex2oat ( 3071): Before Android 4.1, method android.graphics.PorterDuffColorFilter android.support.graphics.drawable.VectorDrawableCompat.updateTintFilter(android.graphics.PorterDuffColorFilter, android.content.res.ColorStateList, android.graphics.PorterDuff$Mode) would have incorrectly overridden the package-private method in android.graphics.drawable.Drawable
W/dex2oat ( 3071): Before Android 4.1, method int android.support.v7.widget.ListViewCompat.lookForSelectablePosition(int, boolean) would have incorrectly overridden the package-private method in android.widget.ListView
W/dex2oat ( 3071): Before Android 4.1, method void com.quikr.old.AutoScrollListView.resetList() would have incorrectly overridden the package-private method in android.widget.AbsListView
W/dex2oat ( 3071): Before Android 4.1, method void com.quikr.old.AutoScrollGridView.resetList() would have incorrectly overridden the package-private method in android.widget.AbsListView
I/GoogleURLConnFactory(  917): Using platform SSLCertificateSocketFactory
I/GoogleURLConnFactory(  917): Using platform SSLCertificateSocketFactory
I/dex2oat ( 3071): dex2oat took 4.656s (threads: 4) arena alloc=2MB java alloc=29MB native alloc=49MB free=14MB
W/PackageManager(  654): Unknown permission com.quikr.permission.MAPS_RECEIVE in package com.quikr
V/BackupManagerService(  654): restoreAtInstall pkg=com.quikr token=3 restoreSet=0
V/BackupManagerService(  654): Finishing install immediately
W/Settings(  654): Setting install_non_market_apps has moved from android.provider.Settings.Global to android.provider.Settings.Secure, returning read-only value.
I/InputReader(  654): Reconfiguring input devices.  changes=0x00000010
D/Documents( 2669): Update found 6 roots in 7ms
D/BackupManagerService(  654): Received broadcast Intent { act=android.intent.action.PACKAGE_ADDED dat=package:com.quikr flg=0x4000010 (has extras) }
W/BackupManagerService(  654): Removing schedule queue dupe of com.quikr
I/WearableService(  917): Wearable Services not starting - Wear is not available on this device.
D/WearableService(  917): onGetService - Wear is not available on this device.
E/Finsky  ( 1928): [1] com.google.android.finsky.wear.bl.a(3): onConnectionFailed: ConnectionResult{statusCode=API_UNAVAILABLE, resolution=null, message=null}
W/Finsky  ( 1928): [1] com.google.android.finsky.wear.aj.run(9): Dropping command=auto_install due to Gms not connected
W/Finsky  ( 1928): [1] com.google.android.finsky.wear.aj.run(9): Dropping command=send_installed_apps due to Gms not connected
I/ActivityManager(  654): Killing 2448:com.google.android.gms:car/u0a60 (adj 15): empty #17
W/libprocessgroup(  654): failed to open /acct/uid_10060/pid_2448/cgroup.procs: No such file or directory
I/art     (  654): Explicit concurrent mark sweep GC freed 189469(9MB) AllocSpace objects, 12(1678KB) LOS objects, 33% free, 11MB/16MB, paused 709us total 70.444ms
I/art     ( 3045): System.exit called, status: 0
I/AndroidRuntime( 3045): VM exiting with result code 0.
D/Wear_Controller( 1275): Received broadcast action=android.intent.action.PACKAGE_ADDED and uri=com.quikr
W/Searchables(  654): No global search activity found
W/VoiceInteractionManagerService(  654): no available voice recognition services found for user 0
I/Icing   ( 1275): IndexChimeraService.getServiceInterface callingPackage=com.google.android.gms componentName=AppsCorpus serviceId=32
I/Icing   ( 1275): IndexChimeraService.getServiceInterface callingPackage=com.google.android.gms componentName=AppsCorpus serviceId=36
D/Launcher.Workspace(  984): 11683562 - removeExtraEmptyScreen()
D/Launcher.Workspace(  984): 11683562 - convertFinalScreenToEmptyScreenIfNecessary()
I/Icing   ( 1275): Usage reports ok 0, Failed Usage reports 0, indexed 0, rejected 0, imm upload false
I/Icing   ( 1275): Usage reports ok 0, Failed Usage reports 0, indexed 0, rejected 0, imm upload false
I/Icing   ( 1275): Indexing 79260856AA7B0CAB9E9D6B09BA597653F2AF44FE from com.google.android.gms
I/Icing   ( 1275): Indexing done 79260856AA7B0CAB9E9D6B09BA597653F2AF44FE
W/ActivityManager(  654): Unable to start service Intent { act=com.google.android.gms.drive.ApiService.RESET_AFTER_BOOT flg=0x4 cmp=com.google.android.gms/.drive.api.ApiService (has extras) } U=0: not found
D/AndroidRuntime( 3103): >>>>>> START com.android.internal.os.RuntimeInit uid 0 <<<<<<
D/AndroidRuntime( 3103): CheckJNI is OFF
W/linker  ( 3103): libhoudini.so has text relocations. This is wasting memory and prevents security hardening. Please fix.
E/memtrack( 3103): Couldn't load memtrack module (No such file or directory)
E/android.os.Debug( 3103): failed to load memtrack module: -2
D/AndroidRuntime( 3103): Calling main entry com.android.commands.uiautomator.Launcher
I/UiWatchers( 3103): Registed GUI Exception watchers
D/AndroidRuntime( 3122): >>>>>> START com.android.internal.os.RuntimeInit uid 0 <<<<<<
D/AndroidRuntime( 3122): CheckJNI is OFF
W/linker  ( 3122): libhoudini.so has text relocations. This is wasting memory and prevents security hardening. Please fix.
E/memtrack( 3122): Couldn't load memtrack module (No such file or directory)
E/android.os.Debug( 3122): failed to load memtrack module: -2
D/AndroidRuntime( 3122): Calling main entry com.android.commands.am.Am
I/ActivityManager(  654): Force stopping com.quikr appid=10216 user=0: from pid 3122
I/ActivityManager(  654): START u0 {act=android.intent.action.MAIN cat=[android.intent.category.LAUNCHER] flg=0x10200000 cmp=com.quikr/.old.SplashActivity} from uid 0 on display 0
V/WindowManager(  654): addAppToken: AppWindowToken{ef9633 token=Token{3eb9b9a2 ActivityRecord{3b37996d u0 com.quikr/.old.SplashActivity t239}}} to stack=1 task=239 at 0
E/libprocessgroup( 3137): failed to make and chown /acct/uid_10216: Read-only file system
W/Zygote  ( 3137): createProcessGroup failed, kernel missing CONFIG_CGROUP_CPUACCT?
I/ActivityManager(  654): Start proc 3137:com.quikr/u0a216 for activity com.quikr/.old.SplashActivity
V/WindowManager(  654): Adding window Window{30204b08 u0 Starting com.quikr} at 2 of 7 (after Window{2a1bcf02 u0 com.android.launcher3/com.android.launcher3.Launcher})
I/FA      ( 3137): App measurement is starting up, version: 10084
I/FA      ( 3137): To enable debug logging run: adb shell setprop log.tag.FA VERBOSE
I/FA      ( 3137): To enable faster debug mode event logging run:
I/FA      ( 3137):   adb shell setprop debug.firebase.analytics.app com.quikr
W/System  ( 3137): Ignoring header Content-Type because its value was null.
I/GAv4    ( 3137): Google Analytics 10.0.84 is starting up. To enable debug logging on a device run:
I/GAv4    ( 3137):   adb shell setprop log.tag.GAv4 DEBUG
I/GAv4    ( 3137):   adb logcat -s GAv4
W/GAv4    ( 3137): bool configuration name not recognized: ga_dryRun
E/SQLiteLog( 3137): (1) duplicate column name: subcat_id
W/GAv4    ( 3137): bool configuration name not recognized: ga_dryRun
W/art     ( 3137): Before Android 4.1, method android.graphics.PorterDuffColorFilter android.support.graphics.drawable.VectorDrawableCompat.updateTintFilter(android.graphics.PorterDuffColorFilter, android.content.res.ColorStateList, android.graphics.PorterDuff$Mode) would have incorrectly overridden the package-private method in android.graphics.drawable.Drawable
W/ResourcesManager( 3137): Asset path '/system/framework/com.android.media.remotedisplay.jar' does not exist or contains no resources.
W/ResourcesManager( 3137): Asset path '/system/framework/com.android.location.provider.jar' does not exist or contains no resources.
I/GAv4-SVC( 1275): Google Analytics 11.7.46 is starting up.
W/System  ( 3137): Ignoring header Content-Type because its value was null.
D/OpenGLRenderer( 3137): Use EGL_SWAP_BEHAVIOR_PRESERVED: true
D/        ( 3137): HostConnection::get() New Host Connection established 0xf3fc7680, tid 3137
D/Atlas   ( 3137): Validating map...
V/WindowManager(  654): Adding window Window{3f2f0180 u0 com.quikr/com.quikr.old.SplashActivity} at 2 of 8 (before Window{30204b08 u0 Starting com.quikr})
W/System  ( 3137): Ignoring header Content-Type because its value was null.
W/ResourcesManager( 3137): Asset path '/system/framework/com.android.media.remotedisplay.jar' does not exist or contains no resources.
W/ResourcesManager( 3137): Asset path '/system/framework/com.android.location.provider.jar' does not exist or contains no resources.
E/QueryController( 3103): Got null root node from accessibility - Retrying...
D/DynamitePackage( 3137): Instantiated singleton DynamitePackage.
D/DynamitePackage( 3137): Instantiating com.google.android.gms.ads.ChimeraAdManagerCreatorImpl
E/cutils-trace( 3220): Error opening trace file: Permission denied (13)
I/dex2oat ( 3220): /system/bin/dex2oat --runtime-arg -classpath --runtime-arg  --instruction-set=x86 --instruction-set-features=default --runtime-arg -Xrelocate --boot-image=/system/framework/boot.art --dex-file=/data/data/com.quikr/cache/1501670890290.jar --oat-fd=53 --oat-location=/data/data/com.quikr/cache/1501670890290.dex --runtime-arg -Xms64m --runtime-arg -Xmx512m
I/dex2oat ( 3220): dex2oat took 26.023ms (threads: 4) arena alloc=98KB java alloc=28KB native alloc=1312KB free=6MB
I/Ads     ( 3137): Starting ad request.
I/Ads     ( 3137): Use AdRequest.Builder.addTestDevice("0BEA1056F512396E3C2B40FD0D2F8BBA") to get test ads on this device.
D/libEGL  ( 3137): loaded /system/lib/egl/libEGL_emulation.so
D/libEGL  ( 3137): loaded /system/lib/egl/libGLESv1_CM_emulation.so
D/libEGL  ( 3137): loaded /system/lib/egl/libGLESv2_emulation.so
E/QueryController( 3103): Got null root node from accessibility - Retrying...
D/        ( 3137): HostConnection::get() New Host Connection established 0xeedd8bd0, tid 3202
I/WebViewFactory( 3137): Loading com.android.webview version 39 (eng.genymotion-x86) (code 399997)
I/OpenGLRenderer( 3137): Initialized EGL, version 1.4
I/LibraryLoader( 3137): Time to load native libraries: 44 ms (timestamps 2716-2760)
I/LibraryLoader( 3137): Expected native library version number "",actual native library version number ""
W/art     ( 3137): Attempt to remove local handle scope entry from IRT, ignoring
D/OpenGLRenderer( 3137): Enabling debug mode 0
W/EGL_emulation( 3137): eglSurfaceAttrib not implemented
W/OpenGLRenderer( 3137): Failed to set EGL_SWAP_BEHAVIOR on surface 0xeedfa6a0, error=EGL_SUCCESS
V/WindowManager(  654): Adding window Window{327d62e5 u0 SurfaceView} at 2 of 9 (before Window{3f2f0180 u0 com.quikr/com.quikr.old.SplashActivity})
I/MediaFocusControl(  654):  AudioFocus  requestAudioFocus() from android.media.AudioManager@156074fa req=1flags=0x0
E/cutils-trace(  372): Error opening trace file: Permission denied (13)
W/ALooperRoster(  372): failed to post message. Target handler 0 still registered, but object gone.
V/FFmpegExtractor(  372): SniffFFMPEG
I/FFmpegExtractor(  372): android-source:0xf28241c0
D/FFMPEG  (  372): android source begin open
D/FFMPEG  (  372): android open, url: android-source:0xf28241c0
D/FFMPEG  (  372): ffmpeg open android data source success, source ptr: 0xf28241c0
D/FFMPEG  (  372): android source open success
I/FFMPEG  (  372): Input #0, mov,mp4,m4a,3gp,3g2,mj2, from 'android-source:0xf28241c0':
I/FFMPEG  (  372):   Metadata:
I/FFMPEG  (  372):     major_brand     : mp42
I/FFMPEG  (  372):     minor_version   : 0
I/FFMPEG  (  372):     compatible_brands: mp42mp41
I/FFMPEG  (  372):     creation_time   : 2015-12-11 12:12:12
I/FFMPEG  (  372):   Duration: 00:00:02.54, start: 0.000000, bitrate: 285 kb/s
I/FFMPEG  (  372):     Stream #0:0(eng): Video: h264 (Main) (avc1 / 0x31637661), yuv420p(tv, bt709), 1080x1920, 214 kb/s, 24 fps, 24 tbr, 24k tbn, 48 tbc (default)
I/FFMPEG  (  372):     Metadata:
I/FFMPEG  (  372):       creation_time   : 2015-12-11 12:12:12
I/FFMPEG  (  372):       handler_name    : Alias Data Handler
I/FFMPEG  (  372):       encoder         : AVC Coding
I/FFmpegExtractor(  372): FFmpegExtrator, url: android-source:0xf28241c0, format_name: mov,mp4,m4a,3gp,3g2,mj2, format_long_name: QuickTime / MOV
I/FFmpegExtractor(  372): list the formats suppoted by ffmpeg: 
I/FFmpegExtractor(  372): ========================================
V/FFmpegExtractor(  372): format_names[00]: mpeg
V/FFmpegExtractor(  372): format_names[01]: mpegts
V/FFmpegExtractor(  372): format_names[02]: mov,mp4,m4a,3gp,3g2,mj2
V/FFmpegExtractor(  372): format_names[03]: matroska,webm
V/FFmpegExtractor(  372): format_names[04]: asf
V/FFmpegExtractor(  372): format_names[05]: rm
V/FFmpegExtractor(  372): format_names[06]: flv
V/FFmpegExtractor(  372): format_names[07]: swf
V/FFmpegExtractor(  372): format_names[08]: avi
V/FFmpegExtractor(  372): format_names[09]: ape
V/FFmpegExtractor(  372): format_names[10]: dts
V/FFmpegExtractor(  372): format_names[11]: flac
V/FFmpegExtractor(  372): format_names[12]: ac3
V/FFmpegExtractor(  372): format_names[13]: wav
V/FFmpegExtractor(  372): format_names[14]: ogg
V/FFmpegExtractor(  372): format_names[15]: vc1
V/FFmpegExtractor(  372): format_names[16]: hevc
I/FFmpegExtractor(  372): ========================================
V/FFmpegExtractor(  372): major_brand tag is:mp42
D/FFmpegExtractor(  372): suppoted codec(h264) by official Stagefright
D/FFMPEG  (  372): android source close
I/FFmpegExtractor(  372): sniff through BetterSniffFFMPEG success
D/FFmpegExtractor(  372): ffmpeg detected media content as 'video/mp4' with confidence 0.08
I/SampleTable(  372): There are reordered frames present.
I/ActivityManager(  654): Killing 2232:com.android.providers.calendar/u0a1 (adj 15): empty #17
W/libprocessgroup(  654): failed to open /acct/uid_10001/pid_2232/cgroup.procs: No such file or directory
E/QueryController( 3103): Got null root node from accessibility - Retrying...
I/ActivityManager(  654): Displayed com.quikr/.old.SplashActivity: +1s281ms
D/AndroidRuntime( 3122): Shutting down VM
D/MediaPlayer( 3137): getMetadata
I/FA      ( 3137): Tag Manager is not found and thus will not be used
I/WearableService(  917): Wearable Services stopping
I/WebViewFactory( 1275): Loading com.android.webview version 39 (eng.genymotion-x86) (code 399997)
I/LibraryLoader( 1275): Time to load native libraries: 4 ms (timestamps 3371-3375)
I/LibraryLoader( 1275): Expected native library version number "",actual native library version number ""
V/WebViewChromiumFactoryProvider( 1275): Binding Chromium to main looper Looper (main, tid 1) {2dbe27d5}
I/LibraryLoader( 1275): Expected native library version number "",actual native library version number ""
I/chromium( 1275): [INFO:library_loader_hooks.cc(104)] Chromium logging enabled: level = 0, default verbosity = 0
I/BrowserStartupController( 1275): Initializing chromium process, singleProcess=true
W/art     ( 1275): Attempt to remove local handle scope entry from IRT, ignoring
D/NuPlayerDriver(  372): start(0xf584ed00)
I/GenericSource(  372): start
W/linker  (  372): libswscale.so has text relocations. This is wasting memory and prevents security hardening. Please fix.
D/SoftFFmpegVideo(  372): SoftFFmpegVideo component: OMX.ffmpeg.h264.decoder mMode: 0 appData: 0xf585c700
W/OMXNodeInstance(  372): [32:ffmpeg.h264.decoder] component does not support metadata mode; using fallback
E/ACodec  (  372): [OMX.ffmpeg.h264.decoder] storeMetaDataInBuffers failed w/ err -1010
V/SoftFFmpegVideo(  372): got OMX_IndexParamPortDefinition, width: 1080, height: 1920
E/OMXNodeInstance(  372): getConfig(32:ffmpeg.h264.decoder, ConfigCommonOutputCrop(0x700000f)) ERROR: Undefined(0x80001001)
I/SoftFFmpegVideo(  372): got extradata, ignore: 0, size: 29
I/SoftFFmpegVideo(  372): got extradata, ignore: 0, size: 8
I/SoftFFmpegVideo(  372): extradata is ready, size: 37
D/SoftFFmpegVideo(  372): begin to open ffmpeg decoder(h264) now
D/SoftFFmpegVideo(  372): open ffmpeg video decoder(h264) success
I/SoftFFmpegVideo(  372): ffmpeg video port setting change event(320x240)->(1080x1920).
E/OMXNodeInstance(  372): getConfig(32:ffmpeg.h264.decoder, ConfigCommonOutputCrop(0x700000f)) ERROR: Undefined(0x80001001)
W/MediaPlayer( 3137): info/warning (3, 0)
D/        (  372): HostConnection::get() New Host Connection established 0xf282e5e0, tid 3299
W/chromium( 1275): [WARNING:resource_bundle.cc(304)] locale_file_path.empty()
I/chromium( 1275): [INFO:aw_browser_main_parts.cc(65)] Load from apk succesful, fd=187 off=46184 len=3037
I/chromium( 1275): [INFO:aw_browser_main_parts.cc(78)] Loading webviewchromium.pak from, fd:196 off:229484 len:1089587
I/SoftFFmpegVideo(  372): ffmpeg video decoder failed to get frame.
D/libEGL  ( 1275): loaded /system/lib/egl/libEGL_emulation.so
D/libEGL  ( 1275): loaded /system/lib/egl/libGLESv1_CM_emulation.so
D/libEGL  ( 1275): loaded /system/lib/egl/libGLESv2_emulation.so
D/        ( 1275): HostConnection::get() New Host Connection established 0xf3fe3e80, tid 1275
W/System  ( 3137): Ignoring header Content-Type because its value was null.
W/art     ( 3103): Long monitor contention event with owner method=void java.lang.Thread.sleep!(java.lang.Object, long, int) from Thread.java:4294967294 waiters=0 for 597ms
E/BluetoothAdapter( 1275): Bluetooth binder is null
W/chromium( 1275): [WARNING:mailbox_synchronizer.cc(41)] MailboxSync not supported due to missing EGL image/fence support
W/chromium( 1275): [WARNING:data_reduction_proxy_settings.cc(331)] SPDY proxy OFF at startup
W/art     ( 1275): Attempt to remove local handle scope entry from IRT, ignoring
W/AwContents( 1275): onDetachedFromWindow called when already detached. Ignoring
W/art     ( 1275): Attempt to remove local handle scope entry from IRT, ignoring
W/art     ( 1275): Attempt to remove local handle scope entry from IRT, ignoring
I/chromium( 1275): [INFO:CONSOLE(0)] "Document was loaded from Application Cache with manifest https://googleads.g.doubleclick.net/mads/static/mad/sdk/native/sdk-core-v40-loader.appcache", source: https://googleads.g.doubleclick.net/mads/static/mad/sdk/native/sdk-core-v40-loader.html (0)
I/chromium( 1275): [INFO:CONSOLE(0)] "Application Cache Checking event", source: https://googleads.g.doubleclick.net/mads/static/mad/sdk/native/sdk-core-v40-loader.html (0)
I/chromium( 1275): [INFO:CONSOLE(0)] "Application Cache NoUpdate event", source: https://googleads.g.doubleclick.net/mads/static/mad/sdk/native/sdk-core-v40-loader.html (0)
I/Ads     ( 3137): Trying mediation network: null
I/Ads     ( 3137): Instantiating mediation adapter: com.google.ads.mediation.admob.AdMobAdapter
W/Ads     ( 3137): Server parameters: {"pubid":"\/81214979\/Android_Interstitial_1"}
D/DynamitePackage( 3137): Instantiating com.google.android.gms.ads.ChimeraAdManagerCreatorImpl
I/Ads     ( 3137): Starting ad request.
I/Ads     ( 3137): Use AdRequest.Builder.addTestDevice("0BEA1056F512396E3C2B40FD0D2F8BBA") to get test ads on this device.
V/WebViewChromiumFactoryProvider( 3137): Binding Chromium to main looper Looper (main, tid 1) {31656b80}
I/LibraryLoader( 3137): Expected native library version number "",actual native library version number ""
I/chromium( 3137): [INFO:library_loader_hooks.cc(104)] Chromium logging enabled: level = 0, default verbosity = 0
I/BrowserStartupController( 3137): Initializing chromium process, singleProcess=true
W/art     ( 3137): Attempt to remove local handle scope entry from IRT, ignoring
W/AudioManagerAndroid( 3137): Requires BLUETOOTH permission
W/chromium( 3137): [WARNING:resource_bundle.cc(304)] locale_file_path.empty()
I/chromium( 3137): [INFO:aw_browser_main_parts.cc(65)] Load from apk succesful, fd=72 off=46184 len=3037
I/chromium( 3137): [INFO:aw_browser_main_parts.cc(78)] Loading webviewchromium.pak from, fd:73 off:229484 len:1089587
W/chromium( 3137): [WARNING:mailbox_synchronizer.cc(41)] MailboxSync not supported due to missing EGL image/fence support
W/chromium( 3137): [WARNING:data_reduction_proxy_settings.cc(331)] SPDY proxy OFF at startup
W/art     ( 3137): Attempt to remove local handle scope entry from IRT, ignoring
W/AwContents( 3137): onDetachedFromWindow called when already detached. Ignoring
W/art     ( 3137): Attempt to remove local handle scope entry from IRT, ignoring
W/art     ( 3137): Attempt to remove local handle scope entry from IRT, ignoring
W/chromium( 3137): [WARNING:simple_index_file.cc(337)] Could not map Simple Index file.
I/art     (  654): Explicit concurrent mark sweep GC freed 16396(725KB) AllocSpace objects, 4(66KB) LOS objects, 33% free, 21MB/32MB, paused 619us total 37.720ms
D/SoftFFmpegVideo(  372): ffmpeg video decoder empty eos inbuf
I/SoftFFmpegVideo(  372): ffmpeg video decoder failed to get frame.
D/SoftFFmpegVideo(  372): ffmpeg video decoder fill eos outbuf
I/MediaFocusControl(  654):  AudioFocus  abandonAudioFocus() from android.media.AudioManager@156074fa
D/NuPlayerDriver(  372): reset(0xf584ed00)
V/SoftFFmpegVideo(  372): ffmpeg video decoder flush port(0)
V/SoftFFmpegVideo(  372): ffmpeg video decoder flush port(1)
V/SoftFFmpegVideo(  372): ~SoftFFmpegVideo
D/NuPlayerDriver(  372): notifyResetComplete(0xf584ed00)
D/NuPlayerDriver(  372): reset(0xf584ed00)
I/ActivityManager(  654): START u0 {act=android.intent.action.VIEW dat=quikr://www.quikr.com/app/home cmp=com.quikr/.ui.activity.DeeplinkRedirectionActivity (has extras)} from uid 10216 on display 0
V/WindowManager(  654): addAppToken: AppWindowToken{8961ced token=Token{29839f04 ActivityRecord{12420f17 u0 com.quikr/.ui.activity.DeeplinkRedirectionActivity t239}}} to stack=1 task=239 at 1
I/ActivityManager(  654): START u0 {act=android.intent.action.VIEW dat=quikr://www.quikr.com/app/home flg=0x4000000 cmp=com.quikr/.homepage.helper.HomePageActivity_new (has extras)} from uid 10216 on display 0
V/WindowManager(  654): addAppToken: AppWindowToken{161da770 token=Token{ece85b3 ActivityRecord{3108b722 u0 com.quikr/.homepage.helper.HomePageActivity_new t239}}} to stack=1 task=239 at 2
W/System  ( 3137): Ignoring header Content-Type because its value was null.
V/WindowManager(  654): Adding window Window{177af488 u0 com.quikr/com.quikr.homepage.helper.HomePageActivity_new} at 4 of 9 (after Window{3f2f0180 u0 com.quikr/com.quikr.old.SplashActivity})
I/ActivityManager(  654): START u0 {cmp=com.quikr/.userv2.login.LoginActivity (has extras)} from uid 10216 on display 0
V/WindowManager(  654): addAppToken: AppWindowToken{32eeec07 token=Token{3a743246 ActivityRecord{1f0bbe21 u0 com.quikr/.userv2.login.LoginActivity t239}}} to stack=1 task=239 at 3
I/Ads     ( 3137): Ad finished loading.
W/EGL_emulation( 3137): eglSurfaceAttrib not implemented
W/OpenGLRenderer( 3137): Failed to set EGL_SWAP_BEHAVIOR on surface 0xdfca1180, error=EGL_SUCCESS
W/CursorWrapperInner( 3137): Cursor finalized without prior close()
W/CursorWrapperInner( 3137): Cursor finalized without prior close()
I/Ads     ( 3137): Ad finished loading.
I/System.out( 3137): Singleton(): Initializing Instance
W/System  ( 3137): Ignoring header Content-Type because its value was null.
D/DynamitePackage( 3137): Instantiating com.google.android.gms.ads.ChimeraAdManagerCreatorImpl
I/Ads     ( 3137): Starting ad request.
I/Ads     ( 3137): Use AdRequest.Builder.addTestDevice("0BEA1056F512396E3C2B40FD0D2F8BBA") to get test ads on this device.
W/GCoreFlp(  917): No location to return for getLastLocation()
W/Ads     ( 1275): Location is not available. Returning null
V/WindowManager(  654): Adding window Window{e51441e u0 com.quikr/com.quikr.userv2.login.LoginActivity} at 5 of 10 (after Window{177af488 u0 com.quikr/com.quikr.homepage.helper.HomePageActivity_new})
I/art     ( 3137): WaitForGcToComplete blocked for 27.055ms for cause HeapTrim
W/EGL_emulation( 3137): eglSurfaceAttrib not implemented
W/OpenGLRenderer( 3137): Failed to set EGL_SWAP_BEHAVIOR on surface 0xd3601c40, error=EGL_SUCCESS
I/ActivityManager(  654): Displayed com.quikr/.userv2.login.LoginActivity: +794ms (total +1s104ms)
W/GCoreFlp(  917): No location to return for getLastLocation()
W/art     ( 3137): Attempt to remove local handle scope entry from IRT, ignoring
W/AwContents( 3137): onDetachedFromWindow called when already detached. Ignoring
W/art     ( 3137): Attempt to remove local handle scope entry from IRT, ignoring
W/art     ( 3137): Attempt to remove local handle scope entry from IRT, ignoring
I/MediaFocusControl(  654):  AudioFocus  abandonAudioFocus() from android.media.AudioManager@156074fa
W/GCoreFlp(  917): No location to return for getLastLocation()
W/GCoreFlp(  917): No location to return for getLastLocation()
D/WifiService(  654): acquireWifiLockLocked: WifiLock{NlpWifiLock type=2 binder=android.os.BinderProxy@1ce34bda}
W/art     ( 3103): Long monitor contention event with owner method=android.view.accessibility.AccessibilityNodeInfo com.android.uiautomator.core.QueryController.findAccessibilityNodeInfo(com.android.uiautomator.core.UiSelector, boolean) from QueryController.java:149 waiters=1 for 336ms
W/art     ( 3137): Attempt to remove local handle scope entry from IRT, ignoring
W/AwContents( 3137): onDetachedFromWindow called when already detached. Ignoring
W/art     ( 3137): Attempt to remove local handle scope entry from IRT, ignoring
W/art     ( 3137): Attempt to remove local handle scope entry from IRT, ignoring
I/Ads     ( 3137): Ad finished loading.
I/chromium( 3137): [INFO:CONSOLE(0)] "Creating Application Cache with manifest https://googleads.g.doubleclick.net/mads/static/mad/sdk/native/sdk-core-v40-loader.appcache", source: https://googleads.g.doubleclick.net/mads/static/mad/sdk/native/sdk-core-v40-loader.html (0)
I/chromium( 3137): [INFO:CONSOLE(0)] "Application Cache Checking event", source: https://googleads.g.doubleclick.net/mads/static/mad/sdk/native/sdk-core-v40-loader.html (0)
I/chromium( 3137): [INFO:CONSOLE(0)] "Application Cache Downloading event", source: https://googleads.g.doubleclick.net/mads/static/mad/sdk/native/sdk-core-v40-loader.html (0)
W/chromium( 3137): [WARNING:simple_index_file.cc(337)] Could not map Simple Index file.
I/chromium( 3137): [INFO:CONSOLE(0)] "Application Cache Progress event (0 of 2) https://googleads.g.doubleclick.net/mads/static/mad/sdk/native/sdk-core-v40-loader.js", source: https://googleads.g.doubleclick.net/mads/static/mad/sdk/native/sdk-core-v40-loader.html (0)
I/QueryController( 3103): Matched selector: UiSelector[INSTANCE=0, RESOURCE_ID=com.quikr:id/login_register_view] <<==>> [android.view.accessibility.AccessibilityNodeInfo@8000caa0; boundsInParent: Rect(0, 0 - 1328, 149); boundsInScreen: Rect(56, 1022 - 1384, 1171); packageName: com.quikr; className: android.widget.EditText; text: null; error: null; maxTextLength: -1; contentDescription: null; viewIdResName: com.quikr:id/login_register_view; checkable: false; checked: false; focusable: true; focused: false; selected: false; clickable: true; longClickable: true; enabled: true; password: false; scrollable: false; actions: [AccessibilityAction: ACTION_FOCUS - null, AccessibilityAction: ACTION_SELECT - null, AccessibilityAction: ACTION_CLEAR_SELECTION - null, AccessibilityAction: ACTION_CLICK - null, AccessibilityAction: ACTION_LONG_CLICK - null, AccessibilityAction: ACTION_ACCESSIBILITY_FOCUS - null]]
I/QueryController( 3103): Matched selector: UiSelector[INSTANCE=0, RESOURCE_ID=com.quikr:id/login_register_view] <<==>> [android.view.accessibility.AccessibilityNodeInfo@8000caa0; boundsInParent: Rect(0, 0 - 1328, 149); boundsInScreen: Rect(56, 1022 - 1384, 1171); packageName: com.quikr; className: android.widget.EditText; text: null; error: null; maxTextLength: -1; contentDescription: null; viewIdResName: com.quikr:id/login_register_view; checkable: false; checked: false; focusable: true; focused: false; selected: false; clickable: true; longClickable: true; enabled: true; password: false; scrollable: false; actions: [AccessibilityAction: ACTION_FOCUS - null, AccessibilityAction: ACTION_SELECT - null, AccessibilityAction: ACTION_CLEAR_SELECTION - null, AccessibilityAction: ACTION_CLICK - null, AccessibilityAction: ACTION_LONG_CLICK - null, AccessibilityAction: ACTION_ACCESSIBILITY_FOCUS - null]]
I/chromium( 3137): [INFO:CONSOLE(0)] "Application Cache Progress event (1 of 2) https://googleads.g.doubleclick.net/mads/static/mad/sdk/native/production/sdk-core-v40-impl.js", source: https://googleads.g.doubleclick.net/mads/static/mad/sdk/native/sdk-core-v40-loader.html (0)
I/QueryController( 3103): Matched selector: UiSelector[INSTANCE=0, RESOURCE_ID=com.quikr:id/skip] <<==>> [android.view.accessibility.AccessibilityNodeInfo@8000f3eb; boundsInParent: Rect(0, 0 - 190, 168); boundsInScreen: Rect(1250, 102 - 1440, 270); packageName: com.quikr; className: android.widget.TextView; text: Skip; error: null; maxTextLength: -1; contentDescription: Skip; viewIdResName: com.quikr:id/skip; checkable: false; checked: false; focusable: true; focused: false; selected: false; clickable: true; longClickable: true; enabled: true; password: false; scrollable: false; actions: [AccessibilityAction: ACTION_FOCUS - null, AccessibilityAction: ACTION_SELECT - null, AccessibilityAction: ACTION_CLEAR_SELECTION - null, AccessibilityAction: ACTION_CLICK - null, AccessibilityAction: ACTION_LONG_CLICK - null, AccessibilityAction: ACTION_ACCESSIBILITY_FOCUS - null, AccessibilityAction: ACTION_NEXT_AT_MOVEMENT_GRANULARITY - null, AccessibilityAction: ACTION_PREVIOUS_AT_MOVEMENT_GRANULARITY - null, AccessibilityAction: ACTION_SET_SELECTION - null]]
I/QueryController( 3103): Matched selector: UiSelector[INSTANCE=0, RESOURCE_ID=com.quikr:id/skip] <<==>> [android.view.accessibility.AccessibilityNodeInfo@8000f3eb; boundsInParent: Rect(0, 0 - 190, 168); boundsInScreen: Rect(1250, 102 - 1440, 270); packageName: com.quikr; className: android.widget.TextView; text: Skip; error: null; maxTextLength: -1; contentDescription: Skip; viewIdResName: com.quikr:id/skip; checkable: false; checked: false; focusable: true; focused: false; selected: false; clickable: true; longClickable: true; enabled: true; password: false; scrollable: false; actions: [AccessibilityAction: ACTION_FOCUS - null, AccessibilityAction: ACTION_SELECT - null, AccessibilityAction: ACTION_CLEAR_SELECTION - null, AccessibilityAction: ACTION_CLICK - null, AccessibilityAction: ACTION_LONG_CLICK - null, AccessibilityAction: ACTION_ACCESSIBILITY_FOCUS - null, AccessibilityAction: ACTION_NEXT_AT_MOVEMENT_GRANULARITY - null, AccessibilityAction: ACTION_PREVIOUS_AT_MOVEMENT_GRANULARITY - null, AccessibilityAction: ACTION_SET_SELECTION - null]]
I/chromium( 3137): [INFO:CONSOLE(0)] "Application Cache Progress event (2 of 2) ", source: https://googleads.g.doubleclick.net/mads/static/mad/sdk/native/sdk-core-v40-loader.html (0)
I/chromium( 3137): [INFO:CONSOLE(0)] "Application Cache Cached event", source: https://googleads.g.doubleclick.net/mads/static/mad/sdk/native/sdk-core-v40-loader.html (0)
I/QueryController( 3103): Matched selector: UiSelector[INSTANCE=0, RESOURCE_ID=com.quikr:id/skip] <<==>> [android.view.accessibility.AccessibilityNodeInfo@8000f3eb; boundsInParent: Rect(0, 0 - 190, 168); boundsInScreen: Rect(1250, 102 - 1440, 270); packageName: com.quikr; className: android.widget.TextView; text: Skip; error: null; maxTextLength: -1; contentDescription: Skip; viewIdResName: com.quikr:id/skip; checkable: false; checked: false; focusable: true; focused: false; selected: false; clickable: true; longClickable: true; enabled: true; password: false; scrollable: false; actions: [AccessibilityAction: ACTION_FOCUS - null, AccessibilityAction: ACTION_SELECT - null, AccessibilityAction: ACTION_CLEAR_SELECTION - null, AccessibilityAction: ACTION_CLICK - null, AccessibilityAction: ACTION_LONG_CLICK - null, AccessibilityAction: ACTION_ACCESSIBILITY_FOCUS - null, AccessibilityAction: ACTION_NEXT_AT_MOVEMENT_GRANULARITY - null, AccessibilityAction: ACTION_PREVIOUS_AT_MOVEMENT_GRANULARITY - null, AccessibilityAction: ACTION_SET_SELECTION - null]]
I/QueryController( 3103): Matched selector: UiSelector[INSTANCE=0, RESOURCE_ID=com.quikr:id/skip] <<==>> [android.view.accessibility.AccessibilityNodeInfo@8000f3eb; boundsInParent: Rect(0, 0 - 190, 168); boundsInScreen: Rect(1250, 102 - 1440, 270); packageName: com.quikr; className: android.widget.TextView; text: Skip; error: null; maxTextLength: -1; contentDescription: Skip; viewIdResName: com.quikr:id/skip; checkable: false; checked: false; focusable: true; focused: false; selected: false; clickable: true; longClickable: true; enabled: true; password: false; scrollable: false; actions: [AccessibilityAction: ACTION_FOCUS - null, AccessibilityAction: ACTION_SELECT - null, AccessibilityAction: ACTION_CLEAR_SELECTION - null, AccessibilityAction: ACTION_CLICK - null, AccessibilityAction: ACTION_LONG_CLICK - null, AccessibilityAction: ACTION_ACCESSIBILITY_FOCUS - null, AccessibilityAction: ACTION_NEXT_AT_MOVEMENT_GRANULARITY - null, AccessibilityAction: ACTION_PREVIOUS_AT_MOVEMENT_GRANULARITY - null, AccessibilityAction: ACTION_SET_SELECTION - null]]
D/InteractionController( 3103): clickAndSync(1345, 186)
W/AudioTrack(  654): AUDIO_OUTPUT_FLAG_FAST denied by client
V/WindowManager(  654): Adding window Window{2f42f9e7 u0 com.quikr/com.quikr.homepage.helper.HomePageActivity_new} at 2 of 9 (before Window{177af488 u0 com.quikr/com.quikr.homepage.helper.HomePageActivity_new})
W/EGL_emulation( 3137): eglSurfaceAttrib not implemented
W/OpenGLRenderer( 3137): Failed to set EGL_SWAP_BEHAVIOR on surface 0xd3552140, error=EGL_SUCCESS
W/CursorWrapperInner( 3137): Cursor finalized without prior close()
W/EGL_emulation( 3137): eglSurfaceAttrib not implemented
W/OpenGLRenderer( 3137): Failed to set EGL_SWAP_BEHAVIOR on surface 0xdfe4ad00, error=EGL_SUCCESS
D/WifiService(  654): acquireWifiLockLocked: WifiLock{NlpWifiLock type=2 binder=android.os.BinderProxy@113b4d83}
W/art     ( 3137): Suspending all threads took: 5.635ms
I/art     ( 3137): Background sticky concurrent mark sweep GC freed 4176(233KB) AllocSpace objects, 0(0B) LOS objects, 0% free, 53MB/53MB, paused 8.111ms total 146.567ms
D/WifiService(  654): releaseWifiLockLocked: WifiLock{NlpWifiLock type=2 binder=android.os.BinderProxy@113b4d83}
D/WifiService(  654): releaseWifiLockLocked: WifiLock{NlpWifiLock type=2 binder=android.os.BinderProxy@1ce34bda}
I/Choreographer( 3137): Skipped 38 frames!  The application may be doing too much work on its main thread.
W/GCoreFlp(  917): No location to return for getLastLocation()
I/GCoreUlr(  917): Not uploading first location since start (in case we're in restart loop)
I/Choreographer( 3137): Skipped 56 frames!  The application may be doing too much work on its main thread.
W/QueryController( 3103): AccessibilityNodeInfo returned a null child (0 of 1)
W/QueryController( 3103): parent = android.view.accessibility.AccessibilityNodeInfo@8001774e; boundsInParent: Rect(0, 0 - 1328, 149); boundsInScreen: Rect(56, 1022 - 1384, 1171); packageName: com.quikr; className: android.widget.FrameLayout; text: null; error: null; maxTextLength: -1; contentDescription: null; viewIdResName: null; checkable: false; checked: false; focusable: false; focused: false; selected: false; clickable: false; longClickable: false; enabled: true; password: false; scrollable: false; actions: [AccessibilityAction: ACTION_SELECT - null, AccessibilityAction: ACTION_CLEAR_SELECTION - null, AccessibilityAction: ACTION_ACCESSIBILITY_FOCUS - null]
W/InteractionController( 3103): runAndwaitForEvent timedout waiting for events
W/AccessibilityNodeInfoDumper( 3103): Fetch time: 2ms
I/QueryController( 3103): Matched selector: UiSelector[CLASS=android.widget.Button, INSTANCE=0] <<==>> [android.view.accessibility.AccessibilityNodeInfo@8000b7da; boundsInParent: Rect(0, 0 - 230, 168); boundsInScreen: Rect(684, 1402 - 914, 1570); packageName: com.quikr; className: android.widget.Button; text: Later; error: null; maxTextLength: -1; contentDescription: null; viewIdResName: android:id/button2; checkable: false; checked: false; focusable: true; focused: false; selected: false; clickable: true; longClickable: false; enabled: true; password: false; scrollable: false; actions: [AccessibilityAction: ACTION_FOCUS - null, AccessibilityAction: ACTION_SELECT - null, AccessibilityAction: ACTION_CLEAR_SELECTION - null, AccessibilityAction: ACTION_CLICK - null, AccessibilityAction: ACTION_ACCESSIBILITY_FOCUS - null, AccessibilityAction: ACTION_NEXT_AT_MOVEMENT_GRANULARITY - null, AccessibilityAction: ACTION_PREVIOUS_AT_MOVEMENT_GRANULARITY - null, AccessibilityAction: ACTION_SET_SELECTION - null]]
I/QueryController( 3103): Matched selector: UiSelector[CLASS=android.widget.Button, INSTANCE=0] <<==>> [android.view.accessibility.AccessibilityNodeInfo@8000b7da; boundsInParent: Rect(0, 0 - 230, 168); boundsInScreen: Rect(684, 1402 - 914, 1570); packageName: com.quikr; className: android.widget.Button; text: Later; error: null; maxTextLength: -1; contentDescription: null; viewIdResName: android:id/button2; checkable: false; checked: false; focusable: true; focused: false; selected: false; clickable: true; longClickable: false; enabled: true; password: false; scrollable: false; actions: [AccessibilityAction: ACTION_FOCUS - null, AccessibilityAction: ACTION_SELECT - null, AccessibilityAction: ACTION_CLEAR_SELECTION - null, AccessibilityAction: ACTION_CLICK - null, AccessibilityAction: ACTION_ACCESSIBILITY_FOCUS - null, AccessibilityAction: ACTION_NEXT_AT_MOVEMENT_GRANULARITY - null, AccessibilityAction: ACTION_PREVIOUS_AT_MOVEMENT_GRANULARITY - null, AccessibilityAction: ACTION_SET_SELECTION - null]]
W/AccessibilityNodeInfoDumper( 3103): Fetch time: 1ms
I/QueryController( 3103): Matched selector: UiSelector[CLASS=android.widget.Button, INSTANCE=0] <<==>> [android.view.accessibility.AccessibilityNodeInfo@8000b7da; boundsInParent: Rect(0, 0 - 230, 168); boundsInScreen: Rect(684, 1402 - 914, 1570); packageName: com.quikr; className: android.widget.Button; text: Later; error: null; maxTextLength: -1; contentDescription: null; viewIdResName: android:id/button2; checkable: false; checked: false; focusable: true; focused: false; selected: false; clickable: true; longClickable: false; enabled: true; password: false; scrollable: false; actions: [AccessibilityAction: ACTION_FOCUS - null, AccessibilityAction: ACTION_SELECT - null, AccessibilityAction: ACTION_CLEAR_SELECTION - null, AccessibilityAction: ACTION_CLICK - null, AccessibilityAction: ACTION_ACCESSIBILITY_FOCUS - null, AccessibilityAction: ACTION_NEXT_AT_MOVEMENT_GRANULARITY - null, AccessibilityAction: ACTION_PREVIOUS_AT_MOVEMENT_GRANULARITY - null, AccessibilityAction: ACTION_SET_SELECTION - null]]
I/QueryController( 3103): Matched selector: UiSelector[CLASS=android.widget.Button, INSTANCE=0] <<==>> [android.view.accessibility.AccessibilityNodeInfo@8000b7da; boundsInParent: Rect(0, 0 - 230, 168); boundsInScreen: Rect(684, 1402 - 914, 1570); packageName: com.quikr; className: android.widget.Button; text: Later; error: null; maxTextLength: -1; contentDescription: null; viewIdResName: android:id/button2; checkable: false; checked: false; focusable: true; focused: false; selected: false; clickable: true; longClickable: false; enabled: true; password: false; scrollable: false; actions: [AccessibilityAction: ACTION_FOCUS - null, AccessibilityAction: ACTION_SELECT - null, AccessibilityAction: ACTION_CLEAR_SELECTION - null, AccessibilityAction: ACTION_CLICK - null, AccessibilityAction: ACTION_ACCESSIBILITY_FOCUS - null, AccessibilityAction: ACTION_NEXT_AT_MOVEMENT_GRANULARITY - null, AccessibilityAction: ACTION_PREVIOUS_AT_MOVEMENT_GRANULARITY - null, AccessibilityAction: ACTION_SET_SELECTION - null]]
D/InteractionController( 3103): clickAndSync(799, 1486)
W/AudioTrack(  654): AUDIO_OUTPUT_FLAG_FAST denied by client
D/OpenGLRenderer( 3137): endAllStagingAnimators on 0xd377f580 (RippleDrawable) with handle 0xdfd2a8e0
W/System  ( 3137): Ignoring header Content-Type because its value was null.
W/System  ( 3137): Ignoring header Content-Type because its value was null.
I/Finsky  ( 1928): [179] com.google.android.finsky.l.c.a(23): Completed 0 account content syncs with 0 successful.
I/Finsky  ( 1928): [1] com.google.android.finsky.services.e.a(5): Installation state replication succeeded.
W/System  ( 3137): Ignoring header Content-Type because its value was null.
W/System  ( 3137): Ignoring header Content-Type because its value was null.
W/System.err( 3137): javax.crypto.IllegalBlockSizeException: error:0606506D:digital envelope routines:EVP_DecryptFinal_ex:wrong final block length
W/System.err( 3137): 	at com.android.org.conscrypt.NativeCrypto.EVP_CipherFinal_ex(Native Method)
W/System.err( 3137): 	at com.android.org.conscrypt.OpenSSLCipher.doFinalInternal(OpenSSLCipher.java:430)
W/System.err( 3137): 	at com.android.org.conscrypt.OpenSSLCipher.engineDoFinal(OpenSSLCipher.java:466)
W/System.err( 3137): 	at javax.crypto.Cipher.doFinal(Cipher.java:1340)
W/System.err( 3137): 	at com.quikr.android.api.encryption.EncryptionHelper.decrypt(EncryptionHelper.java:57)
W/System.err( 3137): 	at com.quikr.android.api.encryption.EncryptionHelper.decodeNetworkResponse(EncryptionHelper.java:78)
W/System.err( 3137): 	at com.quikr.android.api.QuikrRequest$1.onError(QuikrRequest.java:50)
W/System.err( 3137): 	at com.quikr.android.network.VolleyNetworkManagerImpl$VolleyErrorListener.onErrorResponse(VolleyNetworkManagerImpl.java:218)
W/System.err( 3137): 	at com.android.volley.Request.deliverError(Request.java:564)
W/System.err( 3137): 	at com.android.volley.ExecutorDelivery$ResponseDeliveryRunnable.run(ExecutorDelivery.java:101)
W/System.err( 3137): 	at android.os.Handler.handleCallback(Handler.java:739)
W/System.err( 3137): 	at android.os.Handler.dispatchMessage(Handler.java:95)
W/System.err( 3137): 	at android.os.Looper.loop(Looper.java:135)
W/System.err( 3137): 	at android.app.ActivityThread.main(ActivityThread.java:5254)
W/System.err( 3137): 	at java.lang.reflect.Method.invoke(Native Method)
W/System.err( 3137): 	at java.lang.reflect.Method.invoke(Method.java:372)
W/System.err( 3137): 	at com.android.internal.os.ZygoteInit$MethodAndArgsCaller.run(ZygoteInit.java:903)
W/System.err( 3137): 	at com.android.internal.os.ZygoteInit.main(ZygoteInit.java:698)
W/InteractionController( 3103): runAndwaitForEvent timedout waiting for events
I/QueryController( 3103): Matched selector: UiSelector[INSTANCE=0, RESOURCE_ID=com.quikr:id/citySpinner] <<==>> [android.view.accessibility.AccessibilityNodeInfo@800642d6; boundsInParent: Rect(0, 0 - 402, 85); boundsInScreen: Rect(315, 143 - 717, 228); packageName: com.quikr; className: android.widget.TextView; text: Select City; error: null; maxTextLength: -1; contentDescription: null; viewIdResName: com.quikr:id/citySpinner; checkable: false; checked: false; focusable: false; focused: false; selected: false; clickable: true; longClickable: false; enabled: true; password: false; scrollable: false; actions: [AccessibilityAction: ACTION_SELECT - null, AccessibilityAction: ACTION_CLEAR_SELECTION - null, AccessibilityAction: ACTION_CLICK - null, AccessibilityAction: ACTION_ACCESSIBILITY_FOCUS - null, AccessibilityAction: ACTION_NEXT_AT_MOVEMENT_GRANULARITY - null, AccessibilityAction: ACTION_PREVIOUS_AT_MOVEMENT_GRANULARITY - null, AccessibilityAction: ACTION_SET_SELECTION - null]]
I/QueryController( 3103): Matched selector: UiSelector[INSTANCE=0, RESOURCE_ID=com.quikr:id/citySpinner] <<==>> [android.view.accessibility.AccessibilityNodeInfo@800642d6; boundsInParent: Rect(0, 0 - 402, 85); boundsInScreen: Rect(315, 143 - 717, 228); packageName: com.quikr; className: android.widget.TextView; text: Select City; error: null; maxTextLength: -1; contentDescription: null; viewIdResName: com.quikr:id/citySpinner; checkable: false; checked: false; focusable: false; focused: false; selected: false; clickable: true; longClickable: false; enabled: true; password: false; scrollable: false; actions: [AccessibilityAction: ACTION_SELECT - null, AccessibilityAction: ACTION_CLEAR_SELECTION - null, AccessibilityAction: ACTION_CLICK - null, AccessibilityAction: ACTION_ACCESSIBILITY_FOCUS - null, AccessibilityAction: ACTION_NEXT_AT_MOVEMENT_GRANULARITY - null, AccessibilityAction: ACTION_PREVIOUS_AT_MOVEMENT_GRANULARITY - null, AccessibilityAction: ACTION_SET_SELECTION - null]]
D/InteractionController( 3103): clickAndSync(516, 185)
W/ConfigurationChimeraPro(  917): Got null configs for com.google.android.gms.fitness
I/ActivityManager(  654): START u0 {cmp=com.quikr/.ui.controls.CitySelectionActivity} from uid 10216 on display 0
V/WindowManager(  654): addAppToken: AppWindowToken{31b79dcf token=Token{245cee2e ActivityRecord{703d8a9 u0 com.quikr/.ui.controls.CitySelectionActivity t239}}} to stack=1 task=239 at 1
W/AudioTrack(  654): AUDIO_OUTPUT_FLAG_FAST denied by client
V/WindowManager(  654): Adding window Window{28185665 u0 com.quikr/com.quikr.ui.controls.CitySelectionActivity} at 3 of 8 (after Window{2f42f9e7 u0 com.quikr/com.quikr.homepage.helper.HomePageActivity_new})
W/EGL_emulation( 3137): eglSurfaceAttrib not implemented
W/OpenGLRenderer( 3137): Failed to set EGL_SWAP_BEHAVIOR on surface 0xd02d7700, error=EGL_SUCCESS
I/ActivityManager(  654): Displayed com.quikr/.ui.controls.CitySelectionActivity: +720ms
I/art     (  654): Explicit concurrent mark sweep GC freed 29267(1456KB) AllocSpace objects, 6(10MB) LOS objects, 33% free, 11MB/16MB, paused 1.527ms total 52.022ms
W/QueryController( 3103): AccessibilityNodeInfo returned a null child (0 of 2)
W/QueryController( 3103): parent = android.view.accessibility.AccessibilityNodeInfo@80029fde; boundsInParent: Rect(0, 0 - 1440, 512); boundsInScreen: Rect(0, 1418 - 1440, 1930); packageName: com.quikr; className: android.widget.LinearLayout; text: null; error: null; maxTextLength: -1; contentDescription: null; viewIdResName: com.quikr:id/hero_frame; checkable: false; checked: false; focusable: false; focused: false; selected: false; clickable: false; longClickable: false; enabled: true; password: false; scrollable: false; actions: [AccessibilityAction: ACTION_SELECT - null, AccessibilityAction: ACTION_CLEAR_SELECTION - null, AccessibilityAction: ACTION_ACCESSIBILITY_FOCUS - null]
W/art     ( 3103): Long monitor contention event with owner method=android.view.accessibility.AccessibilityNodeInfo com.android.uiautomator.core.QueryController.findAccessibilityNodeInfo(com.android.uiautomator.core.UiSelector, boolean) from QueryController.java:149 waiters=0 for 306ms
I/QueryController( 3103): Matched selector: UiSelector[INSTANCE=0, RESOURCE_ID=com.quikr:id/search_ET] <<==>> [android.view.accessibility.AccessibilityNodeInfo@800691ac; boundsInParent: Rect(0, 0 - 1188, 121); boundsInScreen: Rect(196, 125 - 1384, 246); packageName: com.quikr; className: android.widget.EditText; text: Search for your city; error: null; maxTextLength: -1; contentDescription: null; viewIdResName: com.quikr:id/search_ET; checkable: false; checked: false; focusable: true; focused: true; selected: false; clickable: true; longClickable: true; enabled: true; password: false; scrollable: false; actions: [AccessibilityAction: ACTION_CLEAR_FOCUS - null, AccessibilityAction: ACTION_SELECT - null, AccessibilityAction: ACTION_CLEAR_SELECTION - null, AccessibilityAction: ACTION_CLICK - null, AccessibilityAction: ACTION_LONG_CLICK - null, AccessibilityAction: ACTION_ACCESSIBILITY_FOCUS - null]]
W/art     ( 3103): Long monitor contention event with owner method=android.view.accessibility.AccessibilityNodeInfo com.android.uiautomator.core.QueryController.findAccessibilityNodeInfo(com.android.uiautomator.core.UiSelector, boolean) from QueryController.java:149 waiters=1 for 409ms
