D/WifiService(  654): acquireWifiLockLocked: WifiLock{NlpWifiLock type=2 binder=android.os.BinderProxy@33b46aea}
D/WifiService(  654): acquireWifiLockLocked: WifiLock{NlpWifiLock type=2 binder=android.os.BinderProxy@a382faf}
I/QueryController( 3103): Matched selector: UiSelector[INSTANCE=0, RESOURCE_ID=com.quikr:id/search_ET] <<==>> [android.view.accessibility.AccessibilityNodeInfo@800691ac; boundsInParent: Rect(0, 0 - 1188, 121); boundsInScreen: Rect(196, 125 - 1384, 246); packageName: com.quikr; className: android.widget.EditText; text: Search for your city; error: null; maxTextLength: -1; contentDescription: null; viewIdResName: com.quikr:id/search_ET; checkable: false; checked: false; focusable: true; focused: true; selected: false; clickable: true; longClickable: true; enabled: true; password: false; scrollable: false; actions: [AccessibilityAction: ACTION_CLEAR_FOCUS - null, AccessibilityAction: ACTION_SELECT - null, AccessibilityAction: ACTION_CLEAR_SELECTION - null, AccessibilityAction: ACTION_CLICK - null, AccessibilityAction: ACTION_LONG_CLICK - null, AccessibilityAction: ACTION_ACCESSIBILITY_FOCUS - null]]
D/InteractionController( 3103): clickAndSync(790, 185)
D/WifiService(  654): releaseWifiLockLocked: WifiLock{NlpWifiLock type=2 binder=android.os.BinderProxy@a382faf}
D/WifiService(  654): releaseWifiLockLocked: WifiLock{NlpWifiLock type=2 binder=android.os.BinderProxy@33b46aea}
W/AudioTrack(  654): AUDIO_OUTPUT_FLAG_FAST denied by client
I/art     ( 3103): Background sticky concurrent mark sweep GC freed 18095(920KB) AllocSpace objects, 0(0B) LOS objects, 38% free, 1540KB/2MB, paused 20.872ms total 23.806ms
I/ContentMaintenance( 1275): Pruning caches...
I/ContentMaintenance( 1275): Internal cache bytes used: 0; limit: 100000000; download size: 0
I/ContentMaintenance( 1275): Cache pruning complete.
I/ContentMaintenance( 1275): Beginning garbage collection.
I/RealtimeCacheCleanup( 1275): Beginning Realtime garbage collection.
I/RealtimeCacheCleanup( 1275): Finished Realtime garbage collection.
I/ContentMaintenance( 1275): Finished garbage collection.
W/InteractionController( 3103): runAndwaitForEvent timedout waiting for events
I/QueryController( 3103): Matched selector: UiSelector[INSTANCE=0, RESOURCE_ID=com.quikr:id/search_ET] <<==>> [android.view.accessibility.AccessibilityNodeInfo@800691ac; boundsInParent: Rect(0, 0 - 1188, 121); boundsInScreen: Rect(196, 125 - 1384, 246); packageName: com.quikr; className: android.widget.EditText; text: Search for your city; error: null; maxTextLength: -1; contentDescription: null; viewIdResName: com.quikr:id/search_ET; checkable: false; checked: false; focusable: true; focused: true; selected: false; clickable: true; longClickable: true; enabled: true; password: false; scrollable: false; actions: [AccessibilityAction: ACTION_CLEAR_FOCUS - null, AccessibilityAction: ACTION_SELECT - null, AccessibilityAction: ACTION_CLEAR_SELECTION - null, AccessibilityAction: ACTION_CLICK - null, AccessibilityAction: ACTION_LONG_CLICK - null, AccessibilityAction: ACTION_ACCESSIBILITY_FOCUS - null]]
I/QueryController( 3103): Matched selector: UiSelector[INSTANCE=0, RESOURCE_ID=com.quikr:id/search_ET] <<==>> [android.view.accessibility.AccessibilityNodeInfo@800691ac; boundsInParent: Rect(0, 0 - 1188, 121); boundsInScreen: Rect(196, 125 - 1384, 246); packageName: com.quikr; className: android.widget.EditText; text: Search for your city; error: null; maxTextLength: -1; contentDescription: null; viewIdResName: com.quikr:id/search_ET; checkable: false; checked: false; focusable: true; focused: true; selected: false; clickable: true; longClickable: true; enabled: true; password: false; scrollable: false; actions: [AccessibilityAction: ACTION_CLEAR_FOCUS - null, AccessibilityAction: ACTION_SELECT - null, AccessibilityAction: ACTION_CLEAR_SELECTION - null, AccessibilityAction: ACTION_CLICK - null, AccessibilityAction: ACTION_LONG_CLICK - null, AccessibilityAction: ACTION_ACCESSIBILITY_FOCUS - null]]
D/UiObject( 3103): getText() = Search for your city
I/QueryController( 3103): Matched selector: UiSelector[INSTANCE=0, RESOURCE_ID=com.quikr:id/search_ET] <<==>> [android.view.accessibility.AccessibilityNodeInfo@800691ac; boundsInParent: Rect(0, 0 - 1188, 121); boundsInScreen: Rect(196, 125 - 1384, 246); packageName: com.quikr; className: android.widget.EditText; text: Search for your city; error: null; maxTextLength: -1; contentDescription: null; viewIdResName: com.quikr:id/search_ET; checkable: false; checked: false; focusable: true; focused: true; selected: false; clickable: true; longClickable: true; enabled: true; password: false; scrollable: false; actions: [AccessibilityAction: ACTION_CLEAR_FOCUS - null, AccessibilityAction: ACTION_SELECT - null, AccessibilityAction: ACTION_CLEAR_SELECTION - null, AccessibilityAction: ACTION_CLICK - null, AccessibilityAction: ACTION_LONG_CLICK - null, AccessibilityAction: ACTION_ACCESSIBILITY_FOCUS - null]]
I/System  ( 3137): Loaded time zone names for "en" in 5ms (5ms in ICU)
W/GCoreFlp(  917): No location to return for getLastLocation()
W/GCoreUlr(  917): Received location statuses too frequently: [NetworkLocationStatus: Wifi status: 9 Cell status: 5 elapsed time NS: 128462000000 system time ms: 1511180016316, timeStamp(ms): 1511180016316], [NetworkLocationStatus: Wifi status: 9 Cell status: 5 elapsed time NS: 143427000000 system time ms: 1511180031285, timeStamp(ms): 1511180031285]
I/QueryController( 3103): Matched selector: UiSelector[INSTANCE=0, RESOURCE_ID=com.quikr:id/search_ET] <<==>> [android.view.accessibility.AccessibilityNodeInfo@800691ac; boundsInParent: Rect(0, 0 - 1188, 121); boundsInScreen: Rect(196, 125 - 1384, 246); packageName: com.quikr; className: android.widget.EditText; text: Search for your city; error: null; maxTextLength: -1; contentDescription: null; viewIdResName: com.quikr:id/search_ET; checkable: false; checked: false; focusable: true; focused: true; selected: false; clickable: true; longClickable: true; enabled: true; password: false; scrollable: false; actions: [AccessibilityAction: ACTION_CLEAR_FOCUS - null, AccessibilityAction: ACTION_SELECT - null, AccessibilityAction: ACTION_CLEAR_SELECTION - null, AccessibilityAction: ACTION_CLICK - null, AccessibilityAction: ACTION_LONG_CLICK - null, AccessibilityAction: ACTION_ACCESSIBILITY_FOCUS - null]]
D/UiObject( 3103): getText() = Search for your city
I/QueryController( 3103): Matched selector: UiSelector[INSTANCE=0, RESOURCE_ID=com.quikr:id/search_ET] <<==>> [android.view.accessibility.AccessibilityNodeInfo@800691ac; boundsInParent: Rect(0, 0 - 1188, 121); boundsInScreen: Rect(196, 125 - 1384, 246); packageName: com.quikr; className: android.widget.EditText; text: Search for your city; error: null; maxTextLength: -1; contentDescription: null; viewIdResName: com.quikr:id/search_ET; checkable: false; checked: false; focusable: true; focused: true; selected: false; clickable: true; longClickable: true; enabled: true; password: false; scrollable: false; actions: [AccessibilityAction: ACTION_CLEAR_FOCUS - null, AccessibilityAction: ACTION_SELECT - null, AccessibilityAction: ACTION_CLEAR_SELECTION - null, AccessibilityAction: ACTION_CLICK - null, AccessibilityAction: ACTION_LONG_CLICK - null, AccessibilityAction: ACTION_ACCESSIBILITY_FOCUS - null]]
D/UiObject( 3103): getText() = Search for your city
I/QueryController( 3103): Matched selector: UiSelector[INSTANCE=0, RESOURCE_ID=com.quikr:id/search_ET] <<==>> [android.view.accessibility.AccessibilityNodeInfo@800691ac; boundsInParent: Rect(0, 0 - 1188, 121); boundsInScreen: Rect(196, 125 - 1384, 246); packageName: com.quikr; className: android.widget.EditText; text: Search for your city; error: null; maxTextLength: -1; contentDescription: null; viewIdResName: com.quikr:id/search_ET; checkable: false; checked: false; focusable: true; focused: true; selected: false; clickable: true; longClickable: true; enabled: true; password: false; scrollable: false; actions: [AccessibilityAction: ACTION_CLEAR_FOCUS - null, AccessibilityAction: ACTION_SELECT - null, AccessibilityAction: ACTION_CLEAR_SELECTION - null, AccessibilityAction: ACTION_CLICK - null, AccessibilityAction: ACTION_LONG_CLICK - null, AccessibilityAction: ACTION_ACCESSIBILITY_FOCUS - null]]
I/QueryController( 3103): Matched selector: UiSelector[INSTANCE=0, RESOURCE_ID=com.quikr:id/search_ET] <<==>> [android.view.accessibility.AccessibilityNodeInfo@800691ac; boundsInParent: Rect(0, 0 - 1188, 121); boundsInScreen: Rect(196, 125 - 1384, 246); packageName: com.quikr; className: android.widget.EditText; text: Search for your city; error: null; maxTextLength: -1; contentDescription: null; viewIdResName: com.quikr:id/search_ET; checkable: false; checked: false; focusable: true; focused: true; selected: false; clickable: true; longClickable: true; enabled: true; password: false; scrollable: false; actions: [AccessibilityAction: ACTION_CLEAR_FOCUS - null, AccessibilityAction: ACTION_SELECT - null, AccessibilityAction: ACTION_CLEAR_SELECTION - null, AccessibilityAction: ACTION_CLICK - null, AccessibilityAction: ACTION_LONG_CLICK - null, AccessibilityAction: ACTION_ACCESSIBILITY_FOCUS - null]]
D/UiObject( 3103): getText() = Search for your city
I/QueryController( 3103): Matched selector: UiSelector[INSTANCE=0, RESOURCE_ID=com.quikr:id/search_ET] <<==>> [android.view.accessibility.AccessibilityNodeInfo@800691ac; boundsInParent: Rect(0, 0 - 1188, 121); boundsInScreen: Rect(196, 125 - 1384, 246); packageName: com.quikr; className: android.widget.EditText; text: Search for your city; error: null; maxTextLength: -1; contentDescription: null; viewIdResName: com.quikr:id/search_ET; checkable: false; checked: false; focusable: true; focused: true; selected: false; clickable: true; longClickable: true; enabled: true; password: false; scrollable: false; actions: [AccessibilityAction: ACTION_CLEAR_FOCUS - null, AccessibilityAction: ACTION_SELECT - null, AccessibilityAction: ACTION_CLEAR_SELECTION - null, AccessibilityAction: ACTION_CLICK - null, AccessibilityAction: ACTION_LONG_CLICK - null, AccessibilityAction: ACTION_ACCESSIBILITY_FOCUS - null]]
D/UiObject( 3103): getText() = Search for your city
I/QueryController( 3103): Matched selector: UiSelector[INSTANCE=0, RESOURCE_ID=com.quikr:id/search_ET] <<==>> [android.view.accessibility.AccessibilityNodeInfo@800691ac; boundsInParent: Rect(0, 0 - 1188, 121); boundsInScreen: Rect(196, 125 - 1384, 246); packageName: com.quikr; className: android.widget.EditText; text: Search for your city; error: null; maxTextLength: -1; contentDescription: null; viewIdResName: com.quikr:id/search_ET; checkable: false; checked: false; focusable: true; focused: true; selected: false; clickable: true; longClickable: true; enabled: true; password: false; scrollable: false; actions: [AccessibilityAction: ACTION_CLEAR_FOCUS - null, AccessibilityAction: ACTION_SELECT - null, AccessibilityAction: ACTION_CLEAR_SELECTION - null, AccessibilityAction: ACTION_CLICK - null, AccessibilityAction: ACTION_LONG_CLICK - null, AccessibilityAction: ACTION_ACCESSIBILITY_FOCUS - null]]
I/QueryController( 3103): Matched selector: UiSelector[INSTANCE=0, RESOURCE_ID=com.quikr:id/city_name] <<==>> [android.view.accessibility.AccessibilityNodeInfo@80069cef; boundsInParent: Rect(0, 0 - 270, 81); boundsInScreen: Rect(70, 331 - 340, 412); packageName: com.quikr; className: android.widget.TextView; text: Bangalore; error: null; maxTextLength: -1; contentDescription: null; viewIdResName: com.quikr:id/city_name; checkable: false; checked: false; focusable: false; focused: false; selected: false; clickable: false; longClickable: false; enabled: true; password: false; scrollable: false; actions: [AccessibilityAction: ACTION_SELECT - null, AccessibilityAction: ACTION_CLEAR_SELECTION - null, AccessibilityAction: ACTION_ACCESSIBILITY_FOCUS - null, AccessibilityAction: ACTION_NEXT_AT_MOVEMENT_GRANULARITY - null, AccessibilityAction: ACTION_PREVIOUS_AT_MOVEMENT_GRANULARITY - null, AccessibilityAction: ACTION_SET_SELECTION - null]]
I/QueryController( 3103): Matched selector: UiSelector[INSTANCE=0, RESOURCE_ID=com.quikr:id/city_name] <<==>> [android.view.accessibility.AccessibilityNodeInfo@80069cef; boundsInParent: Rect(0, 0 - 270, 81); boundsInScreen: Rect(70, 331 - 340, 412); packageName: com.quikr; className: android.widget.TextView; text: Bangalore; error: null; maxTextLength: -1; contentDescription: null; viewIdResName: com.quikr:id/city_name; checkable: false; checked: false; focusable: false; focused: false; selected: false; clickable: false; longClickable: false; enabled: true; password: false; scrollable: false; actions: [AccessibilityAction: ACTION_SELECT - null, AccessibilityAction: ACTION_CLEAR_SELECTION - null, AccessibilityAction: ACTION_ACCESSIBILITY_FOCUS - null, AccessibilityAction: ACTION_NEXT_AT_MOVEMENT_GRANULARITY - null, AccessibilityAction: ACTION_PREVIOUS_AT_MOVEMENT_GRANULARITY - null, AccessibilityAction: ACTION_SET_SELECTION - null]]
I/QueryController( 3103): Matched selector: UiSelector[INSTANCE=0, RESOURCE_ID=com.quikr:id/city_name] <<==>> [android.view.accessibility.AccessibilityNodeInfo@80069cef; boundsInParent: Rect(0, 0 - 270, 81); boundsInScreen: Rect(70, 331 - 340, 412); packageName: com.quikr; className: android.widget.TextView; text: Bangalore; error: null; maxTextLength: -1; contentDescription: null; viewIdResName: com.quikr:id/city_name; checkable: false; checked: false; focusable: false; focused: false; selected: false; clickable: false; longClickable: false; enabled: true; password: false; scrollable: false; actions: [AccessibilityAction: ACTION_SELECT - null, AccessibilityAction: ACTION_CLEAR_SELECTION - null, AccessibilityAction: ACTION_ACCESSIBILITY_FOCUS - null, AccessibilityAction: ACTION_NEXT_AT_MOVEMENT_GRANULARITY - null, AccessibilityAction: ACTION_PREVIOUS_AT_MOVEMENT_GRANULARITY - null, AccessibilityAction: ACTION_SET_SELECTION - null]]
I/QueryController( 3103): Matched selector: UiSelector[INSTANCE=0, RESOURCE_ID=com.quikr:id/city_name] <<==>> [android.view.accessibility.AccessibilityNodeInfo@80069cef; boundsInParent: Rect(0, 0 - 270, 81); boundsInScreen: Rect(70, 331 - 340, 412); packageName: com.quikr; className: android.widget.TextView; text: Bangalore; error: null; maxTextLength: -1; contentDescription: null; viewIdResName: com.quikr:id/city_name; checkable: false; checked: false; focusable: false; focused: false; selected: false; clickable: false; longClickable: false; enabled: true; password: false; scrollable: false; actions: [AccessibilityAction: ACTION_SELECT - null, AccessibilityAction: ACTION_CLEAR_SELECTION - null, AccessibilityAction: ACTION_ACCESSIBILITY_FOCUS - null, AccessibilityAction: ACTION_NEXT_AT_MOVEMENT_GRANULARITY - null, AccessibilityAction: ACTION_PREVIOUS_AT_MOVEMENT_GRANULARITY - null, AccessibilityAction: ACTION_SET_SELECTION - null]]
D/InteractionController( 3103): clickAndSync(205, 371)
W/AudioTrack(  654): AUDIO_OUTPUT_FLAG_FAST denied by client
W/EGL_emulation( 3137): eglSurfaceAttrib not implemented
W/OpenGLRenderer( 3137): Failed to set EGL_SWAP_BEHAVIOR on surface 0xb69ac4c0, error=EGL_SUCCESS
W/CursorWrapperInner( 3137): Cursor finalized without prior close()
D/DynamitePackage( 3137): Instantiating com.google.android.gms.ads.ChimeraAdManagerCreatorImpl
I/Ads     ( 3137): Starting ad request.
I/Ads     ( 3137): Use AdRequest.Builder.addTestDevice("0BEA1056F512396E3C2B40FD0D2F8BBA") to get test ads on this device.
W/GCoreFlp(  917): No location to return for getLastLocation()
W/Ads     ( 1275): Location is not available. Returning null
I/AccessibilityNodeInfoDumper( 3103): Skipping invisible child: android.view.accessibility.AccessibilityNodeInfo@80027693; boundsInParent: Rect(0, 0 - 1440, 0); boundsInScreen: Rect(0, 284 - 1440, 284); packageName: com.quikr; className: android.widget.HorizontalScrollView; text: null; error: null; maxTextLength: -1; contentDescription: null; viewIdResName: com.quikr:id/sliding_tab_layout; checkable: false; checked: false; focusable: true; focused: false; selected: false; clickable: false; longClickable: false; enabled: true; password: false; scrollable: false; actions: [AccessibilityAction: ACTION_FOCUS - null, AccessibilityAction: ACTION_SELECT - null, AccessibilityAction: ACTION_CLEAR_SELECTION - null, AccessibilityAction: ACTION_ACCESSIBILITY_FOCUS - null]
I/AccessibilityNodeInfoDumper( 3103): Skipping invisible child: android.view.accessibility.AccessibilityNodeInfo@80027a54; boundsInParent: Rect(0, 0 - 196, 0); boundsInScreen: Rect(0, 284 - 196, 284); packageName: com.quikr; className: android.view.View; text: null; error: null; maxTextLength: -1; contentDescription: null; viewIdResName: com.quikr:id/dummy_view; checkable: false; checked: false; focusable: false; focused: false; selected: false; clickable: false; longClickable: false; enabled: true; password: false; scrollable: false; actions: [AccessibilityAction: ACTION_SELECT - null, AccessibilityAction: ACTION_CLEAR_SELECTION - null, AccessibilityAction: ACTION_ACCESSIBILITY_FOCUS - null]
I/AccessibilityNodeInfoDumper( 3103): Skipping invisible child: android.view.accessibility.AccessibilityNodeInfo@8002949b; boundsInParent: Rect(0, 0 - 1440, 0); boundsInScreen: Rect(0, 284 - 1440, 284); packageName: com.quikr; className: android.widget.FrameLayout; text: null; error: null; maxTextLength: -1; contentDescription: null; viewIdResName: null; checkable: false; checked: false; focusable: false; focused: false; selected: false; clickable: false; longClickable: false; enabled: true; password: false; scrollable: false; actions: [AccessibilityAction: ACTION_SELECT - null, AccessibilityAction: ACTION_CLEAR_SELECTION - null, AccessibilityAction: ACTION_ACCESSIBILITY_FOCUS - null]
W/System  ( 3137): Ignoring header Content-Type because its value was null.
I/art     ( 3137): Background partial concurrent mark sweep GC freed 8139(460KB) AllocSpace objects, 13(30MB) LOS objects, 15% free, 84MB/100MB, paused 8.742ms total 90.597ms
I/Ads     ( 3137): Trying mediation network: 5450213213286189855
I/Ads     ( 3137): Instantiating mediation adapter: com.google.ads.mediation.admob.AdMobAdapter
W/Ads     ( 3137): Server parameters: {"pubid":"ca-app-pub-2193677682539452\/2709935128","gwhirl_share_location":"1"}
D/DynamitePackage( 3137): Instantiating com.google.android.gms.ads.ChimeraAdManagerCreatorImpl
I/Ads     ( 3137): Starting ad request.
I/Ads     ( 3137): Use AdRequest.Builder.addTestDevice("0BEA1056F512396E3C2B40FD0D2F8BBA") to get test ads on this device.
W/GCoreFlp(  917): No location to return for getLastLocation()
W/Ads     ( 1275): Location is not available. Returning null
D/WifiService(  654): acquireWifiLockLocked: WifiLock{NlpWifiLock type=2 binder=android.os.BinderProxy@33b46aea}
I/AccessibilityNodeInfoDumper( 3103): Skipping invisible child: android.view.accessibility.AccessibilityNodeInfo@80029c1d; boundsInParent: Rect(0, 0 - 1440, 0); boundsInScreen: Rect(0, 1369 - 1440, 1369); packageName: com.quikr; className: android.widget.FrameLayout; text: null; error: null; maxTextLength: -1; contentDescription: null; viewIdResName: null; checkable: false; checked: false; focusable: false; focused: false; selected: false; clickable: false; longClickable: false; enabled: true; password: false; scrollable: false; actions: [AccessibilityAction: ACTION_SELECT - null, AccessibilityAction: ACTION_CLEAR_SELECTION - null, AccessibilityAction: ACTION_ACCESSIBILITY_FOCUS - null]
I/AccessibilityNodeInfoDumper( 3103): Skipping invisible child: android.view.accessibility.AccessibilityNodeInfo@80045352; boundsInParent: Rect(0, 0 - 1299, 438); boundsInScreen: Rect(0, 1453 - -1297, 1891); packageName: com.quikr; className: android.widget.RelativeLayout; text: null; error: null; maxTextLength: -1; contentDescription: null; viewIdResName: com.quikr:id/parent_layout; checkable: false; checked: false; focusable: true; focused: false; selected: false; clickable: true; longClickable: false; enabled: true; password: false; scrollable: false; actions: [AccessibilityAction: ACTION_FOCUS - null, AccessibilityAction: ACTION_SELECT - null, AccessibilityAction: ACTION_CLEAR_SELECTION - null, AccessibilityAction: ACTION_CLICK - null, AccessibilityAction: ACTION_ACCESSIBILITY_FOCUS - null]
I/AccessibilityNodeInfoDumper( 3103): Skipping invisible child: android.view.accessibility.AccessibilityNodeInfo@80067764; boundsInParent: Rect(0, 0 - 1299, 438); boundsInScreen: Rect(2741, 1453 - 1440, 1891); packageName: com.quikr; className: android.widget.RelativeLayout; text: null; error: null; maxTextLength: -1; contentDescription: null; viewIdResName: com.quikr:id/parent_layout; checkable: false; checked: false; focusable: true; focused: false; selected: false; clickable: true; longClickable: false; enabled: true; password: false; scrollable: false; actions: [AccessibilityAction: ACTION_FOCUS - null, AccessibilityAction: ACTION_SELECT - null, AccessibilityAction: ACTION_CLEAR_SELECTION - null, AccessibilityAction: ACTION_CLICK - null, AccessibilityAction: ACTION_ACCESSIBILITY_FOCUS - null]
I/AccessibilityNodeInfoDumper( 3103): Skipping invisible child: android.view.accessibility.AccessibilityNodeInfo@8002a39f; boundsInParent: Rect(0, 0 - 1440, 0); boundsInScreen: Rect(0, 1930 - 1440, 1930); packageName: com.quikr; className: android.widget.FrameLayout; text: null; error: null; maxTextLength: -1; contentDescription: null; viewIdResName: null; checkable: false; checked: false; focusable: false; focused: false; selected: false; clickable: false; longClickable: false; enabled: true; password: false; scrollable: false; actions: [AccessibilityAction: ACTION_SELECT - null, AccessibilityAction: ACTION_CLEAR_SELECTION - null, AccessibilityAction: ACTION_ACCESSIBILITY_FOCUS - null]
W/art     ( 3137): Attempt to remove local handle scope entry from IRT, ignoring
W/AwContents( 3137): onDetachedFromWindow called when already detached. Ignoring
W/art     ( 3137): Attempt to remove local handle scope entry from IRT, ignoring
W/art     ( 3137): Attempt to remove local handle scope entry from IRT, ignoring
I/AccessibilityNodeInfoDumper( 3103): Skipping invisible child: android.view.accessibility.AccessibilityNodeInfo@800530cd; boundsInParent: Rect(0, 0 - 380, 35); boundsInScreen: Rect(35, 2480 - 415, 2392); packageName: com.quikr; className: android.view.View; text: null; error: null; maxTextLength: -1; contentDescription: null; viewIdResName: null; checkable: false; checked: false; focusable: false; focused: false; selected: false; clickable: false; longClickable: false; enabled: true; password: false; scrollable: false; actions: [AccessibilityAction: ACTION_SELECT - null, AccessibilityAction: ACTION_CLEAR_SELECTION - null, AccessibilityAction: ACTION_ACCESSIBILITY_FOCUS - null]
I/AccessibilityNodeInfoDumper( 3103): Skipping invisible child: android.view.accessibility.AccessibilityNodeInfo@8005348e; boundsInParent: Rect(0, 0 - 310, 35); boundsInScreen: Rect(35, 2550 - 345, 2392); packageName: com.quikr; className: android.view.View; text: null; error: null; maxTextLength: -1; contentDescription: null; viewIdResName: null; checkable: false; checked: false; focusable: false; focused: false; selected: false; clickable: false; longClickable: false; enabled: true; password: false; scrollable: false; actions: [AccessibilityAction: ACTION_SELECT - null, AccessibilityAction: ACTION_CLEAR_SELECTION - null, AccessibilityAction: ACTION_ACCESSIBILITY_FOCUS - null]
I/AccessibilityNodeInfoDumper( 3103): Skipping invisible child: android.view.accessibility.AccessibilityNodeInfo@80054392; boundsInParent: Rect(0, 0 - 380, 35); boundsInScreen: Rect(590, 2480 - 970, 2392); packageName: com.quikr; className: android.view.View; text: null; error: null; maxTextLength: -1; contentDescription: null; viewIdResName: null; checkable: false; checked: false; focusable: false; focused: false; selected: false; clickable: false; longClickable: false; enabled: true; password: false; scrollable: false; actions: [AccessibilityAction: ACTION_SELECT - null, AccessibilityAction: ACTION_CLEAR_SELECTION - null, AccessibilityAction: ACTION_ACCESSIBILITY_FOCUS - null]
I/AccessibilityNodeInfoDumper( 3103): Skipping invisible child: android.view.accessibility.AccessibilityNodeInfo@80054753; boundsInParent: Rect(0, 0 - 310, 35); boundsInScreen: Rect(590, 2550 - 900, 2392); packageName: com.quikr; className: android.view.View; text: null; error: null; maxTextLength: -1; contentDescription: null; viewIdResName: null; checkable: false; checked: false; focusable: false; focused: false; selected: false; clickable: false; longClickable: false; enabled: true; password: false; scrollable: false; actions: [AccessibilityAction: ACTION_SELECT - null, AccessibilityAction: ACTION_CLEAR_SELECTION - null, AccessibilityAction: ACTION_ACCESSIBILITY_FOCUS - null]
I/AccessibilityNodeInfoDumper( 3103): Skipping invisible child: android.view.accessibility.AccessibilityNodeInfo@80055657; boundsInParent: Rect(0, 0 - 260, 35); boundsInScreen: Rect(1145, 2480 - 1405, 2392); packageName: com.quikr; className: android.view.View; text: null; error: null; maxTextLength: -1; contentDescription: null; viewIdResName: null; checkable: false; checked: false; focusable: false; focused: false; selected: false; clickable: false; longClickable: false; enabled: true; password: false; scrollable: false; actions: [AccessibilityAction: ACTION_SELECT - null, AccessibilityAction: ACTION_CLEAR_SELECTION - null, AccessibilityAction: ACTION_ACCESSIBILITY_FOCUS - null]
I/AccessibilityNodeInfoDumper( 3103): Skipping invisible child: android.view.accessibility.AccessibilityNodeInfo@80055a18; boundsInParent: Rect(0, 0 - 260, 35); boundsInScreen: Rect(1145, 2550 - 1405, 2392); packageName: com.quikr; className: android.view.View; text: null; error: null; maxTextLength: -1; contentDescription: null; viewIdResName: null; checkable: false; checked: false; focusable: false; focused: false; selected: false; clickable: false; longClickable: false; enabled: true; password: false; scrollable: false; actions: [AccessibilityAction: ACTION_SELECT - null, AccessibilityAction: ACTION_CLEAR_SELECTION - null, AccessibilityAction: ACTION_ACCESSIBILITY_FOCUS - null]
I/AccessibilityNodeInfoDumper( 3103): Skipping invisible child: android.view.accessibility.AccessibilityNodeInfo@8002ab21; boundsInParent: Rect(0, 0 - 1440, 878); boundsInScreen: Rect(0, 2620 - 1440, 2392); packageName: com.quikr; className: android.widget.FrameLayout; text: null; error: null; maxTextLength: -1; contentDescription: null; viewIdResName: null; checkable: false; checked: false; focusable: false; focused: false; selected: false; clickable: false; longClickable: false; enabled: true; password: false; scrollable: false; actions: [AccessibilityAction: ACTION_SELECT - null, AccessibilityAction: ACTION_CLEAR_SELECTION - null, AccessibilityAction: ACTION_ACCESSIBILITY_FOCUS - null]
I/AccessibilityNodeInfoDumper( 3103): Skipping invisible child: android.view.accessibility.AccessibilityNodeInfo@8002aee2; boundsInParent: Rect(0, 0 - 1440, 266); boundsInScreen: Rect(0, 3551 - 1440, 2392); packageName: com.quikr; className: android.widget.RelativeLayout; text: null; error: null; maxTextLength: -1; contentDescription: null; viewIdResName: null; checkable: false; checked: false; focusable: false; focused: false; selected: false; clickable: false; longClickable: false; enabled: true; password: false; scrollable: false; actions: [AccessibilityAction: ACTION_SELECT - null, AccessibilityAction: ACTION_CLEAR_SELECTION - null, AccessibilityAction: ACTION_ACCESSIBILITY_FOCUS - null]
I/AccessibilityNodeInfoDumper( 3103): Skipping invisible child: android.view.accessibility.AccessibilityNodeInfo@8002b2a3; boundsInParent: Rect(0, 0 - 1440, 302); boundsInScreen: Rect(0, 3817 - 1440, 2392); packageName: com.quikr; className: android.widget.FrameLayout; text: null; error: null; maxTextLength: -1; contentDescription: null; viewIdResName: null; checkable: false; checked: false; focusable: false; focused: false; selected: false; clickable: false; longClickable: false; enabled: true; password: false; scrollable: false; actions: [AccessibilityAction: ACTION_SELECT - null, AccessibilityAction: ACTION_CLEAR_SELECTION - null, AccessibilityAction: ACTION_ACCESSIBILITY_FOCUS - null]
I/AccessibilityNodeInfoDumper( 3103): Skipping invisible child: android.view.accessibility.AccessibilityNodeInfo@8002b664; boundsInParent: Rect(0, 0 - 1440, 945); boundsInScreen: Rect(0, 4172 - 1440, 2392); packageName: com.quikr; className: android.widget.FrameLayout; text: null; error: null; maxTextLength: -1; contentDescription: null; viewIdResName: com.quikr:id/ad_container; checkable: false; checked: false; focusable: false; focused: false; selected: false; clickable: false; longClickable: false; enabled: true; password: false; scrollable: false; actions: [AccessibilityAction: ACTION_SELECT - null, AccessibilityAction: ACTION_CLEAR_SELECTION - null, AccessibilityAction: ACTION_ACCESSIBILITY_FOCUS - null]
I/AccessibilityNodeInfoDumper( 3103): Skipping invisible child: android.view.accessibility.AccessibilityNodeInfo@8002ba25; boundsInParent: Rect(0, 0 - 1440, 537); boundsInScreen: Rect(0, 5117 - 1440, 2392); packageName: com.quikr; className: android.widget.LinearLayout; text: null; error: null; maxTextLength: -1; contentDescription: null; viewIdResName: null; checkable: false; checked: false; focusable: false; focused: false; selected: false; clickable: false; longClickable: false; enabled: true; password: false; scrollable: false; actions: [AccessibilityAction: ACTION_SELECT - null, AccessibilityAction: ACTION_CLEAR_SELECTION - null, AccessibilityAction: ACTION_ACCESSIBILITY_FOCUS - null]
I/AccessibilityNodeInfoDumper( 3103): Skipping invisible child: android.view.accessibility.AccessibilityNodeInfo@8002bde6; boundsInParent: Rect(0, 0 - 0, 0); boundsInScreen: Rect(0, 5654 - 0, 2392); packageName: com.quikr; className: android.widget.FrameLayout; text: null; error: null; maxTextLength: -1; contentDescription: null; viewIdResName: com.quikr:id/location_fragment_container; checkable: false; checked: false; focusable: false; focused: false; selected: false; clickable: false; longClickable: false; enabled: true; password: false; scrollable: false; actions: [AccessibilityAction: ACTION_SELECT - null, AccessibilityAction: ACTION_CLEAR_SELECTION - null, AccessibilityAction: ACTION_ACCESSIBILITY_FOCUS - null]
I/AccessibilityNodeInfoDumper( 3103): Skipping invisible child: android.view.accessibility.AccessibilityNodeInfo@8002c1a7; boundsInParent: Rect(0, 0 - 1260, 384); boundsInScreen: Rect(0, 5654 - 1260, 2392); packageName: com.quikr; className: android.widget.ImageView; text: null; error: null; maxTextLength: -1; contentDescription: null; viewIdResName: null; checkable: false; checked: false; focusable: false; focused: false; selected: false; clickable: false; longClickable: false; enabled: true; password: false; scrollable: false; actions: [AccessibilityAction: ACTION_SELECT - null, AccessibilityAction: ACTION_CLEAR_SELECTION - null, AccessibilityAction: ACTION_ACCESSIBILITY_FOCUS - null]
I/AccessibilityNodeInfoDumper( 3103): Skipping invisible child: android.view.accessibility.AccessibilityNodeInfo@80028597; boundsInParent: Rect(0, 0 - 1440, 0); boundsInScreen: Rect(0, 2392 - 1440, 2392); packageName: com.quikr; className: android.widget.FrameLayout; text: null; error: null; maxTextLength: -1; contentDescription: null; viewIdResName: com.quikr:id/bottom_ad_section; checkable: false; checked: false; focusable: false; focused: false; selected: false; clickable: false; longClickable: false; enabled: true; password: false; scrollable: false; actions: [AccessibilityAction: ACTION_SELECT - null, AccessibilityAction: ACTION_CLEAR_SELECTION - null, AccessibilityAction: ACTION_ACCESSIBILITY_FOCUS - null]
W/AccessibilityNodeInfoDumper( 3103): Fetch time: 1688ms
D/WifiService(  654): acquireWifiLockLocked: WifiLock{NlpWifiLock type=2 binder=android.os.BinderProxy@a382faf}
I/QueryController( 3103): Matched selector: UiSelector[CLASS=android.widget.TextView, INSTANCE=2, COUNT=2] <<==>> [android.view.accessibility.AccessibilityNodeInfo@8001a09a; boundsInParent: Rect(524245, 0 - 524331, 57); boundsInScreen: Rect(135, 485 - 221, 542); packageName: com.quikr; className: android.widget.TextView; text: Cars; error: null; maxTextLength: -1; contentDescription: null; viewIdResName: com.quikr:id/titleCat; checkable: false; checked: false; focusable: false; focused: false; selected: false; clickable: false; longClickable: false; enabled: true; password: false; scrollable: false; actions: [AccessibilityAction: ACTION_SELECT - null, AccessibilityAction: ACTION_CLEAR_SELECTION - null, AccessibilityAction: ACTION_ACCESSIBILITY_FOCUS - null, AccessibilityAction: ACTION_NEXT_AT_MOVEMENT_GRANULARITY - null, AccessibilityAction: ACTION_PREVIOUS_AT_MOVEMENT_GRANULARITY - null, AccessibilityAction: ACTION_SET_SELECTION - null]]
D/WifiService(  654): releaseWifiLockLocked: WifiLock{NlpWifiLock type=2 binder=android.os.BinderProxy@a382faf}
D/WifiService(  654): releaseWifiLockLocked: WifiLock{NlpWifiLock type=2 binder=android.os.BinderProxy@33b46aea}
I/QueryController( 3103): Matched selector: UiSelector[CLASS=android.widget.TextView, INSTANCE=2, COUNT=2] <<==>> [android.view.accessibility.AccessibilityNodeInfo@8001a09a; boundsInParent: Rect(524245, 0 - 524331, 57); boundsInScreen: Rect(135, 485 - 221, 542); packageName: com.quikr; className: android.widget.TextView; text: Cars; error: null; maxTextLength: -1; contentDescription: null; viewIdResName: com.quikr:id/titleCat; checkable: false; checked: false; focusable: false; focused: false; selected: false; clickable: false; longClickable: false; enabled: true; password: false; scrollable: false; actions: [AccessibilityAction: ACTION_SELECT - null, AccessibilityAction: ACTION_CLEAR_SELECTION - null, AccessibilityAction: ACTION_ACCESSIBILITY_FOCUS - null, AccessibilityAction: ACTION_NEXT_AT_MOVEMENT_GRANULARITY - null, AccessibilityAction: ACTION_PREVIOUS_AT_MOVEMENT_GRANULARITY - null, AccessibilityAction: ACTION_SET_SELECTION - null]]
D/InteractionController( 3103): clickAndSync(178, 513)
W/AudioTrack(  654): AUDIO_OUTPUT_FLAG_FAST denied by client
I/AccessibilityNodeInfoDumper( 3103): Skipping invisible child: android.view.accessibility.AccessibilityNodeInfo@80027693; boundsInParent: Rect(0, 0 - 1440, 0); boundsInScreen: Rect(0, 284 - 1440, 284); packageName: com.quikr; className: android.widget.HorizontalScrollView; text: null; error: null; maxTextLength: -1; contentDescription: null; viewIdResName: com.quikr:id/sliding_tab_layout; checkable: false; checked: false; focusable: true; focused: false; selected: false; clickable: false; longClickable: false; enabled: true; password: false; scrollable: false; actions: [AccessibilityAction: ACTION_FOCUS - null, AccessibilityAction: ACTION_SELECT - null, AccessibilityAction: ACTION_CLEAR_SELECTION - null, AccessibilityAction: ACTION_ACCESSIBILITY_FOCUS - null]
I/AccessibilityNodeInfoDumper( 3103): Skipping invisible child: android.view.accessibility.AccessibilityNodeInfo@80027a54; boundsInParent: Rect(0, 0 - 196, 0); boundsInScreen: Rect(0, 284 - 196, 284); packageName: com.quikr; className: android.view.View; text: null; error: null; maxTextLength: -1; contentDescription: null; viewIdResName: com.quikr:id/dummy_view; checkable: false; checked: false; focusable: false; focused: false; selected: false; clickable: false; longClickable: false; enabled: true; password: false; scrollable: false; actions: [AccessibilityAction: ACTION_SELECT - null, AccessibilityAction: ACTION_CLEAR_SELECTION - null, AccessibilityAction: ACTION_ACCESSIBILITY_FOCUS - null]
I/AccessibilityNodeInfoDumper( 3103): Skipping invisible child: android.view.accessibility.AccessibilityNodeInfo@8002949b; boundsInParent: Rect(0, 0 - 1440, 0); boundsInScreen: Rect(0, 284 - 1440, 284); packageName: com.quikr; className: android.widget.FrameLayout; text: null; error: null; maxTextLength: -1; contentDescription: null; viewIdResName: null; checkable: false; checked: false; focusable: false; focused: false; selected: false; clickable: false; longClickable: false; enabled: true; password: false; scrollable: false; actions: [AccessibilityAction: ACTION_SELECT - null, AccessibilityAction: ACTION_CLEAR_SELECTION - null, AccessibilityAction: ACTION_ACCESSIBILITY_FOCUS - null]
I/AccessibilityNodeInfoDumper( 3103): Skipping invisible child: android.view.accessibility.AccessibilityNodeInfo@80029c1d; boundsInParent: Rect(0, 0 - 1440, 0); boundsInScreen: Rect(0, 1369 - 1440, 1369); packageName: com.quikr; className: android.widget.FrameLayout; text: null; error: null; maxTextLength: -1; contentDescription: null; viewIdResName: null; checkable: false; checked: false; focusable: false; focused: false; selected: false; clickable: false; longClickable: false; enabled: true; password: false; scrollable: false; actions: [AccessibilityAction: ACTION_SELECT - null, AccessibilityAction: ACTION_CLEAR_SELECTION - null, AccessibilityAction: ACTION_ACCESSIBILITY_FOCUS - null]
I/AccessibilityNodeInfoDumper( 3103): Skipping invisible child: android.view.accessibility.AccessibilityNodeInfo@80045352; boundsInParent: Rect(0, 0 - 1299, 438); boundsInScreen: Rect(0, 1453 - -1297, 1891); packageName: com.quikr; className: android.widget.RelativeLayout; text: null; error: null; maxTextLength: -1; contentDescription: null; viewIdResName: com.quikr:id/parent_layout; checkable: false; checked: false; focusable: true; focused: false; selected: false; clickable: true; longClickable: false; enabled: true; password: false; scrollable: false; actions: [AccessibilityAction: ACTION_FOCUS - null, AccessibilityAction: ACTION_SELECT - null, AccessibilityAction: ACTION_CLEAR_SELECTION - null, AccessibilityAction: ACTION_CLICK - null, AccessibilityAction: ACTION_ACCESSIBILITY_FOCUS - null]
I/AccessibilityNodeInfoDumper( 3103): Skipping invisible child: android.view.accessibility.AccessibilityNodeInfo@80067764; boundsInParent: Rect(0, 0 - 1299, 438); boundsInScreen: Rect(2741, 1453 - 1440, 1891); packageName: com.quikr; className: android.widget.RelativeLayout; text: null; error: null; maxTextLength: -1; contentDescription: null; viewIdResName: com.quikr:id/parent_layout; checkable: false; checked: false; focusable: true; focused: false; selected: false; clickable: true; longClickable: false; enabled: true; password: false; scrollable: false; actions: [AccessibilityAction: ACTION_FOCUS - null, AccessibilityAction: ACTION_SELECT - null, AccessibilityAction: ACTION_CLEAR_SELECTION - null, AccessibilityAction: ACTION_CLICK - null, AccessibilityAction: ACTION_ACCESSIBILITY_FOCUS - null]
I/AccessibilityNodeInfoDumper( 3103): Skipping invisible child: android.view.accessibility.AccessibilityNodeInfo@8002a39f; boundsInParent: Rect(0, 0 - 1440, 0); boundsInScreen: Rect(0, 1930 - 1440, 1930); packageName: com.quikr; className: android.widget.FrameLayout; text: null; error: null; maxTextLength: -1; contentDescription: null; viewIdResName: null; checkable: false; checked: false; focusable: false; focused: false; selected: false; clickable: false; longClickable: false; enabled: true; password: false; scrollable: false; actions: [AccessibilityAction: ACTION_SELECT - null, AccessibilityAction: ACTION_CLEAR_SELECTION - null, AccessibilityAction: ACTION_ACCESSIBILITY_FOCUS - null]
I/AccessibilityNodeInfoDumper( 3103): Skipping invisible child: android.view.accessibility.AccessibilityNodeInfo@800530cd; boundsInParent: Rect(0, 0 - 380, 35); boundsInScreen: Rect(35, 2480 - 415, 2392); packageName: com.quikr; className: android.view.View; text: null; error: null; maxTextLength: -1; contentDescription: null; viewIdResName: null; checkable: false; checked: false; focusable: false; focused: false; selected: false; clickable: false; longClickable: false; enabled: true; password: false; scrollable: false; actions: [AccessibilityAction: ACTION_SELECT - null, AccessibilityAction: ACTION_CLEAR_SELECTION - null, AccessibilityAction: ACTION_ACCESSIBILITY_FOCUS - null]
I/AccessibilityNodeInfoDumper( 3103): Skipping invisible child: android.view.accessibility.AccessibilityNodeInfo@8005348e; boundsInParent: Rect(0, 0 - 310, 35); boundsInScreen: Rect(35, 2550 - 345, 2392); packageName: com.quikr; className: android.view.View; text: null; error: null; maxTextLength: -1; contentDescription: null; viewIdResName: null; checkable: false; checked: false; focusable: false; focused: false; selected: false; clickable: false; longClickable: false; enabled: true; password: false; scrollable: false; actions: [AccessibilityAction: ACTION_SELECT - null, AccessibilityAction: ACTION_CLEAR_SELECTION - null, AccessibilityAction: ACTION_ACCESSIBILITY_FOCUS - null]
I/AccessibilityNodeInfoDumper( 3103): Skipping invisible child: android.view.accessibility.AccessibilityNodeInfo@80054392; boundsInParent: Rect(0, 0 - 380, 35); boundsInScreen: Rect(590, 2480 - 970, 2392); packageName: com.quikr; className: android.view.View; text: null; error: null; maxTextLength: -1; contentDescription: null; viewIdResName: null; checkable: false; checked: false; focusable: false; focused: false; selected: false; clickable: false; longClickable: false; enabled: true; password: false; scrollable: false; actions: [AccessibilityAction: ACTION_SELECT - null, AccessibilityAction: ACTION_CLEAR_SELECTION - null, AccessibilityAction: ACTION_ACCESSIBILITY_FOCUS - null]
I/AccessibilityNodeInfoDumper( 3103): Skipping invisible child: android.view.accessibility.AccessibilityNodeInfo@80054753; boundsInParent: Rect(0, 0 - 310, 35); boundsInScreen: Rect(590, 2550 - 900, 2392); packageName: com.quikr; className: android.view.View; text: null; error: null; maxTextLength: -1; contentDescription: null; viewIdResName: null; checkable: false; checked: false; focusable: false; focused: false; selected: false; clickable: false; longClickable: false; enabled: true; password: false; scrollable: false; actions: [AccessibilityAction: ACTION_SELECT - null, AccessibilityAction: ACTION_CLEAR_SELECTION - null, AccessibilityAction: ACTION_ACCESSIBILITY_FOCUS - null]
I/AccessibilityNodeInfoDumper( 3103): Skipping invisible child: android.view.accessibility.AccessibilityNodeInfo@80055657; boundsInParent: Rect(0, 0 - 260, 35); boundsInScreen: Rect(1145, 2480 - 1405, 2392); packageName: com.quikr; className: android.view.View; text: null; error: null; maxTextLength: -1; contentDescription: null; viewIdResName: null; checkable: false; checked: false; focusable: false; focused: false; selected: false; clickable: false; longClickable: false; enabled: true; password: false; scrollable: false; actions: [AccessibilityAction: ACTION_SELECT - null, AccessibilityAction: ACTION_CLEAR_SELECTION - null, AccessibilityAction: ACTION_ACCESSIBILITY_FOCUS - null]
I/AccessibilityNodeInfoDumper( 3103): Skipping invisible child: android.view.accessibility.AccessibilityNodeInfo@80055a18; boundsInParent: Rect(0, 0 - 260, 35); boundsInScreen: Rect(1145, 2550 - 1405, 2392); packageName: com.quikr; className: android.view.View; text: null; error: null; maxTextLength: -1; contentDescription: null; viewIdResName: null; checkable: false; checked: false; focusable: false; focused: false; selected: false; clickable: false; longClickable: false; enabled: true; password: false; scrollable: false; actions: [AccessibilityAction: ACTION_SELECT - null, AccessibilityAction: ACTION_CLEAR_SELECTION - null, AccessibilityAction: ACTION_ACCESSIBILITY_FOCUS - null]
I/AccessibilityNodeInfoDumper( 3103): Skipping invisible child: android.view.accessibility.AccessibilityNodeInfo@8002ab21; boundsInParent: Rect(0, 0 - 1440, 878); boundsInScreen: Rect(0, 2620 - 1440, 2392); packageName: com.quikr; className: android.widget.FrameLayout; text: null; error: null; maxTextLength: -1; contentDescription: null; viewIdResName: null; checkable: false; checked: false; focusable: false; focused: false; selected: false; clickable: false; longClickable: false; enabled: true; password: false; scrollable: false; actions: [AccessibilityAction: ACTION_SELECT - null, AccessibilityAction: ACTION_CLEAR_SELECTION - null, AccessibilityAction: ACTION_ACCESSIBILITY_FOCUS - null]
I/AccessibilityNodeInfoDumper( 3103): Skipping invisible child: android.view.accessibility.AccessibilityNodeInfo@8002aee2; boundsInParent: Rect(0, 0 - 1440, 266); boundsInScreen: Rect(0, 3551 - 1440, 2392); packageName: com.quikr; className: android.widget.RelativeLayout; text: null; error: null; maxTextLength: -1; contentDescription: null; viewIdResName: null; checkable: false; checked: false; focusable: false; focused: false; selected: false; clickable: false; longClickable: false; enabled: true; password: false; scrollable: false; actions: [AccessibilityAction: ACTION_SELECT - null, AccessibilityAction: ACTION_CLEAR_SELECTION - null, AccessibilityAction: ACTION_ACCESSIBILITY_FOCUS - null]
I/AccessibilityNodeInfoDumper( 3103): Skipping invisible child: android.view.accessibility.AccessibilityNodeInfo@8002b2a3; boundsInParent: Rect(0, 0 - 1440, 302); boundsInScreen: Rect(0, 3817 - 1440, 2392); packageName: com.quikr; className: android.widget.FrameLayout; text: null; error: null; maxTextLength: -1; contentDescription: null; viewIdResName: null; checkable: false; checked: false; focusable: false; focused: false; selected: false; clickable: false; longClickable: false; enabled: true; password: false; scrollable: false; actions: [AccessibilityAction: ACTION_SELECT - null, AccessibilityAction: ACTION_CLEAR_SELECTION - null, AccessibilityAction: ACTION_ACCESSIBILITY_FOCUS - null]
I/AccessibilityNodeInfoDumper( 3103): Skipping invisible child: android.view.accessibility.AccessibilityNodeInfo@8002b664; boundsInParent: Rect(0, 0 - 1440, 945); boundsInScreen: Rect(0, 4172 - 1440, 2392); packageName: com.quikr; className: android.widget.FrameLayout; text: null; error: null; maxTextLength: -1; contentDescription: null; viewIdResName: com.quikr:id/ad_container; checkable: false; checked: false; focusable: false; focused: false; selected: false; clickable: false; longClickable: false; enabled: true; password: false; scrollable: false; actions: [AccessibilityAction: ACTION_SELECT - null, AccessibilityAction: ACTION_CLEAR_SELECTION - null, AccessibilityAction: ACTION_ACCESSIBILITY_FOCUS - null]
I/AccessibilityNodeInfoDumper( 3103): Skipping invisible child: android.view.accessibility.AccessibilityNodeInfo@8002ba25; boundsInParent: Rect(0, 0 - 1440, 537); boundsInScreen: Rect(0, 5117 - 1440, 2392); packageName: com.quikr; className: android.widget.LinearLayout; text: null; error: null; maxTextLength: -1; contentDescription: null; viewIdResName: null; checkable: false; checked: false; focusable: false; focused: false; selected: false; clickable: false; longClickable: false; enabled: true; password: false; scrollable: false; actions: [AccessibilityAction: ACTION_SELECT - null, AccessibilityAction: ACTION_CLEAR_SELECTION - null, AccessibilityAction: ACTION_ACCESSIBILITY_FOCUS - null]
I/AccessibilityNodeInfoDumper( 3103): Skipping invisible child: android.view.accessibility.AccessibilityNodeInfo@8002bde6; boundsInParent: Rect(0, 0 - 0, 0); boundsInScreen: Rect(0, 5654 - 0, 2392); packageName: com.quikr; className: android.widget.FrameLayout; text: null; error: null; maxTextLength: -1; contentDescription: null; viewIdResName: com.quikr:id/location_fragment_container; checkable: false; checked: false; focusable: false; focused: false; selected: false; clickable: false; longClickable: false; enabled: true; password: false; scrollable: false; actions: [AccessibilityAction: ACTION_SELECT - null, AccessibilityAction: ACTION_CLEAR_SELECTION - null, AccessibilityAction: ACTION_ACCESSIBILITY_FOCUS - null]
I/AccessibilityNodeInfoDumper( 3103): Skipping invisible child: android.view.accessibility.AccessibilityNodeInfo@8002c1a7; boundsInParent: Rect(0, 0 - 1260, 384); boundsInScreen: Rect(0, 5654 - 1260, 2392); packageName: com.quikr; className: android.widget.ImageView; text: null; error: null; maxTextLength: -1; contentDescription: null; viewIdResName: null; checkable: false; checked: false; focusable: false; focused: false; selected: false; clickable: false; longClickable: false; enabled: true; password: false; scrollable: false; actions: [AccessibilityAction: ACTION_SELECT - null, AccessibilityAction: ACTION_CLEAR_SELECTION - null, AccessibilityAction: ACTION_ACCESSIBILITY_FOCUS - null]
I/AccessibilityNodeInfoDumper( 3103): Skipping invisible child: android.view.accessibility.AccessibilityNodeInfo@80028597; boundsInParent: Rect(0, 0 - 1440, 0); boundsInScreen: Rect(0, 2392 - 1440, 2392); packageName: com.quikr; className: android.widget.FrameLayout; text: null; error: null; maxTextLength: -1; contentDescription: null; viewIdResName: com.quikr:id/bottom_ad_section; checkable: false; checked: false; focusable: false; focused: false; selected: false; clickable: false; longClickable: false; enabled: true; password: false; scrollable: false; actions: [AccessibilityAction: ACTION_SELECT - null, AccessibilityAction: ACTION_CLEAR_SELECTION - null, AccessibilityAction: ACTION_ACCESSIBILITY_FOCUS - null]
I/Ads     ( 3137): Ad finished loading.
