--------- beginning of system
I/Vold    (  365): Vold 2.1 (the revenge) firing up
D/Genyd   (  119): Received Get Capabilities
D/Genyd   (  119): Received Get GenymotionVersion
D/Genymotion(  119): Received Get GenymotionVersion
D/Genyd   (  119): Received Set Clipboard
D/Genymotion(  119): Received Set Clipboard
D/Genyd   (  119): Received Set TokenValidity
D/Genymotion(  119): Received Set TokenValidity 0
I/InstallerConnection(  654): disconnecting...
I/SystemServer(  654): Entered the Android system server!
I/SystemServiceManager(  654): Starting com.android.server.pm.Installer
I/Installer(  654): Waiting for installd to be ready.
I/InstallerConnection(  654): connecting...
I/SystemServiceManager(  654): Starting com.android.server.am.ActivityManagerService$Lifecycle
I/ActivityManager(  654): Memory class: 96
I/ServiceThread(  654): Enabled StrictMode logging for ActivityManager looper.
I/IntentFirewall(  654): Read new rules (A:0 B:0 S:0)
I/ServiceThread(  654): Enabled StrictMode logging for android.ui looper.
I/ServiceThread(  654): Enabled StrictMode logging for android.display looper.
D/AppOps  (  654): AppOpsService published
I/SystemServiceManager(  654): Starting com.android.server.power.PowerManagerService
I/ServiceThread(  654): Enabled StrictMode logging for PowerManagerService looper.
I/SystemServiceManager(  654): Starting com.android.server.display.DisplayManagerService
I/SystemServiceManager(  654): Starting phase 100
I/DisplayManagerService(  654): Display device added: DisplayDeviceInfo{"Built-in Screen": uniqueId="local:0", 1440 x 2560, 60.000004 fps, supportedRefreshRates [60.000004], density 560, 560.0 x 560.0 dpi, appVsyncOff 0, presDeadline 17666666, touch INTERNAL, rotation 0, type BUILT_IN, state UNKNOWN, FLAG_DEFAULT_DISPLAY, FLAG_ROTATES_WITH_CONTENT, FLAG_SECURE, FLAG_SUPPORTS_PROTECTED_BUFFERS}
I/SystemServer(  654): Package Manager
D/SELinuxMMAC(  654): Using policy file /system/etc/security/mac_permissions.xml
W/PackageManager(  654): Failed to parse /system/framework/x86: Missing base APK in /system/framework/x86
W/PackageParser(  654): No actions in intent filter at /system/priv-app/Contacts/Contacts.apk Binary XML file line #356
W/PackageParser(  654): No actions in intent filter at /system/priv-app/Dialer/Dialer.apk Binary XML file line #166
W/PackageParser(  654): Unknown element under <intent-filter>: android at /system/priv-app/Telecom/Telecom.apk Binary XML file line #232
I/PackageManager(  654): Package com.google.android.gms at /system/priv-app/PrebuiltGmsCore ignored: updated version 11746270 better than this 11509270
W/PackageManager(  654): Failed to parse /system/priv-app/PrebuiltGmsCore: null
I/PackageManager(  654): Package com.android.vending at /system/priv-app/Phonesky ignored: updated version 80837400 better than this 80813400
W/PackageManager(  654): Failed to parse /system/priv-app/Phonesky: null
W/PackageParser(  654): No actions in intent filter at /system/priv-app/SetupWizard/SetupWizard.apk Binary XML file line #170
W/PackageParser(  654): No actions in intent filter at /system/priv-app/SetupWizard/SetupWizard.apk Binary XML file line #347
W/PackageParser(  654): No actions in intent filter at /system/app/Bluetooth/Bluetooth.apk Binary XML file line #209
W/PackageParser(  654): No actions in intent filter at /system/app/CMFileManager/CMFileManager.apk Binary XML file line #127
W/PackageParser(  654): Unknown element under <application>: permission at /system/app/Gallery2/Gallery2.apk Binary XML file line #242
W/PackageParser(  654): Unknown element under <application>: permission at /system/app/Gallery2/Gallery2.apk Binary XML file line #245
I/genymotion_audio(  372): Starting pcm server
I/genymotion_audio(  372): out sampling rate 44100
W/PackageParser(  654): No actions in intent filter at /data/app/ApiDemos/ApiDemos.apk Binary XML file line #3027
W/PackageParser(  654): No actions in intent filter at /data/app/ApiDemos/ApiDemos.apk Binary XML file line #3033
W/PackageManager(  654): Package com.example.android.apis desires unavailable shared library com.example.will.never.exist; ignoring!
D/Sensors (  654): Client connection accepted (53)
W/PackageParser(  654): Unknown element under <manifest>: uses-permission-sdk-23 at /data/app/com.android.chrome-1/base.apk Binary XML file line #27
W/PackageParser(  654): Unknown element under <manifest>: uses-permission-sdk-m at /data/app/com.android.chrome-1/base.apk Binary XML file line #37
W/PackageParser(  654): Unknown element under <manifest>: uses-permission-sdk-m at /data/app/com.android.chrome-1/base.apk Binary XML file line #38
W/PackageParser(  654): Unknown element under <manifest>: uses-permission-sdk-m at /data/app/com.android.chrome-1/base.apk Binary XML file line #39
W/PackageParser(  654): Unknown element under <manifest>: uses-permission-sdk-m at /data/app/com.android.chrome-1/base.apk Binary XML file line #40
W/PackageManager(  654): Package com.google.android.gms desires unavailable shared library com.google.android.ble; ignoring!
W/PackageManager(  654): Package com.google.android.gms desires unavailable shared library com.google.android.wearable; ignoring!
W/PackageManager(  654): Package com.google.android.gms desires unavailable shared library com.google.android.ble; ignoring!
W/PackageManager(  654): Package com.google.android.gms desires unavailable shared library com.google.android.wearable; ignoring!
W/PackageManager(  654): Package com.example.android.apis desires unavailable shared library com.example.will.never.exist; ignoring!
I/PackageManager(  654): Adjusting ABI for : com.google.android.backuptransport to x86
I/PackageManager(  654): Adjusting ABI for : com.google.android.syncadapters.contacts to x86
I/PackageManager(  654): Adjusting ABI for : com.google.android.gsf.login to x86
I/PackageManager(  654): Adjusting ABI for : com.google.android.gsf to x86
I/PackageManager(  654): Adjusting ABI for : com.genymotion.superuser to x86
I/PackageManager(  654): Adjusting ABI for : com.android.settings to x86
I/PackageManager(  654): Adjusting ABI for : com.android.server.telecom to x86
I/PackageManager(  654): Adjusting ABI for : com.android.keychain to x86
I/PackageManager(  654): Adjusting ABI for : com.android.location.fused to x86
I/PackageManager(  654): Adjusting ABI for : com.android.inputdevices to x86
I/PackageManager(  654): Adjusting ABI for : com.android.providers.settings to x86
I/PackageManager(  654): Time to scan packages: 2.364 seconds
W/PackageManager(  654): Not granting permission android.permission.SET_ANIMATION_SCALE to package io.appium.settings (protectionLevel=50 flags=0x8be46)
W/PackageManager(  654): Unknown permission com.android.launcher.permission.READ_SETTINGS in package com.google.android.onetimeinitializer
W/PackageManager(  654): Unknown permission com.android.launcher.permission.WRITE_SETTINGS in package com.google.android.onetimeinitializer
W/PackageManager(  654): Unknown permission com.google.android.launcher.permission.READ_SETTINGS in package com.google.android.onetimeinitializer
W/PackageManager(  654): Unknown permission com.google.android.launcher.permission.WRITE_SETTINGS in package com.google.android.onetimeinitializer
W/PackageManager(  654): Not granting permission android.permission.ACCESS_DOWNLOAD_MANAGER to package com.android.browser (protectionLevel=18 flags=0x9be45)
W/PackageManager(  654): Not granting permission android.permission.SEND_DOWNLOAD_COMPLETED_INTENTS to package com.android.browser (protectionLevel=2 flags=0x9be45)
W/PackageManager(  654): Not granting permission android.permission.SEND_DOWNLOAD_COMPLETED_INTENTS to package com.android.vending (protectionLevel=2 flags=0x404abec5)
W/PackageManager(  654): Unknown permission android.permission.SEND_SMS_NO_CONFIRMATION in package com.android.vending
W/PackageManager(  654): Unknown permission android.permission.USE_FINGERPRINT in package com.android.vending
W/PackageManager(  654): Unknown permission android.permission.GET_ACCOUNTS_PRIVILEGED in package com.android.vending
W/PackageManager(  654): Unknown permission android.permission.INSTALL_GRANT_RUNTIME_PERMISSIONS in package com.android.vending
W/PackageManager(  654): Unknown permission android.permission.GRANT_RUNTIME_PERMISSIONS in package com.android.vending
W/PackageManager(  654): Unknown permission android.permission.REVOKE_RUNTIME_PERMISSIONS in package com.android.vending
W/PackageManager(  654): Unknown permission android.permission.CHANGE_DEVICE_IDLE_TEMP_WHITELIST in package com.android.vending
W/PackageManager(  654): Not granting permission android.permission.BACKUP to package com.android.vending (protectionLevel=18 flags=0x404abec5)
W/PackageManager(  654): Not granting permission android.permission.UPDATE_DEVICE_STATS to package com.android.vending (protectionLevel=18 flags=0x404abec5)
W/PackageManager(  654): Not granting permission android.permission.SET_PREFERRED_APPLICATIONS to package com.android.vending (protectionLevel=2 flags=0x404abec5)
W/PackageManager(  654): Unknown permission android.permission.ACCESS_INSTANT_APPS in package com.android.vending
W/PackageManager(  654): Unknown permission com.google.android.partnersetup.permission.WRITE_APP_PROVIDER in package com.android.vending
W/PackageManager(  654): Unknown permission android.permission.ALLOCATE_AGGRESSIVE in package com.android.vending
W/PackageManager(  654): Unknown permission com.sec.android.provider.badge.permission.READ in package com.android.vending
W/PackageManager(  654): Unknown permission com.sec.android.provider.badge.permission.WRITE in package com.android.vending
W/PackageManager(  654): Unknown permission com.htc.launcher.permission.READ_SETTINGS in package com.android.vending
W/PackageManager(  654): Unknown permission com.htc.launcher.permission.UPDATE_SHORTCUT in package com.android.vending
W/PackageManager(  654): Unknown permission com.sonyericsson.home.permission.BROADCAST_BADGE in package com.android.vending
W/PackageManager(  654): Unknown permission com.sonymobile.home.permission.PROVIDER_INSERT_BADGE in package com.android.vending
W/PackageManager(  654): Unknown permission com.anddoes.launcher.permission.UPDATE_COUNT in package com.android.vending
W/PackageManager(  654): Unknown permission com.majeur.launcher.permission.UPDATE_BADGE in package com.android.vending
W/PackageManager(  654): Unknown permission com.huawei.android.launcher.permission.CHANGE_BADGE in package com.android.vending
W/PackageManager(  654): Unknown permission com.huawei.android.launcher.permission.READ_SETTINGS in package com.android.vending
W/PackageManager(  654): Unknown permission com.huawei.android.launcher.permission.WRITE_SETTINGS in package com.android.vending
W/PackageManager(  654): Unknown permission android.permission.READ_APP_BADGE in package com.android.vending
W/PackageManager(  654): Unknown permission com.oppo.launcher.permission.READ_SETTINGS in package com.android.vending
W/PackageManager(  654): Unknown permission com.oppo.launcher.permission.WRITE_SETTINGS in package com.android.vending
W/PackageManager(  654): Unknown permission android.Manifest.permission.SUBSTITUTE_NOTIFICATION_APP_NAME in package com.android.vending
W/PackageManager(  654): Not granting permission android.permission.BIND_WALLPAPER to package com.android.camera2 (protectionLevel=18 flags=0x58bc45)
W/PackageManager(  654): Unknown permission android.permission.INSTALL_DRM in package com.android.mms
W/PackageManager(  654): Not granting permission android.permission.BIND_APPWIDGET to package com.android.launcher3 (protectionLevel=18 flags=0x483e45)
W/PackageManager(  654): Unknown permission com.android.launcher.permission.READ_SETTINGS in package com.android.launcher3
W/PackageManager(  654): Unknown permission com.android.launcher.permission.WRITE_SETTINGS in package com.android.launcher3
W/PackageManager(  654): Unknown permission android.permission.READ_OWNER_DATA in package com.google.android.setupwizard
W/PackageManager(  654): Unknown permission android.permission.WRITE_OWNER_DATA in package com.google.android.setupwizard
W/PackageManager(  654): Unknown permission com.google.android.apps.now.OPT_IN_WIZARD in package com.google.android.setupwizard
W/PackageManager(  654): Unknown permission com.chrome.permission.DEVICE_EXTRAS in package com.android.chrome
W/PackageManager(  654): Unknown permission com.google.android.apps.now.CURRENT_ACCOUNT_ACCESS in package com.android.chrome
W/PackageManager(  654): Unknown permission com.sec.enterprise.knox.MDM_CONTENT_PROVIDER in package com.android.chrome
W/PackageManager(  654): Unknown permission android.permission.OBSERVE_GRANT_REVOKE_PERMISSIONS in package com.google.android.gms
W/PackageManager(  654): Unknown permission android.permission.MANAGE_SOUND_TRIGGER in package com.google.android.gms
W/PackageManager(  654): Unknown permission android.permission.DISPATCH_PROVISIONING_MESSAGE in package com.google.android.gms
W/PackageManager(  654): Unknown permission com.google.android.apps.enterprise.dmagent.permission.AutoSyncPermission in package com.google.android.gms
W/PackageManager(  654): Unknown permission android.permission.CONNECTIVITY_USE_RESTRICTED_NETWORKS in package com.google.android.gms
W/PackageManager(  654): Unknown permission android.permission.USE_FINGERPRINT in package com.google.android.gms
W/PackageManager(  654): Unknown permission android.permission.SEND_SMS_NO_CONFIRMATION in package com.google.android.gms
W/PackageManager(  654): Not granting permission android.permission.BIND_NOTIFICATION_LISTENER_SERVICE to package com.google.android.gms (protectionLevel=2 flags=0xc0483ec5)
W/PackageManager(  654): Unknown permission com.google.android.googlequicksearchbox.permission.PAUSE_HOTWORD in package com.google.android.gms
W/PackageManager(  654): Unknown permission android.permission.TETHER_PRIVILEGED in package com.google.android.gms
W/PackageManager(  654): Unknown permission com.google.android.hangouts.START_HANGOUT in package com.google.android.gms
W/PackageManager(  654): Unknown permission android.permission.READ_OEM_UNLOCK_STATE in package com.google.android.gms
W/PackageManager(  654): Unknown permission android.permission.OVERRIDE_WIFI_CONFIG in package com.google.android.gms
W/PackageManager(  654): Unknown permission com.google.android.permission.ACCESSIBILITY_SCAN_SERVICE in package com.google.android.gms
W/PackageManager(  654): Unknown permission android.permission.ACTIVITY_EMBEDDING in package com.google.android.gms
W/PackageManager(  654): Unknown permission android.permission.PROVIDE_RESOLVER_RANKER_SERVICE in package com.google.android.gms
W/PackageManager(  654): Unknown permission com.google.android.wearable.READ_SETTINGS in package com.google.android.gms
W/PackageManager(  654): Unknown permission android.permission.INTENT_FILTER_VERIFICATION_AGENT in package com.google.android.gms
W/PackageManager(  654): Unknown permission android.permission.LOCAL_MAC_ADDRESS in package com.google.android.gms
W/PackageManager(  654): Unknown permission android.permission.CHANGE_DEVICE_IDLE_TEMP_WHITELIST in package com.google.android.gms
W/PackageManager(  654): Unknown permission android.permission.SUBSTITUTE_NOTIFICATION_APP_NAME in package com.google.android.gms
W/PackageManager(  654): Unknown permission android.permission.MANAGE_SUBSCRIPTION_PLANS in package com.google.android.gms
W/PackageManager(  654): Unknown permission android.permission.NOTIFY_PENDING_SYSTEM_UPDATE in package com.google.android.gms
W/PackageManager(  654): Unknown permission com.google.android.launcher.permission.RECEIVE_LAUNCH_BROADCASTS in package com.google.android.gms
W/PackageManager(  654): Unknown permission com.google.android.gm.permission.READ_GMAIL in package com.google.android.gms
W/PackageManager(  654): Unknown permission com.android.launcher.permission.PRELOAD_WORKSPACE in package com.google.android.partnersetup
W/PackageManager(  654): Not granting permission android.permission.DELETE_PACKAGES to package com.svox.pico (protectionLevel=18 flags=0x8be45)
W/PackageManager(  654): Unknown permission com.cyanogenmod.filemanager.permissions.READ_THEME in package com.cyanogenmod.filemanager
W/PackageManager(  654): Unknown permission com.google.android.gallery3d.permission.PICASA_STORE in package com.android.dreams.phototable
W/PackageManager(  654): Not granting permission android.permission.CONTROL_KEYGUARD to package com.google.android.gsf.login (protectionLevel=2 flags=0x4048be45)
W/PackageManager(  654): Unknown permission com.android.vending.billing.IBillingAccountService.BIND2 in package com.google.android.gsf.login
W/PackageManager(  654): Unknown permission com.quikr.permission.MAPS_RECEIVE in package com.quikr
W/PackageManager(  654): Unknown permission com.android.launcher.permission.READ_SETTINGS in package com.android.settings
W/PackageManager(  654): Unknown permission com.android.launcher.permission.WRITE_SETTINGS in package com.android.settings
W/PackageManager(  654): Not granting permission android.permission.DEVICE_POWER to package com.android.deskclock (protectionLevel=2 flags=0x48be45)
W/PackageManager(  654): Unknown permission com.google.android.gallery3d.permission.GALLERY_PROVIDER in package com.android.bluetooth
I/SystemServer(  654): User Service
I/SystemServiceManager(  654): Starting com.android.server.lights.LightsService
I/SystemServiceManager(  654): Starting com.android.server.BatteryService
I/SystemServiceManager(  654): Starting com.android.server.usage.UsageStatsService
I/SystemServiceManager(  654): Starting com.android.server.webkit.WebViewUpdateService
I/SystemServer(  654): Reading configuration...
I/SystemServer(  654): Scheduling Policy
I/SystemServiceManager(  654): Starting com.android.server.telecom.TelecomLoaderService
I/SystemServer(  654): Telephony Registry
I/SystemServer(  654): Entropy Mixer
I/EntropyMixer(  654): Writing entropy...
I/SystemServer(  654): Account Manager
I/SystemServer(  654): Content Manager
I/SystemServer(  654): System Content Providers
I/SystemServer(  654): Vibrator Service
I/SystemServer(  654): Consumer IR Service
I/SystemServiceManager(  654): Starting com.android.server.AlarmManagerService
I/SystemServer(  654): Init Watchdog
I/SystemServer(  654): Input Manager
I/InputManager(  654): Initializing input manager, mUseDevInputEventForAudioJack=false
I/SystemServer(  654): Window Manager
I/WindowManager(  654): No existing display settings /data/system/display_settings.xml; starting empty
I/InputManager(  654): Starting input manager
I/SystemServer(  654): No Bluetooh Service (emulator)
I/SystemServer(  654): Input Method Service
W/InputMethodManagerService(  654): Couldn't create dir.: /data/system/inputmethod
I/SystemServer(  654): Accessibility Manager
I/ActivityManager(  654): Config changes=1df8 {1.0 ?mcc?mnc en_US ?layoutDir sw411dp w411dp h731dp 560dpi nrml long port ?uimode ?night -touch -keyb/v/h -nav/h s.2}
I/ActivityManager(  654): Config changes=500 {1.0 ?mcc?mnc en_US ?layoutDir sw411dp w411dp h658dp 560dpi nrml port ?uimode ?night -touch -keyb/v/h -nav/h s.3}
I/SystemServer(  654): Mount Service
D/MountService(  654): got storage path: /mnt/sdcard description: Internal storage primary: true removable: false emulated: true mtpReserve: 100 allowMassStorage: false maxFileSize: 0
D/MountService(  654): addVolumeLocked() StorageVolume:
D/MountService(  654):     mStorageId=65537 mPath=/storage/emulated/0 mDescriptionId=17040805 
D/MountService(  654):     mPrimary=true mRemovable=false mEmulated=true mMtpReserveSpace=100 
D/MountService(  654):     mAllowMassStorage=false mMaxFileSize=0 mOwner=UserHandle{0} mUuid=null 
D/MountService(  654):     mUserLabel=null mState=null 
I/SystemServer(  654): LockSettingsService
W/PackageManager(  654): Not granting permission android.permission.SET_ANIMATION_SCALE to package io.appium.settings (protectionLevel=50 flags=0x8be46)
W/PackageManager(  654): Unknown permission com.android.launcher.permission.READ_SETTINGS in package com.google.android.onetimeinitializer
W/PackageManager(  654): Unknown permission com.android.launcher.permission.WRITE_SETTINGS in package com.google.android.onetimeinitializer
W/PackageManager(  654): Unknown permission com.google.android.launcher.permission.READ_SETTINGS in package com.google.android.onetimeinitializer
W/PackageManager(  654): Unknown permission com.google.android.launcher.permission.WRITE_SETTINGS in package com.google.android.onetimeinitializer
W/PackageManager(  654): Not granting permission android.permission.ACCESS_DOWNLOAD_MANAGER to package com.android.browser (protectionLevel=18 flags=0x9be45)
W/PackageManager(  654): Not granting permission android.permission.SEND_DOWNLOAD_COMPLETED_INTENTS to package com.android.browser (protectionLevel=2 flags=0x9be45)
W/PackageManager(  654): Not granting permission android.permission.SEND_DOWNLOAD_COMPLETED_INTENTS to package com.android.vending (protectionLevel=2 flags=0x404abec5)
W/PackageManager(  654): Unknown permission android.permission.SEND_SMS_NO_CONFIRMATION in package com.android.vending
W/PackageManager(  654): Unknown permission android.permission.USE_FINGERPRINT in package com.android.vending
W/PackageManager(  654): Unknown permission android.permission.GET_ACCOUNTS_PRIVILEGED in package com.android.vending
W/PackageManager(  654): Unknown permission android.permission.INSTALL_GRANT_RUNTIME_PERMISSIONS in package com.android.vending
W/PackageManager(  654): Unknown permission android.permission.GRANT_RUNTIME_PERMISSIONS in package com.android.vending
W/PackageManager(  654): Unknown permission android.permission.REVOKE_RUNTIME_PERMISSIONS in package com.android.vending
W/PackageManager(  654): Unknown permission android.permission.CHANGE_DEVICE_IDLE_TEMP_WHITELIST in package com.android.vending
W/PackageManager(  654): Not granting permission android.permission.BACKUP to package com.android.vending (protectionLevel=18 flags=0x404abec5)
W/PackageManager(  654): Not granting permission android.permission.UPDATE_DEVICE_STATS to package com.android.vending (protectionLevel=18 flags=0x404abec5)
W/PackageManager(  654): Not granting permission android.permission.SET_PREFERRED_APPLICATIONS to package com.android.vending (protectionLevel=2 flags=0x404abec5)
W/PackageManager(  654): Unknown permission android.permission.ACCESS_INSTANT_APPS in package com.android.vending
W/PackageManager(  654): Unknown permission com.google.android.partnersetup.permission.WRITE_APP_PROVIDER in package com.android.vending
W/PackageManager(  654): Unknown permission android.permission.ALLOCATE_AGGRESSIVE in package com.android.vending
W/PackageManager(  654): Unknown permission com.sec.android.provider.badge.permission.READ in package com.android.vending
W/PackageManager(  654): Unknown permission com.sec.android.provider.badge.permission.WRITE in package com.android.vending
W/PackageManager(  654): Unknown permission com.htc.launcher.permission.READ_SETTINGS in package com.android.vending
W/PackageManager(  654): Unknown permission com.htc.launcher.permission.UPDATE_SHORTCUT in package com.android.vending
W/PackageManager(  654): Unknown permission com.sonyericsson.home.permission.BROADCAST_BADGE in package com.android.vending
W/PackageManager(  654): Unknown permission com.sonymobile.home.permission.PROVIDER_INSERT_BADGE in package com.android.vending
W/PackageManager(  654): Unknown permission com.anddoes.launcher.permission.UPDATE_COUNT in package com.android.vending
W/PackageManager(  654): Unknown permission com.majeur.launcher.permission.UPDATE_BADGE in package com.android.vending
W/PackageManager(  654): Unknown permission com.huawei.android.launcher.permission.CHANGE_BADGE in package com.android.vending
W/PackageManager(  654): Unknown permission com.huawei.android.launcher.permission.READ_SETTINGS in package com.android.vending
W/PackageManager(  654): Unknown permission com.huawei.android.launcher.permission.WRITE_SETTINGS in package com.android.vending
W/PackageManager(  654): Unknown permission android.permission.READ_APP_BADGE in package com.android.vending
W/PackageManager(  654): Unknown permission com.oppo.launcher.permission.READ_SETTINGS in package com.android.vending
W/PackageManager(  654): Unknown permission com.oppo.launcher.permission.WRITE_SETTINGS in package com.android.vending
W/PackageManager(  654): Unknown permission android.Manifest.permission.SUBSTITUTE_NOTIFICATION_APP_NAME in package com.android.vending
W/PackageManager(  654): Not granting permission android.permission.BIND_WALLPAPER to package com.android.camera2 (protectionLevel=18 flags=0x58bc45)
W/PackageManager(  654): Unknown permission android.permission.INSTALL_DRM in package com.android.mms
W/PackageManager(  654): Not granting permission android.permission.BIND_APPWIDGET to package com.android.launcher3 (protectionLevel=18 flags=0x483e45)
W/PackageManager(  654): Unknown permission com.android.launcher.permission.READ_SETTINGS in package com.android.launcher3
W/PackageManager(  654): Unknown permission com.android.launcher.permission.WRITE_SETTINGS in package com.android.launcher3
W/PackageManager(  654): Unknown permission android.permission.READ_OWNER_DATA in package com.google.android.setupwizard
W/PackageManager(  654): Unknown permission android.permission.WRITE_OWNER_DATA in package com.google.android.setupwizard
W/PackageManager(  654): Unknown permission com.google.android.apps.now.OPT_IN_WIZARD in package com.google.android.setupwizard
W/PackageManager(  654): Unknown permission com.chrome.permission.DEVICE_EXTRAS in package com.android.chrome
W/PackageManager(  654): Unknown permission com.google.android.apps.now.CURRENT_ACCOUNT_ACCESS in package com.android.chrome
W/PackageManager(  654): Unknown permission com.sec.enterprise.knox.MDM_CONTENT_PROVIDER in package com.android.chrome
W/PackageManager(  654): Unknown permission android.permission.OBSERVE_GRANT_REVOKE_PERMISSIONS in package com.google.android.gms
W/PackageManager(  654): Unknown permission android.permission.MANAGE_SOUND_TRIGGER in package com.google.android.gms
W/PackageManager(  654): Unknown permission android.permission.DISPATCH_PROVISIONING_MESSAGE in package com.google.android.gms
W/PackageManager(  654): Unknown permission com.google.android.apps.enterprise.dmagent.permission.AutoSyncPermission in package com.google.android.gms
W/PackageManager(  654): Unknown permission android.permission.CONNECTIVITY_USE_RESTRICTED_NETWORKS in package com.google.android.gms
W/PackageManager(  654): Unknown permission android.permission.USE_FINGERPRINT in package com.google.android.gms
W/PackageManager(  654): Unknown permission android.permission.SEND_SMS_NO_CONFIRMATION in package com.google.android.gms
W/PackageManager(  654): Not granting permission android.permission.BIND_NOTIFICATION_LISTENER_SERVICE to package com.google.android.gms (protectionLevel=2 flags=0xc0483ec5)
W/PackageManager(  654): Unknown permission com.google.android.googlequicksearchbox.permission.PAUSE_HOTWORD in package com.google.android.gms
W/PackageManager(  654): Unknown permission android.permission.TETHER_PRIVILEGED in package com.google.android.gms
W/PackageManager(  654): Unknown permission com.google.android.hangouts.START_HANGOUT in package com.google.android.gms
W/PackageManager(  654): Unknown permission android.permission.READ_OEM_UNLOCK_STATE in package com.google.android.gms
W/PackageManager(  654): Unknown permission android.permission.OVERRIDE_WIFI_CONFIG in package com.google.android.gms
W/PackageManager(  654): Unknown permission com.google.android.permission.ACCESSIBILITY_SCAN_SERVICE in package com.google.android.gms
W/PackageManager(  654): Unknown permission android.permission.ACTIVITY_EMBEDDING in package com.google.android.gms
W/PackageManager(  654): Unknown permission android.permission.PROVIDE_RESOLVER_RANKER_SERVICE in package com.google.android.gms
W/PackageManager(  654): Unknown permission com.google.android.wearable.READ_SETTINGS in package com.google.android.gms
W/PackageManager(  654): Unknown permission android.permission.INTENT_FILTER_VERIFICATION_AGENT in package com.google.android.gms
W/PackageManager(  654): Unknown permission android.permission.LOCAL_MAC_ADDRESS in package com.google.android.gms
W/PackageManager(  654): Unknown permission android.permission.CHANGE_DEVICE_IDLE_TEMP_WHITELIST in package com.google.android.gms
W/PackageManager(  654): Unknown permission android.permission.SUBSTITUTE_NOTIFICATION_APP_NAME in package com.google.android.gms
W/PackageManager(  654): Unknown permission android.permission.MANAGE_SUBSCRIPTION_PLANS in package com.google.android.gms
W/PackageManager(  654): Unknown permission android.permission.NOTIFY_PENDING_SYSTEM_UPDATE in package com.google.android.gms
W/PackageManager(  654): Unknown permission com.google.android.launcher.permission.RECEIVE_LAUNCH_BROADCASTS in package com.google.android.gms
W/PackageManager(  654): Unknown permission com.google.android.gm.permission.READ_GMAIL in package com.google.android.gms
W/PackageManager(  654): Unknown permission com.android.launcher.permission.PRELOAD_WORKSPACE in package com.google.android.partnersetup
W/PackageManager(  654): Not granting permission android.permission.DELETE_PACKAGES to package com.svox.pico (protectionLevel=18 flags=0x8be45)
W/PackageManager(  654): Unknown permission com.cyanogenmod.filemanager.permissions.READ_THEME in package com.cyanogenmod.filemanager
W/PackageManager(  654): Unknown permission com.google.android.gallery3d.permission.PICASA_STORE in package com.android.dreams.phototable
W/PackageManager(  654): Not granting permission android.permission.CONTROL_KEYGUARD to package com.google.android.gsf.login (protectionLevel=2 flags=0x4048be45)
W/PackageManager(  654): Unknown permission com.android.vending.billing.IBillingAccountService.BIND2 in package com.google.android.gsf.login
W/PackageManager(  654): Unknown permission com.quikr.permission.MAPS_RECEIVE in package com.quikr
W/PackageManager(  654): Unknown permission com.android.launcher.permission.READ_SETTINGS in package com.android.settings
W/PackageManager(  654): Unknown permission com.android.launcher.permission.WRITE_SETTINGS in package com.android.settings
W/PackageManager(  654): Not granting permission android.permission.DEVICE_POWER to package com.android.deskclock (protectionLevel=2 flags=0x48be45)
W/PackageManager(  654): Unknown permission com.google.android.gallery3d.permission.GALLERY_PROVIDER in package com.android.bluetooth
I/SystemServiceManager(  654): Starting com.android.server.devicepolicy.DevicePolicyManagerService$Lifecycle
I/UsageStatsService(  654): User[0] Rollover scheduled @ 2017-11-20 19:00:00(1511222400000)
I/SystemServer(  654): Status Bar
I/SystemServer(  654): Clipboard Service
I/SystemServer(  654): NetworkManagement Service
I/SystemServer(  654): Text Service Manager Service
I/SystemServer(  654): Network Score Service
I/SystemServer(  654): NetworkStats Service
I/SystemServer(  654): NetworkPolicy Service
I/SystemServiceManager(  654): Starting com.android.server.wifi.p2p.WifiP2pService
I/SystemServiceManager(  654): Starting com.android.server.wifi.WifiService
I/SystemServiceManager(  654): Starting com.android.server.wifi.WifiScanningService
I/SystemServiceManager(  654): Starting com.android.server.wifi.RttService
I/SystemServer(  654): Connectivity Service
D/ConnectivityService(  654): ConnectivityService starting up
D/ConnectivityService(  654): wifiOnly=false
I/SystemServer(  654): Network Service Discovery Service
I/ActivityManager(  654): Config changes=78 {1.0 ?mcc?mnc en_US ?layoutDir sw411dp w411dp h658dp 560dpi nrml port ?uimode ?night finger qwerty/v/v dpad/v s.4}
D/NsdService(  654): Network service discovery enabled true
I/SystemServer(  654): UpdateLock Service
I/SystemServiceManager(  654): Starting com.android.server.notification.NotificationManagerService
D/ZenLog  (  654): set_zen_mode: off,setting
I/SystemServiceManager(  654): Starting com.android.server.storage.DeviceStorageMonitorService
I/SystemServer(  654): Location Manager
I/SystemServer(  654): Country Detector
I/SystemServer(  654): Search Service
I/SystemServer(  654): DropBox Service
I/SystemServer(  654): Wallpaper Service
I/SystemServer(  654): Audio Service
I/SystemServiceManager(  654): Starting com.android.server.DockObserver
W/DockObserver(  654): This kernel does not have dock station support
I/SystemServer(  654): Wired Accessory Manager
W/WiredAccessoryManager(  654): This kernel does not have wired headset support
W/WiredAccessoryManager(  654): This kernel does not have usb audio support
W/WiredAccessoryManager(  654): This kernel does not have HDMI audio support
I/SystemServiceManager(  654): Starting com.android.server.usb.UsbService$Lifecycle
I/SystemServer(  654): Serial Service
I/SystemServiceManager(  654): Starting com.android.server.twilight.TwilightService
I/SystemServiceManager(  654): Starting com.android.server.UiModeManagerService
I/SystemServiceManager(  654): Starting com.android.server.job.JobSchedulerService
I/SystemServiceManager(  654): Starting com.android.server.backup.BackupManagerService$Lifecycle
I/SystemServiceManager(  654): Starting com.android.server.appwidget.AppWidgetService
I/SystemServiceManager(  654): Starting com.android.server.voiceinteraction.VoiceInteractionManagerService
W/SoundTriggerHelper(  654): listModules status=0, # of modules=0
I/SystemServer(  654): DiskStats Service
I/SystemServer(  654): SamplingProfiler Service
I/SystemServer(  654): NetworkTimeUpdateService
I/SystemServer(  654): CommonTimeManagementService
I/SystemServer(  654): CertBlacklister
I/SystemServiceManager(  654): Starting com.android.server.dreams.DreamManagerService
I/SystemServer(  654): Assets Atlas Service
I/SystemServiceManager(  654): Starting com.android.server.print.PrintManagerService
I/SystemServiceManager(  654): Starting com.android.server.restrictions.RestrictionsManagerService
I/SystemServiceManager(  654): Starting com.android.server.media.MediaSessionService
I/SystemServer(  654): Media Router Service
I/SystemServer(  654): Genyd Service
I/SystemServiceManager(  654): Starting com.android.server.trust.TrustManagerService
I/SystemServiceManager(  654): Starting com.android.server.fingerprint.FingerprintService
I/SystemServer(  654): BackgroundDexOptService
I/SystemServiceManager(  654): Starting com.android.server.pm.LauncherAppsService
I/SystemServiceManager(  654): Starting com.android.server.media.projection.MediaProjectionManagerService
I/SystemServiceManager(  654): Starting com.android.server.MmsServiceBroker
E/LockSettingsStorage(  654): Cannot read file java.io.FileNotFoundException: /data/system/password.key: open failed: ENOENT (No such file or directory)
E/LockSettingsStorage(  654): Cannot read file java.io.FileNotFoundException: /data/system/gesture.key: open failed: ENOENT (No such file or directory)
I/SystemServiceManager(  654): Starting phase 480
I/SystemServiceManager(  654): Starting phase 500
I/WifiService(  654): WifiService starting up with Wi-Fi enabled
D/WifiService(  654): setWifiEnabled: true pid=654, uid=1000
E/WifiService(  654): Invoking mWifiStateMachine.setWifiEnabled
D/WifiService(  654): New client listening to asynchronous messages
D/WifiScanningService(  654): New client, channel: null messenger: null
I/ActivityManager(  654): Config changes=200 {1.0 ?mcc?mnc en_US ?layoutDir sw411dp w411dp h658dp 560dpi nrml port finger qwerty/v/v dpad/v s.5}
D/BackupManagerService(  654): Now staging backup of com.android.browser
D/BackupManagerService(  654): Now staging backup of com.android.vending
D/BackupManagerService(  654): Now staging backup of android
D/BackupManagerService(  654): Now staging backup of com.android.calendar
D/BackupManagerService(  654): Now staging backup of com.android.providers.settings
D/BackupManagerService(  654): Now staging backup of com.android.sharedstoragebackup
D/BackupManagerService(  654): Now staging backup of com.android.chrome
D/BackupManagerService(  654): Now staging backup of com.android.dialer
D/BackupManagerService(  654): Now staging backup of com.android.providers.userdictionary
V/BackupManagerService(  654): Starting with transport com.google.android.gms/.backup.BackupTransportService
V/BackupManagerService(  654): Found transports: 2
I/BackupManagerService(  654): Binding to transport host ComponentInfo{android/com.android.internal.backup.LocalTransportService}
I/BackupManagerService(  654): Binding to transport host ComponentInfo{com.google.android.gms/com.google.android.gms.backup.BackupTransportService}
I/DisplayManagerService(  654): Display device changed: DisplayDeviceInfo{"Built-in Screen": uniqueId="local:0", 1440 x 2560, 60.000004 fps, supportedRefreshRates [60.000004], density 560, 560.0 x 560.0 dpi, appVsyncOff 0, presDeadline 17666666, touch INTERNAL, rotation 0, type BUILT_IN, state ON, FLAG_DEFAULT_DISPLAY, FLAG_ROTATES_WITH_CONTENT, FLAG_SECURE, FLAG_SUPPORTS_PROTECTED_BUFFERS}
D/TaskPersister(  654): removeObsoleteFile: deleting file=235_task_thumbnail.png
I/AppOps  (  654): Pruning old package root/0: new uid=-1
I/AppOps  (  654): Pruning old package media/1013: new uid=-1
I/ActivityManager(  654): System now ready
I/SystemServer(  654): Making services ready
I/SystemServiceManager(  654): Starting phase 550
I/SystemServer(  654): WebViewFactory preparation
E/libprocessgroup(  744): failed to make and chown /acct/uid_1037: Read-only file system
I/ActivityManager(  654): Start proc 744:WebViewLoader-x86/1037 [android.webkit.WebViewFactory$RelroFileCreator] for 
E/libprocessgroup(  762): failed to make and chown /acct/uid_10013: Read-only file system
I/ActivityManager(  654): Start proc 762:com.android.systemui/u0a13 for service com.android.systemui/.SystemUIService
D/NetworkManagementService(  654): not enabling bandwidth control
W/MountService(  654): Duplicate state transition (mounted -> mounted) for /storage/emulated/0
W/NetworkStats(  654): bandwidth controls disabled, unable to track stats
W/NetworkPolicy(  654): bandwidth controls disabled, unable to enforce policy
I/SystemServiceManager(  654): Starting phase 600
I/BackupManagerService(  654): Backup enabled => true
E/InputMethodManagerService(  654): Ignoring setImeWindowStatus due to an invalid token. uid:1000 token:null
E/libprocessgroup(  798): failed to make and chown /acct/uid_10038: Read-only file system
I/ActivityManager(  654): Start proc 798:com.android.inputmethod.latin/u0a38 for service com.android.inputmethod.latin/.LatinIME
V/InputMethodManagerService(  654): Adding window token: android.os.Binder@29ececd6
V/FingerprintService(  654): startListening(android.service.fingerprint.IFingerprintServiceReceiver$Stub$Proxy@2f3b620c)
E/LocationManagerService(  654): FLP HAL not supported
E/LocationManagerService(  654): Hardware Activity-Recognition not supported.
E/libprocessgroup(  917): failed to make and chown /acct/uid_10060: Read-only file system
I/ActivityManager(  654): Start proc 917:com.google.android.gms.persistent/u0a60 for broadcast com.google.android.gms/com.google.android.location.internal.NlpNetworkProviderSettingsUpdateReceiver
W/ResourcesManager(  917): Asset path '/system/framework/com.android.media.remotedisplay.jar' does not exist or contains no resources.
W/ResourcesManager(  917): Asset path '/system/framework/com.android.location.provider.jar' does not exist or contains no resources.
I/MmsServiceBroker(  654): Delay connecting to MmsService until an API is called
W/VoiceInteractionManagerService(  654): no available voice interaction services found for user 0
W/VoiceInteractionManagerService(  654): no available voice recognition services found for user 0
I/ActivityManager(  654): Start proc 960:com.android.phone/1001 for added application com.android.phone
I/ActivityManager(  654): START u0 {act=android.intent.action.MAIN cat=[android.intent.category.HOME] flg=0x10000000 cmp=com.android.launcher3/.Launcher} from uid 0 on display 0
V/WindowManager(  654): addAppToken: AppWindowToken{3ef8160 token=Token{2418d163 ActivityRecord{1d032392 u0 com.android.launcher3/.Launcher t237}}} to stack=0 task=237 at 0
E/libprocessgroup(  960): failed to make and chown /acct/uid_1001: Read-only file system
E/libprocessgroup(  984): failed to make and chown /acct/uid_10039: Read-only file system
I/ActivityManager(  654): Start proc 984:com.android.launcher3/u0a39 for activity com.android.launcher3/.Launcher
I/SystemServer(  654): Enabled StrictMode for system server main thread.
V/ActivityManager(  654): Display changed displayId=0
V/ActivityManager(  654): Display changed displayId=0
V/ActivityManager(  654): Display changed displayId=0
E/libprocessgroup( 1003): failed to make and chown /acct/uid_10050: Read-only file system
I/ActivityManager(  654): Start proc 1003:com.android.printspooler/u0a50 for service com.android.printspooler/.model.PrintSpoolerService
V/ActivityManager(  654): Display changed displayId=0
E/libprocessgroup( 1046): failed to make and chown /acct/uid_10002: Read-only file system
I/ActivityManager(  654): Start proc 1046:android.process.acore/u0a2 for content provider com.android.providers.userdictionary/.UserDictionaryProvider
I/Telecom (  654): TelecomGlobals: TelecomGlobals initializing
I/Telecom (  654): TelecomGlobals: CallsManager initialized
D/ZenLog  (  654): downtime: Autotrigger skipped: not in downtime
V/WiredAccessoryManager(  654): init()
W/ResourcesManager(  654): Asset path '/system/framework/com.google.android.media.effects.jar' does not exist or contains no resources.
V/ActivityManager(  654): Display changed displayId=0
V/BackupManagerService(  654): Connected to transport ComponentInfo{android/com.android.internal.backup.LocalTransportService}
V/BackupManagerService(  654): Registering transport android/com.android.internal.backup.LocalTransportService::android/com.android.internal.backup.LocalTransport = android.app.backup.BackupTransport$TransportImpl@3c8a2a57
I/StatusBarManagerService(  654): registerStatusBar bar=com.android.internal.statusbar.IStatusBar$Stub$Proxy@1c7c8b35
V/WindowManager(  654): Based on layer: Adding window Window{3039113b u0 com.android.launcher3/com.android.launcher3.Launcher} at 0 of 1
E/libprocessgroup( 1118): failed to make and chown /acct/uid_10055: Read-only file system
I/ActivityManager(  654): Start proc 1118:com.android.smspush/u0a55 for service com.android.smspush/.WapPushManager
E/ConnectivityService(  654): Failed to find Messenger in unregisterNetworkFactory
D/ConnectivityService(  654): Got NetworkFactory Messenger for Telephony
D/ConnectivityService(  654): Ignoring this network
D/WifiService(  654): New client listening to asynchronous messages
D/ConnectivityService(  654): listenForNetwork for NetworkRequest [ id=2, legacyType=-1, [] ]
E/libprocessgroup( 1160): failed to make and chown /acct/uid_10060: Read-only file system
I/ActivityManager(  654): Start proc 1160:com.google.process.gapps/u0a60 for content provider com.google.android.gsf/.gservices.GservicesProvider
W/KeyguardServiceDelegate(  654): onScreenTurnedOn(): no keyguard service!
D/WifiService(  654): New client listening to asynchronous messages
D/MccTable(  960): updateMccMncConfiguration mccmnc='310260' fromServiceState=true
D/MccTable(  960): updateMccMncConfiguration defaultMccMnc=
D/MccTable(  960): updateMccMncConfiguration: mcc=310, mnc=260
D/MccTable(  960): defaultLanguageForMcc(310): country us uses en
D/MccTable(  960): getLocaleFromMcc to en_us mcc=310
D/MccTable(  960): getLocaleForLanguageCountry: skipping already persisted
D/MccTable(  960): WIFI_COUNTRY_CODE set to us
I/WifiService(  654): WifiService trying to set country code to us with persist set to true
D/ConnectivityService(  654): Got NetworkFactory Messenger for WIFI
D/ConnectivityService(  654): Got NetworkFactory Messenger for WIFI_UT
D/ConnectivityService(  654): Ignoring this network
D/MccTable(  960): updateMccMncConfiguration mccmnc='310270' fromServiceState=false
D/MccTable(  960): updateMccMncConfiguration defaultMccMnc=
D/MccTable(  960): updateMccMncConfiguration: mcc=310, mnc=270
D/MccTable(  960): defaultLanguageForMcc(310): country us uses en
D/MccTable(  960): getLocaleFromMcc to en_us mcc=310
D/MccTable(  960): getLocaleForLanguageCountry: skipping already persisted
D/MccTable(  960): updateMccMncConfiguration updateConfig config={1.0 310mcc270mnc ?locale ?layoutDir ?swdp ?wdp ?hdp ?density ?lsize ?long ?orien ?uimode ?night ?touch ?keyb/?/? ?nav/?}
I/ActivityManager(  654): Config changes=3 {1.0 310mcc270mnc en_US ?layoutDir sw411dp w411dp h658dp 560dpi nrml port finger qwerty/v/v dpad/v s.6}
V/WindowManager(  654): Based on layer: Adding window Window{2a1bcf02 u0 com.android.launcher3/com.android.launcher3.Launcher} at 0 of 5
E/libprocessgroup( 1275): failed to make and chown /acct/uid_10060: Read-only file system
I/ActivityManager(  654): Start proc 1275:com.google.android.gms/u0a60 for content provider com.google.android.gms/.chimera.container.GmsModuleProvider
W/ResourcesManager( 1275): Asset path '/system/framework/com.android.media.remotedisplay.jar' does not exist or contains no resources.
W/ResourcesManager( 1275): Asset path '/system/framework/com.android.location.provider.jar' does not exist or contains no resources.
D/MccTable(  960): updateMccMncConfiguration mccmnc='310270' fromServiceState=false
D/MccTable(  960): updateMccMncConfiguration defaultMccMnc=310270
D/MccTable(  960): updateMccMncConfiguration: mcc=310, mnc=270
D/MccTable(  960): defaultLanguageForMcc(310): country us uses en
D/MccTable(  960): getLocaleFromMcc to en_us mcc=310
D/MccTable(  960): getLocaleForLanguageCountry: skipping already persisted
D/MccTable(  960): updateMccMncConfiguration updateConfig config={1.0 310mcc270mnc ?locale ?layoutDir ?swdp ?wdp ?hdp ?density ?lsize ?long ?orien ?uimode ?night ?touch ?keyb/?/? ?nav/?}
D/MccTable(  960): updateMccMncConfiguration mccmnc='310270' fromServiceState=false
D/MccTable(  960): updateMccMncConfiguration defaultMccMnc=310270
D/MccTable(  960): updateMccMncConfiguration: mcc=310, mnc=270
D/MccTable(  960): defaultLanguageForMcc(310): country us uses en
D/MccTable(  960): getLocaleFromMcc to en_us mcc=310
D/MccTable(  960): getLocaleForLanguageCountry: skipping already persisted
D/MccTable(  960): updateMccMncConfiguration updateConfig config={1.0 310mcc270mnc ?locale ?layoutDir ?swdp ?wdp ?hdp ?density ?lsize ?long ?orien ?uimode ?night ?touch ?keyb/?/? ?nav/?}
W/WindowManager(  654): Keyguard drawn timeout. Setting mKeyguardDrawComplete
D/WifiService(  654): New client listening to asynchronous messages
W/ResourcesManager(  984): Asset path '/system/framework/com.google.android.media.effects.jar' does not exist or contains no resources.
V/BackupManagerService(  654): Connected to transport ComponentInfo{com.google.android.gms/com.google.android.gms.backup.BackupTransportService}
V/BackupManagerService(  654): Registering transport com.google.android.gms/.backup.BackupTransportService::com.google.android.gms/.backup.BackupTransportService = com.android.internal.backup.IBackupTransport$Stub$Proxy@2d2218b0
E/ActivityManager(  654): Unable to mark boot complete for abi: armeabi-v7a
I/SystemServiceManager(  654): Starting phase 1000
D/WifiService(  654): New client listening to asynchronous messages
I/ActivityManager(  654): Start proc 1367:com.android.music/u0a42 for broadcast com.android.music/.MediaButtonIntentReceiver
E/libprocessgroup( 1367): failed to make and chown /acct/uid_10042: Read-only file system
E/libprocessgroup( 1395): failed to make and chown /acct/uid_10063: Read-only file system
I/ActivityManager(  654): Start proc 1395:com.android.vending/u0a63 for broadcast com.android.vending/com.google.android.finsky.receivers.SimStateReceiver
W/ActivityManager(  654): Unable to start service Intent { act=com.google.android.gms.nearby.discovery:ACTION_PERMISSION_CHANGE cmp=com.google.android.gms/.nearby.discovery.service.DiscoveryService } U=0: not found
E/libprocessgroup( 1414): failed to make and chown /acct/uid_10005: Read-only file system
I/ActivityManager(  654): Start proc 1414:android.process.media/u0a5 for content provider com.android.providers.media/.MediaProvider
D/WifiService(  654): acquireWifiLockLocked: WifiLock{NlpWifiLock type=2 binder=android.os.BinderProxy@2a2e5306}
D/WifiService(  654): releaseWifiLockLocked: WifiLock{NlpWifiLock type=2 binder=android.os.BinderProxy@2a2e5306}
W/ResourcesManager( 1395): Asset path '/system/framework/com.android.media.remotedisplay.jar' does not exist or contains no resources.
W/ResourcesManager( 1395): Asset path '/system/framework/com.android.location.provider.jar' does not exist or contains no resources.
E/libprocessgroup( 1510): failed to make and chown /acct/uid_1000: Read-only file system
I/ActivityManager(  654): Start proc 1510:com.android.keychain/1000 for service com.android.keychain/.KeyChainService
E/libprocessgroup( 1531): failed to make and chown /acct/uid_10004: Read-only file system
I/BootReceiver(  654): Copying audit failures to DropBox
I/BootReceiver(  654): Checking for fsck errors
I/BootReceiver(  654): Copying /data/tombstones/tombstone_04 to DropBox (SYSTEM_TOMBSTONE)
I/ActivityManager(  654): Start proc 1531:com.android.dialer/u0a4 for broadcast com.android.dialer/.calllog.CallLogReceiver
D/WifiService(  654): New client listening to asynchronous messages
E/ActivityThread( 1275): Failed to find provider info for com.google.android.wearable.settings
E/libprocessgroup( 1555): failed to make and chown /acct/uid_10001: Read-only file system
I/ActivityManager(  654): Start proc 1555:com.android.providers.calendar/u0a1 for broadcast com.android.providers.calendar/.CalendarReceiver
W/ResourcesManager( 1555): Asset path '/system/framework/android.test.runner.jar' does not exist or contains no resources.
