W/art     ( 3103): Long monitor contention event with owner method=android.view.accessibility.AccessibilityNodeInfo com.android.uiautomator.core.QueryController.findAccessibilityNodeInfo(com.android.uiautomator.core.UiSelector, boolean) from QueryController.java:149 waiters=0 for 688ms
W/art     ( 3103): Long monitor contention event with owner method=android.view.accessibility.AccessibilityNodeInfo com.android.uiautomator.core.QueryController.findAccessibilityNodeInfo(com.android.uiautomator.core.UiSelector, boolean) from QueryController.java:149 waiters=0 for 108ms
I/QueryController( 3103): Matched selector: UiSelector[INSTANCE=0, RESOURCE_ID=com.quikr:id/cars_ad_list_title_tv] <<==>> [android.view.accessibility.AccessibilityNodeInfo@800ee226; boundsInParent: Rect(0, 0 - 938, 111); boundsInScreen: Rect(35, 1212 - 973, 1323); packageName: com.quikr; className: android.widget.TextView; text: Honda City 1.5 V MT Exclusive - 2011; error: null; maxTextLength: -1; contentDescription: null; viewIdResName: com.quikr:id/cars_ad_list_title_tv; checkable: false; checked: false; focusable: false; focused: false; selected: false; clickable: false; longClickable: false; enabled: true; password: false; scrollable: false; actions: [AccessibilityAction: ACTION_SELECT - null, AccessibilityAction: ACTION_CLEAR_SELECTION - null, AccessibilityAction: ACTION_ACCESSIBILITY_FOCUS - null, AccessibilityAction: ACTION_NEXT_AT_MOVEMENT_GRANULARITY - null, AccessibilityAction: ACTION_PREVIOUS_AT_MOVEMENT_GRANULARITY - null, AccessibilityAction: ACTION_SET_SELECTION - null]]
D/UiObject( 3103): getText() = Honda City 1.5 V MT Exclusive - 2011
I/art     ( 3103): System.exit called, status: 1
I/AndroidRuntime( 3103): VM exiting with result code 1.
W/WindowManager(  654): Attempted to remove non-existing token: android.os.Binder@1b315754
I/EntropyMixer(  654): Writing entropy...
I/GCoreUlr(  917): Starting service, intent=Intent { act=com.google.android.location.reporting.ACTION_UPDATE_ACTIVE_STATE cmp=com.google.android.gms/com.google.android.location.reporting.service.DispatchingService (has extras) }, extras=Bundle[{source=PowerModeReceiver}]
I/iu.Environment( 1275): update battery state; isPlugged? true*
I/iu.UploadsManager( 1275): num queued entries: 0
I/iu.UploadsManager( 1275): num updated entries: 0
I/iu.SyncManager( 1275): NEXT; no task
I/iu.FingerprintManager( 1275): Start processing all media
I/iu.FingerprintManager( 1275): Start processing media store URI: content://media/external/images/media
I/iu.FingerprintManager( 1275): Start processing media store URI: content://media/external/video/media
W/ConfigurationChimeraPro(  917): Got null configs for com.google.android.gms.backup
W/ConfigurationChimeraPro(  917): Got null configs for com.google.android.gms.constellation
I/GCoreUlr(  917): DispatchingService.updateActiveState+PowerModeReceiver: Ensuring that reporting is active for [account#1#]
E/BluetoothAdapter(  917): Bluetooth binder is null
I/GCoreUlr(  917): Place inference reporting - stop
I/iu.FingerprintManager( 1275): Start processing media store URI: content://media/phoneStorage/images/media
I/iu.FingerprintManager( 1275): Start processing media store URI: content://media/phoneStorage/video/media
D/Backup  ( 1275): [DeviceStateSnapshotIntentOperation] Logging DeviceStateSnapshot.
I/DynamiteModule(  917): Considering local module com.google.android.gms.googlecertificates:4 and remote module com.google.android.gms.googlecertificates:4
I/DynamiteModule(  917): Selected remote version of com.google.android.gms.googlecertificates, version >= 4
I/iu.FingerprintManager( 1275): Finished generating fingerprints; 0.089 seconds
I/iu.FingerprintManager( 1275):   numSeen=0 numGenerated=0 numDeleted=0 numFailed=0
W/Conscrypt(  917): Could not set socket write timeout:
W/Conscrypt(  917):    java.lang.reflect.Method.invoke(Native Method)
W/Conscrypt(  917):    java.lang.reflect.Method.invoke(Method.java:372)
W/Conscrypt(  917): Could not set socket write timeout:
W/Conscrypt(  917):    java.lang.reflect.Method.invoke(Native Method)
W/Conscrypt(  917):    java.lang.reflect.Method.invoke(Method.java:372)
W/ConfigurationChimeraPro(  917): Got null configs for com.google.android.gms.auth.account.base
D/        ( 2980): HostConnection::get() New Host Connection established 0xeec39850, tid 3005
W/GLSUser (  917): [AppCertManager] IOException while requesting key: 
W/GLSUser (  917): java.io.IOException: Invalid device key response.
W/GLSUser (  917): 	at ezl.a(:com.google.android.gms@11746270:14)
W/GLSUser (  917): 	at ezl.a(:com.google.android.gms@11746270:65)
W/GLSUser (  917): 	at ezj.a(:com.google.android.gms@11746270:8)
W/GLSUser (  917): 	at ezf.a(:com.google.android.gms@11746270:1)
W/GLSUser (  917): 	at eze.a(:com.google.android.gms@11746270:10)
W/GLSUser (  917): 	at com.google.android.gms.auth.account.be.legacy.AuthCronChimeraService.b(:com.google.android.gms@11746270:7)
W/GLSUser (  917): 	at eeg.call(:com.google.android.gms@11746270:3)
W/GLSUser (  917): 	at java.util.concurrent.FutureTask.run(FutureTask.java:237)
W/GLSUser (  917): 	at mnk.run(:com.google.android.gms@11746270:26)
W/GLSUser (  917): 	at java.util.concurrent.ThreadPoolExecutor.runWorker(ThreadPoolExecutor.java:1112)
W/GLSUser (  917): 	at java.util.concurrent.ThreadPoolExecutor$Worker.run(ThreadPoolExecutor.java:587)
W/GLSUser (  917): 	at msv.run(:com.google.android.gms@11746270)
W/GLSUser (  917): 	at java.lang.Thread.run(Thread.java:818)
W/art     (  917): Long monitor contention event with owner method=void java.lang.Object.wait!(long, int) from Object.java:4294967294 waiters=0 for 982ms
W/GLSUser (  917): [DeviceKeyStore] Cannot load key: Device key file not found.
W/GLSUser (  917): [DeviceKeyStore] Cannot load key: Device key file not found.
W/Conscrypt( 1275): Could not set socket write timeout:
W/Conscrypt( 1275):    java.lang.reflect.Method.invoke(Native Method)
W/Conscrypt( 1275):    java.lang.reflect.Method.invoke(Method.java:372)
W/Conscrypt( 1275): Could not set socket write timeout:
W/Conscrypt( 1275):    java.lang.reflect.Method.invoke(Native Method)
W/Conscrypt( 1275):    java.lang.reflect.Method.invoke(Method.java:372)
D/WifiService(  654): acquireWifiLockLocked: WifiLock{NlpWifiLock type=2 binder=android.os.BinderProxy@33b46aea}
W/GLSUser (  917): [DeviceKeyStore] Cannot load key: Device key file not found.
W/GLSUser (  917): [DeviceKeyStore] Cannot load key: Device key file not found.
W/Conscrypt( 1275): Could not set socket write timeout:
W/Conscrypt( 1275):    java.lang.reflect.Method.invoke(Native Method)
W/Conscrypt( 1275):    java.lang.reflect.Method.invoke(Method.java:372)
W/Conscrypt( 1275): Could not set socket write timeout:
W/Conscrypt( 1275):    java.lang.reflect.Method.invoke(Native Method)
W/Conscrypt( 1275):    java.lang.reflect.Method.invoke(Method.java:372)
D/WifiService(  654): acquireWifiLockLocked: WifiLock{NlpWifiLock type=2 binder=android.os.BinderProxy@5a6140}
D/WifiService(  654): releaseWifiLockLocked: WifiLock{NlpWifiLock type=2 binder=android.os.BinderProxy@5a6140}
D/WifiService(  654): releaseWifiLockLocked: WifiLock{NlpWifiLock type=2 binder=android.os.BinderProxy@33b46aea}
E/constellation( 1275): [periodic_consent_checker] Couldn't sync with the server due to 
E/constellation( 1275): nax: No consent
E/constellation( 1275): 	at mxj.a(:com.google.android.gms@11746270:15)
E/constellation( 1275): 	at mxj.a(:com.google.android.gms@11746270:41)
E/constellation( 1275): 	at mxj.a(:com.google.android.gms@11746270:33)
E/constellation( 1275): 	at com.google.android.gms.constellation.EventManager.onHandleIntent(:com.google.android.gms@11746270:9)
E/constellation( 1275): 	at com.google.android.chimera.IntentOperation.onHandleIntent(:com.google.android.gms@11746270:2)
E/constellation( 1275): 	at bxd.run(:com.google.android.gms@11746270:10)
E/constellation( 1275): 	at bxa.run(:com.google.android.gms@11746270:14)
E/constellation( 1275): 	at java.util.concurrent.ThreadPoolExecutor.runWorker(ThreadPoolExecutor.java:1112)
E/constellation( 1275): 	at java.util.concurrent.ThreadPoolExecutor$Worker.run(ThreadPoolExecutor.java:587)
E/constellation( 1275): 	at java.lang.Thread.run(Thread.java:818)
E/libprocessgroup( 3567): failed to make and chown /acct/uid_10027: Read-only file system
W/Zygote  ( 3567): createProcessGroup failed, kernel missing CONFIG_CGROUP_CPUACCT?
I/ActivityManager(  654): Start proc 3567:com.android.deskclock/u0a27 for broadcast com.android.deskclock/com.android.alarmclock.DigitalAppWidgetProvider
I/ActivityManager(  654): Killing 2745:com.android.externalstorage/u0a6 (adj 15): empty #17
W/libprocessgroup(  654): failed to open /acct/uid_10006/pid_2745/cgroup.procs: No such file or directory
D/WifiService(  654): acquireWifiLockLocked: WifiLock{NlpWifiLock type=2 binder=android.os.BinderProxy@33b46aea}
D/WifiService(  654): acquireWifiLockLocked: WifiLock{NlpWifiLock type=2 binder=android.os.BinderProxy@5a6140}
D/WifiService(  654): releaseWifiLockLocked: WifiLock{NlpWifiLock type=2 binder=android.os.BinderProxy@5a6140}
D/WifiService(  654): releaseWifiLockLocked: WifiLock{NlpWifiLock type=2 binder=android.os.BinderProxy@33b46aea}
I/art     (  654): Explicit concurrent mark sweep GC freed 34468(1809KB) AllocSpace objects, 9(268KB) LOS objects, 33% free, 11MB/16MB, paused 692us total 21.065ms
I/Finsky  ( 1928): [171] com.google.android.finsky.contentfilterui.m.a(8): Received content filters request from sharedUserId=com.google.uid.shared:10060
W/GLSUser (  917): [DeviceKeyStore] Cannot load key: Device key file not found.
W/GLSUser (  917): [DeviceKeyStore] Cannot load key: Device key file not found.
I/InstantApps(  917): DomainFilterImpl: Domain filter response size: 30670
I/VacuumService(  917): Vacuum at: now=1511180107539 tag=VacuumService
D/WifiService(  654): acquireWifiLockLocked: WifiLock{NlpWifiLock type=2 binder=android.os.BinderProxy@1d7d72bc}
D/WifiService(  654): acquireWifiLockLocked: WifiLock{NlpWifiLock type=2 binder=android.os.BinderProxy@c75245}
D/WifiService(  654): releaseWifiLockLocked: WifiLock{NlpWifiLock type=2 binder=android.os.BinderProxy@c75245}
D/WifiService(  654): releaseWifiLockLocked: WifiLock{NlpWifiLock type=2 binder=android.os.BinderProxy@1d7d72bc}
D/WifiService(  654): acquireWifiLockLocked: WifiLock{NlpWifiLock type=2 binder=android.os.BinderProxy@1d7d72bc}
D/WifiService(  654): acquireWifiLockLocked: WifiLock{NlpWifiLock type=2 binder=android.os.BinderProxy@c75245}
D/WifiService(  654): releaseWifiLockLocked: WifiLock{NlpWifiLock type=2 binder=android.os.BinderProxy@c75245}
D/WifiService(  654): releaseWifiLockLocked: WifiLock{NlpWifiLock type=2 binder=android.os.BinderProxy@1d7d72bc}
W/GCoreFlp(  917): No location to return for getLastLocation()
D/WifiService(  654): acquireWifiLockLocked: WifiLock{NlpWifiLock type=2 binder=android.os.BinderProxy@1d7d72bc}
D/WifiService(  654): acquireWifiLockLocked: WifiLock{NlpWifiLock type=2 binder=android.os.BinderProxy@c75245}
D/WifiService(  654): releaseWifiLockLocked: WifiLock{NlpWifiLock type=2 binder=android.os.BinderProxy@c75245}
D/WifiService(  654): releaseWifiLockLocked: WifiLock{NlpWifiLock type=2 binder=android.os.BinderProxy@1d7d72bc}
D/WifiService(  654): acquireWifiLockLocked: WifiLock{NlpWifiLock type=2 binder=android.os.BinderProxy@176102ec}
D/WifiService(  654): releaseWifiLockLocked: WifiLock{NlpWifiLock type=2 binder=android.os.BinderProxy@176102ec}
I/PlayCommon( 1928): [176] com.google.android.play.a.h.e(248): Preparing logs for uploading
I/PlayCommon( 1928): [176] com.google.android.play.a.h.a(470): Connecting to server: https://play.googleapis.com/play/log?format=raw&proto_v2=true
I/PlayCommon( 1928): [176] com.google.android.play.a.h.a(527): Successfully uploaded logs.
I/Finsky  ( 1928): [1] com.google.android.finsky.scheduler.JobSchedulerEngine$PhoneskyJobSchedulerJobService.onStartJob(9): onJobSchedulerWakeup
I/Finsky  ( 1928): [1] com.google.android.finsky.scheduler.g.a(22): Scheduling fallback in 43199999 (absolute: 43524417)
I/Finsky  ( 1928): [1] com.google.android.finsky.scheduler.g.a(22): Scheduling fallback in 64799999 (absolute: 65124419)
I/Finsky  ( 1928): [1] com.google.android.finsky.scheduler.m.handleMessage(25): DeviceState: DeviceState{currentTime=1511180212275, isCharging=true, isIdle=false, netAny=true, netNotRoaming=true, netUnmetered=true}
I/Finsky  ( 1928): [1] com.google.android.finsky.scheduler.i.a(89): Running job: 821848295 (4)
I/Finsky  ( 1928): [1] com.google.android.finsky.updatechecker.impl.m.a(36): JobScheduler invoked, loading libraries.
I/Finsky  ( 1928): [1] com.google.android.finsky.scheduler.i.a(125): RunningQueue size: 1
I/Finsky  ( 1928): [1] com.google.android.finsky.scheduler.i.a(126): PendingQueue size: 0
I/Finsky  ( 1928): [1] com.google.android.finsky.scheduler.ac.b(11): jobFinished: 821848295 4
I/Finsky  ( 1928): [1] com.google.android.finsky.updatechecker.impl.m.a(46): auto-updates finished successfully.
I/Finsky  ( 1928): [1] com.google.android.finsky.scheduler.i.a(150): Job 821848295 (4) finished
I/Finsky  ( 1928): [1] com.google.android.finsky.scheduler.i.a(125): RunningQueue size: 0
I/Finsky  ( 1928): [1] com.google.android.finsky.scheduler.i.a(126): PendingQueue size: 0
I/Finsky  ( 1928): [1] com.google.android.finsky.scheduler.m.handleMessage(190): Executor finished
I/PlayCommon( 1928): [219] com.google.android.play.a.h.e(248): Preparing logs for uploading
I/PlayCommon( 1928): [219] com.google.android.play.a.h.e(252): No file ready to send
I/art     (  654): Explicit concurrent mark sweep GC freed 53633(2MB) AllocSpace objects, 0(0B) LOS objects, 33% free, 11MB/16MB, paused 554us total 24.056ms
D/        ( 2980): HostConnection::get() New Host Connection established 0xf3e77890, tid 3063
W/Conscrypt(  917): Could not set socket write timeout:
W/Conscrypt(  917):    java.lang.reflect.Method.invoke(Native Method)
W/Conscrypt(  917):    java.lang.reflect.Method.invoke(Method.java:372)
W/Conscrypt(  917): Could not set socket write timeout:
W/Conscrypt(  917):    java.lang.reflect.Method.invoke(Native Method)
W/Conscrypt(  917):    java.lang.reflect.Method.invoke(Method.java:372)
W/GLSUser (  917): [AppCertManager] IOException while requesting key: 
W/GLSUser (  917): java.io.IOException: Invalid device key response.
W/GLSUser (  917): 	at ezl.a(:com.google.android.gms@11746270:14)
W/GLSUser (  917): 	at ezl.a(:com.google.android.gms@11746270:65)
W/GLSUser (  917): 	at ezj.a(:com.google.android.gms@11746270:8)
W/GLSUser (  917): 	at ezf.a(:com.google.android.gms@11746270:1)
W/GLSUser (  917): 	at eze.a(:com.google.android.gms@11746270:10)
W/GLSUser (  917): 	at com.google.android.gms.auth.account.be.legacy.AuthCronChimeraService.b(:com.google.android.gms@11746270:7)
W/GLSUser (  917): 	at eeg.call(:com.google.android.gms@11746270:3)
W/GLSUser (  917): 	at java.util.concurrent.FutureTask.run(FutureTask.java:237)
W/GLSUser (  917): 	at mnk.run(:com.google.android.gms@11746270:26)
W/GLSUser (  917): 	at java.util.concurrent.ThreadPoolExecutor.runWorker(ThreadPoolExecutor.java:1112)
W/GLSUser (  917): 	at java.util.concurrent.ThreadPoolExecutor$Worker.run(ThreadPoolExecutor.java:587)
W/GLSUser (  917): 	at msv.run(:com.google.android.gms@11746270)
W/GLSUser (  917): 	at java.lang.Thread.run(Thread.java:818)
D/AndroidRuntime( 3637): >>>>>> START com.android.internal.os.RuntimeInit uid 0 <<<<<<
D/AndroidRuntime( 3637): CheckJNI is OFF
W/linker  ( 3637): libhoudini.so has text relocations. This is wasting memory and prevents security hardening. Please fix.
E/memtrack( 3637): Couldn't load memtrack module (No such file or directory)
E/android.os.Debug( 3637): failed to load memtrack module: -2
D/AndroidRuntime( 3637): Calling main entry com.android.commands.pm.Pm
I/art     ( 3637): System.exit called, status: 0
I/AndroidRuntime( 3637): VM exiting with result code 0.
D/AndroidRuntime( 3652): >>>>>> START com.android.internal.os.RuntimeInit uid 0 <<<<<<
D/AndroidRuntime( 3652): CheckJNI is OFF
W/linker  ( 3652): libhoudini.so has text relocations. This is wasting memory and prevents security hardening. Please fix.
E/memtrack( 3652): Couldn't load memtrack module (No such file or directory)
E/android.os.Debug( 3652): failed to load memtrack module: -2
D/AndroidRuntime( 3652): Calling main entry com.android.commands.am.Am
I/ActivityManager(  654): Force stopping io.appium.settings appid=10215 user=0: from pid 3652
I/ActivityManager(  654): Killing 2834:io.appium.settings/u0a215 (adj 15): stop io.appium.settings
W/libprocessgroup(  654): failed to open /acct/uid_10215/pid_2834/cgroup.procs: No such file or directory
D/AndroidRuntime( 3652): Shutting down VM
D/AndroidRuntime( 3669): >>>>>> START com.android.internal.os.RuntimeInit uid 0 <<<<<<
D/AndroidRuntime( 3669): CheckJNI is OFF
W/linker  ( 3669): libhoudini.so has text relocations. This is wasting memory and prevents security hardening. Please fix.
E/memtrack( 3669): Couldn't load memtrack module (No such file or directory)
E/android.os.Debug( 3669): failed to load memtrack module: -2
D/AndroidRuntime( 3669): Calling main entry com.android.commands.pm.Pm
I/ActivityManager(  654): Force stopping io.appium.settings appid=10215 user=-1: uninstall pkg
I/ActivityManager(  654): Force stopping io.appium.settings appid=10215 user=0: pkg removed
I/GeofencerStateMachine(  917): removeGeofences: removeRequest=RemoveGeofencingRequest[REMOVE_ALL packageName=io.appium.settings]
I/art     (  984): Explicit concurrent mark sweep GC freed 9331(754KB) AllocSpace objects, 4(612KB) LOS objects, 25% free, 8MB/11MB, paused 101us total 7.036ms
D/Documents( 2669): Update found 6 roots in 1ms
I/LatinIME:LogUtils(  798): Dictionary info: dictionary = main:en ; version = 47 ; date = 1402373178
D/VoicemailCleanupService( 1046): Cleaning up data for package: io.appium.settings
I/InputReader(  654): Reconfiguring input devices.  changes=0x00000010
W/ContextImpl( 2582): Calling a method in the system process without a qualified user: android.app.ContextImpl.startService:1700 android.content.ContextWrapper.startService:516 android.content.ContextWrapper.startService:516 com.android.keychain.KeyChainBroadcastReceiver.onReceive:12 android.app.ActivityThread.handleReceiver:2609 
W/Launcher(  984): setApplicationContext called twice! old=com.android.launcher3.LauncherApplication@1a273878 new=com.android.launcher3.LauncherApplication@1a273878
I/WearableService(  917): Wearable Services not starting - Wear is not available on this device.
I/art     (  654): Explicit concurrent mark sweep GC freed 36300(1862KB) AllocSpace objects, 3(48KB) LOS objects, 33% free, 11MB/17MB, paused 374us total 57.866ms
D/WearableService(  917): onGetService - Wear is not available on this device.
I/art     (  654): WaitForGcToComplete blocked for 59.883ms for cause Explicit
E/Finsky  ( 1928): [1] com.google.android.finsky.wear.bl.a(3): onConnectionFailed: ConnectionResult{statusCode=API_UNAVAILABLE, resolution=null, message=null}
W/Finsky  ( 1928): [1] com.google.android.finsky.wear.aj.run(9): Dropping command=auto_uninstall due to Gms not connected
W/Finsky  ( 1928): [1] com.google.android.finsky.wear.aj.run(9): Dropping command=send_installed_apps due to Gms not connected
W/Searchables(  654): No global search activity found
I/Launcher(  984): Deferring update until onResume
D/JobSchedulerService(  654): Receieved: android.intent.action.PACKAGE_REMOVED
D/BackupManagerService(  654): Received broadcast Intent { act=android.intent.action.PACKAGE_REMOVED dat=package:io.appium.settings flg=0x4000010 (has extras) }
I/art     ( 1275): Explicit concurrent mark sweep GC freed 327694(17MB) AllocSpace objects, 8(2MB) LOS objects, 39% free, 21MB/35MB, paused 2.077ms total 127.620ms
W/ResourcesManager(  984): Asset path '/system/framework/com.google.android.media.effects.jar' does not exist or contains no resources.
I/Launcher(  984): Deferring update until onResume
I/art     (  654): Explicit concurrent mark sweep GC freed 4701(256KB) AllocSpace objects, 1(1764KB) LOS objects, 33% free, 9MB/14MB, paused 702us total 123.660ms
I/art     ( 3669): System.exit called, status: 0
I/AndroidRuntime( 3669): VM exiting with result code 0.
D/Wear_Controller( 1275): Received broadcast action=android.intent.action.PACKAGE_REMOVED and uri=io.appium.settings
I/LocationSettingsChecker( 1275): Removing dialog suppression flag for package io.appium.settings
I/ContentMaintenance( 1275): Pruning caches...
I/ContentMaintenance( 1275): Internal cache bytes used: 0; limit: 100000000; download size: 0
I/ContentMaintenance( 1275): Cache pruning complete.
I/ContentMaintenance( 1275): Beginning garbage collection.
I/Icing   ( 1275): doRemovePackageData io.appium.settings
I/RealtimeCacheCleanup( 1275): Beginning Realtime garbage collection.
I/RealtimeCacheCleanup( 1275): Finished Realtime garbage collection.
I/ContentMaintenance( 1275): Finished garbage collection.
I/Icing   ( 1275): IndexChimeraService.getServiceInterface callingPackage=com.google.android.gms componentName=AppsCorpus serviceId=36
I/Icing   ( 1275): IndexChimeraService.getServiceInterface callingPackage=com.google.android.gms componentName=AppsCorpus serviceId=32
I/Icing   ( 1275): Usage reports ok 0, Failed Usage reports 0, indexed 0, rejected 0, imm upload false
I/Icing   ( 1275): Usage reports ok 0, Failed Usage reports 0, indexed 0, rejected 0, imm upload false
D/AndroidRuntime( 3707): >>>>>> START com.android.internal.os.RuntimeInit uid 0 <<<<<<
D/AndroidRuntime( 3707): CheckJNI is OFF
W/linker  ( 3707): libhoudini.so has text relocations. This is wasting memory and prevents security hardening. Please fix.
E/memtrack( 3707): Couldn't load memtrack module (No such file or directory)
E/android.os.Debug( 3707): failed to load memtrack module: -2
D/AndroidRuntime( 3707): Calling main entry com.android.commands.pm.Pm
I/art     ( 3707): System.exit called, status: 0
I/AndroidRuntime( 3707): VM exiting with result code 0.
D/AndroidRuntime( 3728): >>>>>> START com.android.internal.os.RuntimeInit uid 0 <<<<<<
D/AndroidRuntime( 3728): CheckJNI is OFF
W/linker  ( 3728): libhoudini.so has text relocations. This is wasting memory and prevents security hardening. Please fix.
E/memtrack( 3728): Couldn't load memtrack module (No such file or directory)
E/android.os.Debug( 3728): failed to load memtrack module: -2
D/AndroidRuntime( 3728): Calling main entry com.android.commands.pm.Pm
D/DefContainer( 2602): Copying /data/local/tmp/settings_apk-debug.apk to base.apk
D/PackageManager(  654): Renaming /data/app/vmdl1112594346.tmp to /data/app/io.appium.settings-1
I/PackageManager(  654): Running dexopt on: /data/app/io.appium.settings-1/base.apk pkg=io.appium.settings isa=x86 vmSafeMode=false
E/cutils-trace( 3742): Error opening trace file: Permission denied (13)
I/dex2oat ( 3742): /system/bin/dex2oat --zip-fd=5 --zip-location=/data/app/io.appium.settings-1/base.apk --oat-fd=6 --oat-location=/data/dalvik-cache/x86/data@app@io.appium.settings-1@base.apk@classes.dex --instruction-set=x86 --instruction-set-features=default --runtime-arg -Xms64m --runtime-arg -Xmx512m --swap-fd=7
I/dex2oat ( 3742): Decided to run without swap.
I/dex2oat ( 3742): dex2oat took 22.963ms (threads: 4) arena alloc=78KB java alloc=38KB native alloc=1094KB free=6MB
W/PackageManager(  654): Not granting permission android.permission.SET_ANIMATION_SCALE to package io.appium.settings (protectionLevel=50 flags=0x8be46)
V/BackupManagerService(  654): restoreAtInstall pkg=io.appium.settings token=4 restoreSet=0
V/BackupManagerService(  654): Finishing install immediately
W/Settings(  654): Setting install_non_market_apps has moved from android.provider.Settings.Global to android.provider.Settings.Secure, returning read-only value.
D/Documents( 2669): Update found 6 roots in 9ms
I/InputReader(  654): Reconfiguring input devices.  changes=0x00000010
D/BackupManagerService(  654): Received broadcast Intent { act=android.intent.action.PACKAGE_ADDED dat=package:io.appium.settings flg=0x4000010 (has extras) }
W/BackupManagerService(  654): Removing schedule queue dupe of io.appium.settings
W/Searchables(  654): No global search activity found
W/VoiceInteractionManagerService(  654): no available voice recognition services found for user 0
I/Launcher(  984): Deferring update until onResume
D/WearableService(  917): onGetService - Wear is not available on this device.
I/Launcher(  984): Deferring update until onResume
E/Finsky  ( 1928): [1] com.google.android.finsky.wear.bl.a(3): onConnectionFailed: ConnectionResult{statusCode=API_UNAVAILABLE, resolution=null, message=null}
W/Finsky  ( 1928): [1] com.google.android.finsky.wear.aj.run(9): Dropping command=auto_install due to Gms not connected
I/art     (  654): Explicit concurrent mark sweep GC freed 16552(1210KB) AllocSpace objects, 10(159KB) LOS objects, 33% free, 9MB/14MB, paused 287us total 171.856ms
W/Finsky  ( 1928): [1] com.google.android.finsky.wear.aj.run(9): Dropping command=send_installed_apps due to Gms not connected
I/art     ( 3728): System.exit called, status: 0
I/AndroidRuntime( 3728): VM exiting with result code 0.
I/FontsPackageChangeOp( 1275): Package io.appium.settings has no metadata
D/Wear_Controller( 1275): Received broadcast action=android.intent.action.PACKAGE_ADDED and uri=io.appium.settings
I/Icing   ( 1275): IndexChimeraService.getServiceInterface callingPackage=com.google.android.gms componentName=AppsCorpus serviceId=36
I/Icing   ( 1275): IndexChimeraService.getServiceInterface callingPackage=com.google.android.gms componentName=AppsCorpus serviceId=32
I/Icing   ( 1275): Usage reports ok 0, Failed Usage reports 0, indexed 0, rejected 0, imm upload false
I/Icing   ( 1275): Usage reports ok 0, Failed Usage reports 0, indexed 0, rejected 0, imm upload false
D/AndroidRuntime( 3766): >>>>>> START com.android.internal.os.RuntimeInit uid 0 <<<<<<
D/AndroidRuntime( 3766): CheckJNI is OFF
W/linker  ( 3766): libhoudini.so has text relocations. This is wasting memory and prevents security hardening. Please fix.
E/memtrack( 3766): Couldn't load memtrack module (No such file or directory)
E/android.os.Debug( 3766): failed to load memtrack module: -2
D/AndroidRuntime( 3766): Calling main entry com.android.commands.am.Am
I/ActivityManager(  654): START u0 {act=android.intent.action.MAIN cat=[android.intent.category.LAUNCHER] flg=0x10200000 cmp=io.appium.settings/.Settings} from uid 0 on display 0
V/WindowManager(  654): addAppToken: AppWindowToken{2035b945 token=Token{b9915bc ActivityRecord{13accdaf u0 io.appium.settings/.Settings t240}}} to stack=1 task=240 at 0
D/        (  654): HostConnection::get() New Host Connection established 0xe1537400, tid 2208
E/EGL_emulation(  620): tid 620: eglCreateSyncKHR(1209): error 0x3004 (EGL_BAD_ATTRIBUTE)
V/WindowManager(  654): Adding window Window{bdd5a3e u0 Starting io.appium.settings} at 4 of 9 (after Window{3ed018ac u0 com.quikr/com.quikr.ui.snbv2.SearchAndBrowseActivity})
I/Icing   ( 1275): Indexing 79260856AA7B0CAB9E9D6B09BA597653F2AF44FE from com.google.android.gms
I/Icing   ( 1275): Indexing done 79260856AA7B0CAB9E9D6B09BA597653F2AF44FE
I/ActivityManager(  654): Start proc 3782:io.appium.settings/u0a217 for activity io.appium.settings/.Settings
E/libprocessgroup( 3782): failed to make and chown /acct/uid_10217: Read-only file system
W/Zygote  ( 3782): createProcessGroup failed, kernel missing CONFIG_CGROUP_CPUACCT?
I/art     ( 3782): Late-enabling -Xcheck:jni
D/APPIUM SETTINGS( 3782): Entering Appium settings
D/APPIUM SETTINGS( 3782): Closing settings app
D/OpenGLRenderer( 3782): Use EGL_SWAP_BEHAVIOR_PRESERVED: true
D/        ( 3782): HostConnection::get() New Host Connection established 0xf3e77930, tid 3782
D/Atlas   ( 3782): Validating map...
V/WindowManager(  654): Adding window Window{241b86f0 u0 io.appium.settings/io.appium.settings.Settings} at 4 of 10 (before Window{bdd5a3e u0 Starting io.appium.settings})
D/libEGL  ( 3782): loaded /system/lib/egl/libEGL_emulation.so
D/libEGL  ( 3782): loaded /system/lib/egl/libGLESv1_CM_emulation.so
D/libEGL  ( 3782): loaded /system/lib/egl/libGLESv2_emulation.so
D/        ( 3782): HostConnection::get() New Host Connection established 0xeec393b0, tid 3800
I/Icing   ( 1275): Indexing 79260856AA7B0CAB9E9D6B09BA597653F2AF44FE from com.google.android.gms
I/Icing   ( 1275): Indexing done 79260856AA7B0CAB9E9D6B09BA597653F2AF44FE
I/OpenGLRenderer( 3782): Initialized EGL, version 1.4
D/OpenGLRenderer( 3782): Enabling debug mode 0
W/EGL_emulation( 3782): eglSurfaceAttrib not implemented
W/OpenGLRenderer( 3782): Failed to set EGL_SWAP_BEHAVIOR on surface 0xeec38740, error=EGL_SUCCESS
I/ActivityManager(  654): Displayed io.appium.settings/.Settings: +949ms
D/AndroidRuntime( 3766): Shutting down VM
W/ResourceType(  762): No package identifier when getting value for resource number 0x00000000
W/PackageManager(  762): Failure retrieving resources for com.quikr: Resource ID #0x0
W/System  ( 3137): Ignoring header Content-Type because its value was null.
E/EGL_emulation(  620): tid 620: eglCreateSyncKHR(1209): error 0x3004 (EGL_BAD_ATTRIBUTE)
D/AndroidRuntime( 3810): >>>>>> START com.android.internal.os.RuntimeInit uid 0 <<<<<<
D/AndroidRuntime( 3810): CheckJNI is OFF
W/linker  ( 3810): libhoudini.so has text relocations. This is wasting memory and prevents security hardening. Please fix.
E/memtrack( 3810): Couldn't load memtrack module (No such file or directory)
E/android.os.Debug( 3810): failed to load memtrack module: -2
D/AndroidRuntime( 3810): Calling main entry com.android.commands.settings.SettingsCmd
D/AndroidRuntime( 3810): Shutting down VM
W/EGL_emulation( 3137): eglSurfaceAttrib not implemented
W/OpenGLRenderer( 3137): Failed to set EGL_SWAP_BEHAVIOR on surface 0xd06ef580, error=EGL_SUCCESS
D/AndroidRuntime( 3831): >>>>>> START com.android.internal.os.RuntimeInit uid 0 <<<<<<
D/AndroidRuntime( 3831): CheckJNI is OFF
W/linker  ( 3831): libhoudini.so has text relocations. This is wasting memory and prevents security hardening. Please fix.
E/memtrack( 3831): Couldn't load memtrack module (No such file or directory)
E/android.os.Debug( 3831): failed to load memtrack module: -2
D/AndroidRuntime( 3831): Calling main entry com.android.commands.pm.Pm
D/DefContainer( 2602): Copying /data/local/tmp/unlock_apk-debug.apk to base.apk
D/PackageManager(  654): Renaming /data/app/vmdl2102367533.tmp to /data/app/io.appium.unlock-2
W/PackageManager(  654): Attempt to re-install io.appium.unlock without first uninstalling.
W/Ads     ( 3137): Invoke Firebase method getCurrentScreenClass error.
W/Ads     ( 3137): Invoke Firebase method getCurrentScreenName error.
W/Ads     ( 3137): Invoke Firebase method getCurrentScreenClass error.
W/Ads     ( 3137): Invoke Firebase method getCurrentScreenName error.
I/ActivityManager(  654): START u0 {flg=0x10000000 cmp=com.quikr/com.google.android.gms.ads.AdActivity (has extras)} from uid 10216 on display 0
I/art     (  654): Explicit concurrent mark sweep GC freed 12851(667KB) AllocSpace objects, 3(48KB) LOS objects, 33% free, 13MB/19MB, paused 2.059ms total 37.364ms
V/WindowManager(  654): addAppToken: AppWindowToken{32f5bf38 token=Token{2d6c7f9b ActivityRecord{126c47aa u0 com.quikr/com.google.android.gms.ads.AdActivity t239}}} to stack=1 task=239 at 2
I/art     ( 3831): System.exit called, status: 1
I/AndroidRuntime( 3831): VM exiting with result code 1.
D/DynamitePackage( 3137): Instantiating com.google.android.gms.ads.ChimeraAdOverlayCreatorImpl
I/Ads     ( 3137): Ad opening.
I/Ads     ( 3137): Ad opening.
I/chromium( 3137): [INFO:renderer_accessibility_complete.cc(227)] Accessibility event: childrenChanged on node id 9
I/chromium( 3137): id=3 rootWebArea FOCUSABLE OFFSCREEN READONLY VERTICAL (0, 0)-(32, 40) scroll_x=0 scroll_y=0 scroll_x_min=0 scroll_y_min=0 scroll_x_max=32 scroll_y_max=40 value= url=https://googleads.g.doubleclick.net/mads/gma?_activity_context=false&android_num_video_cache_tasks=0&caps=inlineVideo_interactiveVideo_mraid1_mraid2_sdkVideo_th_autoplay_mediation_av_transparentBackground_sdkAdmobApiForAds_di_aso_sfv_dinm_dim_nav_navc_dinmo_gcache&eid=318475406%2C318478939%2C318478658%2C318478235%2C318478496%2C318478606&format=interstitial_mb&heap_free=16706544&heap_max=268435456&heap_total=101865992&js=afma-sdk-a-v11746270.11746000.2&mr=274841441713880213%2C4634097332259726402%2C7327731340519720825%2C8471693118681263018%2C-1407726274403064590&msid=com.quikr&preqs=2&scroll_index=-1&seq_num=5&target_api=23#_activity_context=false&android_num_video_cache_tasks=0&caps=inlineVideo_interactiveVideo_mraid1_mraid2_sdkVideo_th_autoplay_mediation_av_transparentBackground_sdkAdmobApiForAds_di_aso_sfv_dinm_dim_nav_navc_dinmo_gcache&eid=318475406%252C318478939%252C318478658%252C318478235%252C318478496%252C318478606&format=interstitial_mb&heap_free=16706544&heap_max=268435456&heap_total=101865992&js=afma-sdk-a-v11746270.11746000.2&mr=274841441713880213%252C4634097332259726402%252C7327731340519720825%252C8471693118681263018%252C-1407726274403064590&msid=com.quikr&preqs=2&scroll_index=-1&seq_num=5&target_api=23 html_tag=#document doc_title= doc_url=https://googleads.g.doubleclick.net/mads/gma?_activity_context=false&android_num_video_cache_tasks=0&caps=inlineVideo_interactiveVideo_mraid1_mraid2_sdkVideo_th_autoplay_mediation_av_transparentBackground_sdkAdmobApiForAds_di_aso_sfv_dinm_dim_nav_navc_dinmo_gcache&eid=318475406%2C318478939%2C318478658%2C318478235%2C318478496%2C318478606&format=interstitial_mb&heap_free=16706544&heap_max=268435456&heap_total=101865992&js=afma-sdk-a-v11746270.11746000.2&mr=274841441713880213%2C4634097332259726402%2C7327731340519720825%2C8471693118681263018%2C-1407726274403064590&msid=com.quikr&preqs=2&scroll_index=-1&seq_num=5&target_api=23#_activity_context=false&android_num_video_cache_tasks=0&caps=inlineVideo_interactiveVideo_mraid1_mraid2_sdkVideo_th_autoplay_mediation_av_transparentBackground_sdkAdmobApiForAds_di_aso_sfv_dinm_dim_nav_navc_dinmo_gcache&eid=318475406%252C318478939%252C318478658%252C318478235%252C318478496%252C318478606&format=interstitial_mb&heap_free=16706544&heap_max=268435456&heap_total=101865992&js=afma-sdk-a-v11746270.11746000.2&mr=274841441713880213%252C4634097332259726402%252C7327731340519720825%252C8471693118681263018%252C-1407726274403064590&msid=com.quikr&preqs=2&scroll_index=-1&seq_num=5&target_api=23 doc_mimetype=text/html name= doc_progress=1 doc_loaded=true child_ids=8,16
I/chromium( 3137): 
I/chromium( 3137): [INFO:renderer_accessibility_complete.cc(227)] Accessibility event: layoutComplete on node id 3
I/chromium( 3137): id=3 rootWebArea FOCUSABLE OFFSCREEN READONLY VERTICAL (0, 0)-(32, 40) scroll_x=0 scroll_y=0 scroll_x_min=0 scroll_y_min=0 scroll_x_max=32 scroll_y_max=40 value= url=https://googleads.g.doubleclick.net/mads/gma?_activity_context=false&android_num_video_cache_tasks=0&caps=inlineVideo_interactiveVideo_mraid1_mraid2_sdkVideo_th_autoplay_mediation_av_transparentBackground_sdkAdmobApiForAds_di_aso_sfv_dinm_dim_nav_navc_dinmo_gcache&eid=318475406%2C318478939%2C318478658%2C318478235%2C318478496%2C318478606&format=interstitial_mb&heap_free=16706544&heap_max=268435456&heap_total=101865992&js=afma-sdk-a-v11746270.11746000.2&mr=274841441713880213%2C4634097332259726402%2C7327731340519720825%2C8471693118681263018%2C-1407726274403064590&msid=com.quikr&preqs=2&scroll_index=-1&seq_num=5&target_api=23#_activity_context=false&android_num_video_cache_tasks=0&caps=inlineVideo_interactiveVideo_mraid1_mraid2_sdkVideo_th_autoplay_mediation_av_transparentBackground_sdkAdmobApiForAds_di_aso_sfv_dinm_dim_nav_navc_dinmo_gcache&eid=318475406%252C318478939%252C318478658%252C318478235%252C318478496%252C318478606&format=interstitial_mb&heap_free=16706544&heap_max=268435456&heap_total=101865992&js=afma-sdk-a-v11746270.11746000.2&mr=274841441713880213%252C4634097332259726402%252C7327731340519720825%252C8471693118681263018%252C-1407726274403064590&msid=com.quikr&preqs=2&scroll_index=-1&seq_num=5&target_api=23 html_tag=#document doc_title= doc_url=https://googleads.g.doubleclick.net/mads/gma?_activity_context=false&android_num_video_cache_tasks=0&caps=inlineVideo_interactiveVideo_mraid1_mraid2_sdkVideo_th_autoplay_mediation_av_transparentBackground_sdkAdmobApiForAds_di_aso_sfv_dinm_dim_nav_navc_dinmo_gcache&eid=318475406%2C318478939%2C318478658%2C318478235%2C318478496%2C318478606&format=interstitial_mb&heap_free=16706544&heap_max=268435456&heap_total=101865992&js=afma-sdk-a-v11746270.11746000.2&mr=274841441713880213%2C4634097332259726402%2C7327731340519720825%2C8471693118681263018%2C-1407726274403064590&msid=com.quikr&preqs=2&scroll_index=-1&seq_num=5&target_api=23#_activity_context=false&android_num_video_cache_tasks=0&caps=inlineVideo_interactiveVideo_mraid1_mraid2_sdkVideo_th_autoplay_mediation_av_transparentBackground_sdkAdmobApiForAds_di_aso_sfv_dinm_dim_nav_navc_dinmo_gcache&eid=318475406%252C318478939%252C318478658%252C318478235%252C318478496%252C318478606&format=interstitial_mb&heap_free=16706544&heap_max=268435456&heap_total=101865992&js=afma-sdk-a-v11746270.11746000.2&mr=274841441713880213%252C4634097332259726402%252C7327731340519720825%252C8471693118681263018%252C-1407726274403064590&msid=com.quikr&preqs=2&scroll_index=-1&seq_num=5&target_api=23 doc_mimetype=text/html name= doc_progress=1 doc_loaded=true child_ids=8,16
I/chromium( 3137): 
I/art     ( 3137): Background sticky concurrent mark sweep GC freed 119407(6MB) AllocSpace objects, 16(256KB) LOS objects, 7% free, 80MB/86MB, paused 2.301ms total 116.515ms
V/WindowManager(  654): Adding window Window{3a38e74d u0 com.quikr/com.google.android.gms.ads.AdActivity} at 5 of 10 (after Window{3ed018ac u0 com.quikr/com.quikr.ui.snbv2.SearchAndBrowseActivity})
D/AndroidRuntime( 3862): >>>>>> START com.android.internal.os.RuntimeInit uid 0 <<<<<<
D/AndroidRuntime( 3862): CheckJNI is OFF
W/linker  ( 3862): libhoudini.so has text relocations. This is wasting memory and prevents security hardening. Please fix.
E/memtrack( 3862): Couldn't load memtrack module (No such file or directory)
E/android.os.Debug( 3862): failed to load memtrack module: -2
D/AndroidRuntime( 3862): Calling main entry com.android.commands.wm.Wm
D/AndroidRuntime( 3862): Shutting down VM
W/EGL_emulation( 3137): eglSurfaceAttrib not implemented
W/OpenGLRenderer( 3137): Failed to set EGL_SWAP_BEHAVIOR on surface 0xd05c8c20, error=EGL_SUCCESS
I/chromium( 3137): [INFO:renderer_accessibility_complete.cc(227)] Accessibility event: layoutComplete on node id 3
I/chromium( 3137): id=3 rootWebArea FOCUSABLE READONLY VERTICAL (0, 0)-(412, 684) scroll_x=0 scroll_y=0 scroll_x_min=0 scroll_y_min=0 scroll_x_max=0 scroll_y_max=0 value= url=https://googleads.g.doubleclick.net/mads/gma?_activity_context=false&android_num_video_cache_tasks=0&caps=inlineVideo_interactiveVideo_mraid1_mraid2_sdkVideo_th_autoplay_mediation_av_transparentBackground_sdkAdmobApiForAds_di_aso_sfv_dinm_dim_nav_navc_dinmo_gcache&eid=318475406%2C318478939%2C318478658%2C318478235%2C318478496%2C318478606&format=interstitial_mb&heap_free=16706544&heap_max=268435456&heap_total=101865992&js=afma-sdk-a-v11746270.11746000.2&mr=274841441713880213%2C4634097332259726402%2C7327731340519720825%2C8471693118681263018%2C-1407726274403064590&msid=com.quikr&preqs=2&scroll_index=-1&seq_num=5&target_api=23#_activity_context=false&android_num_video_cache_tasks=0&caps=inlineVideo_interactiveVideo_mraid1_mraid2_sdkVideo_th_autoplay_mediation_av_transparentBackground_sdkAdmobApiForAds_di_aso_sfv_dinm_dim_nav_navc_dinmo_gcache&eid=318475406%252C318478939%252C318478658%252C318478235%252C318478496%252C318478606&format=interstitial_mb&heap_free=16706544&heap_max=268435456&heap_total=101865992&js=afma-sdk-a-v11746270.11746000.2&mr=274841441713880213%252C4634097332259726402%252C7327731340519720825%252C8471693118681263018%252C-1407726274403064590&msid=com.quikr&preqs=2&scroll_index=-1&seq_num=5&target_api=23 html_tag=#document doc_title= doc_url=https://googleads.g.doubleclick.net/mads/gma?_activity_context=false&android_num_video_cache_tasks=0&caps=inlineVideo_interactiveVideo_mraid1_mraid2_sdkVideo_th_autoplay_mediation_av_transparentBackground_sdkAdmobApiForAds_di_aso_sfv_dinm_dim_nav_navc_dinmo_gcache&eid=318475406%2C318478939%2C318478658%2C318478235%2C318478496%2C318478606&format=interstitial_mb&heap_free=16706544&heap_max=268435456&heap_total=101865992&js=afma-sdk-a-v11746270.11746000.2&mr=274841441713880213%2C4634097332259726402%2C7327731340519720825%2C8471693118681263018%2C-1407726274403064590&msid=com.quikr&preqs=2&scroll_index=-1&seq_num=5&target_api=23#_activity_context=false&android_num_video_cache_tasks=0&caps=inlineVideo_interactiveVideo_mraid1_mraid2_sdkVideo_th_autoplay_mediation_av_transparentBackground_sdkAdmobApiForAds_di_aso_sfv_dinm_dim_nav_navc_dinmo_gcache&eid=318475406%252C318478939%252C318478658%252C318478235%252C318478496%252C318478606&format=interstitial_mb&heap_free=16706544&heap_max=268435456&heap_total=101865992&js=afma-sdk-a-v11746270.11746000.2&mr=274841441713880213%252C4634097332259726402%252C7327731340519720825%252C8471693118681263018%252C-1407726274403064590&msid=com.quikr&preqs=2&scroll_index=-1&seq_num=5&target_api=23 doc_mimetype=text/html name= doc_progress=1 doc_loaded=true child_ids=8,16
I/chromium( 3137): 
W/Ads     ( 3137): Precache abort but no precache task running.
I/ExoPlayerImpl( 3137): Init 1.3.1
D/AndroidRuntime( 3885): >>>>>> START com.android.internal.os.RuntimeInit uid 0 <<<<<<
D/AndroidRuntime( 3885): CheckJNI is OFF
W/linker  ( 3885): libhoudini.so has text relocations. This is wasting memory and prevents security hardening. Please fix.
W/ActivityManager(  654): Activity pause timeout for ActivityRecord{126c47aa u0 com.quikr/com.google.android.gms.ads.AdActivity t239 f}
E/memtrack( 3885): Couldn't load memtrack module (No such file or directory)
E/android.os.Debug( 3885): failed to load memtrack module: -2
D/AndroidRuntime( 3885): Calling main entry com.android.commands.pm.Pm
I/art     ( 3885): System.exit called, status: 0
I/AndroidRuntime( 3885): VM exiting with result code 0.
D/AndroidRuntime( 3900): >>>>>> START com.android.internal.os.RuntimeInit uid 0 <<<<<<
D/AndroidRuntime( 3900): CheckJNI is OFF
W/linker  ( 3900): libhoudini.so has text relocations. This is wasting memory and prevents security hardening. Please fix.
E/memtrack( 3900): Couldn't load memtrack module (No such file or directory)
E/android.os.Debug( 3900): failed to load memtrack module: -2
D/AndroidRuntime( 3900): Calling main entry com.android.commands.am.Am
E/chromium( 3137): [ERROR:buffer_manager.cc(313)] [.Parent-Compositor-0xd05ed780]GL ERROR :GL_INVALID_OPERATION : glBufferData: <- error from previous GL command
W/art     (  654): Long monitor contention event with owner method=void com.android.server.am.ActivityStack$ActivityStackHandler.handleMessage(android.os.Message) from ActivityStack.java:273 waiters=0 for 302ms
I/ActivityManager(  654): Force stopping com.quikr appid=10216 user=0: from pid 3900
I/ActivityManager(  654): Killing 3137:com.quikr/u0a216 (adj 0): stop com.quikr
W/libprocessgroup(  654): failed to open /acct/uid_10216/pid_3137/cgroup.procs: No such file or directory
W/ActivityManager(  654): Scheduling restart of crashed service com.quikr/.services.ClearFromStack in 1000ms
W/ActivityManager(  654): Force removing ActivityRecord{3da3c068 u0 com.quikr/.ui.snbv2.SearchAndBrowseActivity t239}: app died, no saved state
I/ActivityManager(  654):   Force finishing activity 3 ActivityRecord{3108b722 u0 com.quikr/.homepage.helper.HomePageActivity_new t239}
D/AndroidRuntime( 3900): Shutting down VM
W/InputDispatcher(  654): channel '2f42f9e7 com.quikr/com.quikr.homepage.helper.HomePageActivity_new (server)' ~ Consumer closed input channel or an error occurred.  events=0x9
E/InputDispatcher(  654): channel '2f42f9e7 com.quikr/com.quikr.homepage.helper.HomePageActivity_new (server)' ~ Channel is unrecoverably broken and will be disposed!
E/WindowState(  654): getStack: Window{2f42f9e7 u0 com.quikr/com.quikr.homepage.helper.HomePageActivity_new} couldn't find taskId=239 Callers=com.android.server.wm.WindowManagerService.performLayoutAndPlaceSurfacesLockedInner:9750 com.android.server.wm.WindowManagerService.performLayoutAndPlaceSurfacesLockedLoop:8789 com.android.server.wm.WindowManagerService.performLayoutAndPlaceSurfacesLocked:8731 com.android.server.wm.WindowManagerService.relayoutWindow:3266 
E/WindowState(  654): getStack: Window{2f42f9e7 u0 com.quikr/com.quikr.homepage.helper.HomePageActivity_new} couldn't find taskId=239 Callers=com.android.server.wm.WindowState.getDisplayContent:782 com.android.server.wm.WindowState.getDisplayId:787 com.android.server.wm.InputMonitor.updateInputWindowsLw:294 com.android.server.wm.WindowManagerService.performLayoutAndPlaceSurfacesLockedInner:10089 
E/WindowState(  654): getStack: Window{2f42f9e7 u0 com.quikr/com.quikr.homepage.helper.HomePageActivity_new} couldn't find taskId=239 Callers=com.android.server.wm.WindowState.getStackBounds:812 com.android.server.wm.InputMonitor.addInputWindowHandleLw:180 com.android.server.wm.InputMonitor.updateInputWindowsLw:313 com.android.server.wm.WindowManagerService.performLayoutAndPlaceSurfacesLockedInner:10089 
E/WindowState(  654): getStack: Window{2f42f9e7 u0 com.quikr/com.quikr.homepage.helper.HomePageActivity_new} couldn't find taskId=239 Callers=com.android.server.wm.DisplayContent.setTouchExcludeRegion:237 com.android.server.wm.WindowManagerService.setFocusedStackFrame:3994 com.android.server.wm.WindowManagerService.performLayoutAndPlaceSurfacesLockedInner:10165 com.android.server.wm.WindowManagerService.performLayoutAndPlaceSurfacesLockedLoop:8789 
E/WindowState(  654): getStack: Window{2f42f9e7 u0 com.quikr/com.quikr.homepage.helper.HomePageActivity_new} couldn't find taskId=239 Callers=com.android.server.wm.WindowState.getDisplayContent:782 com.android.server.wm.WindowState.getDisplayId:787 com.android.server.wm.InputMonitor.updateInputWindowsLw:294 com.android.server.wm.WindowManagerService.relayoutWindow:3297 
E/WindowState(  654): getStack: Window{2f42f9e7 u0 com.quikr/com.quikr.homepage.helper.HomePageActivity_new} couldn't find taskId=239 Callers=com.android.server.wm.WindowState.getStackBounds:812 com.android.server.wm.InputMonitor.addInputWindowHandleLw:180 com.android.server.wm.InputMonitor.updateInputWindowsLw:313 com.android.server.wm.WindowManagerService.relayoutWindow:3297 
E/WindowState(  654): getStack: Window{2f42f9e7 u0 com.quikr/com.quikr.homepage.helper.HomePageActivity_new} couldn't find taskId=239 Callers=com.android.server.wm.WindowManagerService.assignLayersLocked:8705 com.android.server.wm.WindowManagerService.removeWindowInnerLocked:2778 com.android.server.wm.WindowManagerService.removeWindowLocked:2675 com.android.server.wm.WindowManagerService.removeWindow:2597 
E/WindowState(  654): getStack: Window{2f42f9e7 u0 com.quikr/com.quikr.homepage.helper.HomePageActivity_new} couldn't find taskId=239 Callers=com.android.server.wm.WindowManagerService.performLayoutAndPlaceSurfacesLockedInner:9750 com.android.server.wm.WindowManagerService.performLayoutAndPlaceSurfacesLockedLoop:8789 com.android.server.wm.WindowManagerService.performLayoutAndPlaceSurfacesLocked:8731 com.android.server.wm.WindowManagerService.removeWindowInnerLocked:2783 
E/WindowState(  654): getStack: Window{2f42f9e7 u0 com.quikr/com.quikr.homepage.helper.HomePageActivity_new} couldn't find taskId=239 Callers=com.android.server.wm.WindowState.getDisplayContent:782 com.android.server.wm.WindowState.getDisplayId:787 com.android.server.wm.InputMonitor.updateInputWindowsLw:294 com.android.server.wm.WindowManagerService.performLayoutAndPlaceSurfacesLockedInner:10089 
E/WindowState(  654): getStack: Window{2f42f9e7 u0 com.quikr/com.quikr.homepage.helper.HomePageActivity_new} couldn't find taskId=239 Callers=com.android.server.wm.WindowState.getStackBounds:812 com.android.server.wm.InputMonitor.addInputWindowHandleLw:180 com.android.server.wm.InputMonitor.updateInputWindowsLw:313 com.android.server.wm.WindowManagerService.performLayoutAndPlaceSurfacesLockedInner:10089 
E/WindowState(  654): getStack: Window{2f42f9e7 u0 com.quikr/com.quikr.homepage.helper.HomePageActivity_new} couldn't find taskId=239 Callers=com.android.server.wm.DisplayContent.setTouchExcludeRegion:237 com.android.server.wm.WindowManagerService.setFocusedStackFrame:3994 com.android.server.wm.WindowManagerService.performLayoutAndPlaceSurfacesLockedInner:10165 com.android.server.wm.WindowManagerService.performLayoutAndPlaceSurfacesLockedLoop:8789 
E/WindowState(  654): getStack: Window{2f42f9e7 u0 com.quikr/com.quikr.homepage.helper.HomePageActivity_new} couldn't find taskId=239 Callers=com.android.server.wm.WindowState.getDisplayContent:782 com.android.server.wm.WindowState.getDisplayId:787 com.android.server.wm.InputMonitor.updateInputWindowsLw:294 com.android.server.wm.WindowManagerService.removeWindowInnerLocked:2790 
E/WindowState(  654): getStack: Window{2f42f9e7 u0 com.quikr/com.quikr.homepage.helper.HomePageActivity_new} couldn't find taskId=239 Callers=com.android.server.wm.WindowState.getStackBounds:812 com.android.server.wm.InputMonitor.addInputWindowHandleLw:180 com.android.server.wm.InputMonitor.updateInputWindowsLw:313 com.android.server.wm.WindowManagerService.removeWindowInnerLocked:2790 
I/WindowState(  654): WIN DEATH: Window{2f42f9e7 u0 com.quikr/com.quikr.homepage.helper.HomePageActivity_new}
W/InputDispatcher(  654): Attempted to unregister already unregistered input channel '2f42f9e7 com.quikr/com.quikr.homepage.helper.HomePageActivity_new (server)'
